Archive member included to satisfy reference by file (symbol)

/opt/devkitpro/libctru/lib/libcitro3d.a(base.o)
                              main.o (C3D_Init)
/opt/devkitpro/libctru/lib/libcitro3d.a(renderqueue.o)
                              /opt/devkitpro/libctru/lib/libcitro3d.a(base.o) (C3Di_RenderQueueEnableVBlank)
/opt/devkitpro/libctru/lib/libcitro3d.a(texture.o)
                              /opt/devkitpro/libctru/lib/libcitro3d.a(base.o) (C3Di_SetTex)
/opt/devkitpro/libctru/lib/libcitro3d.a(framebuffer.o)
                              /opt/devkitpro/libctru/lib/libcitro3d.a(renderqueue.o) (C3D_CalcColorBufSize)
/opt/devkitpro/libctru/lib/libcitro3d.a(texenv.o)
                              /opt/devkitpro/libctru/lib/libcitro3d.a(base.o) (C3Di_TexEnvBind)
/opt/devkitpro/libctru/lib/libcitro3d.a(buffers.o)
                              setup.o (BufInfo_Init)
/opt/devkitpro/libctru/lib/libcitro3d.a(drawArrays.o)
                              subfolder.o (C3D_DrawArrays)
/opt/devkitpro/libctru/lib/libcitro3d.a(effect.o)
                              /opt/devkitpro/libctru/lib/libcitro3d.a(base.o) (C3D_DepthMap)
/opt/devkitpro/libctru/lib/libcitro3d.a(attribs.o)
                              setup.o (AttrInfo_Init)
/opt/devkitpro/libctru/lib/libcitro3d.a(immediate.o)
                              /opt/devkitpro/libctru/lib/libcitro3d.a(base.o) (C3D_ImmSendAttrib)
/opt/devkitpro/libctru/lib/libcitro3d.a(uniforms.o)
                              /opt/devkitpro/libctru/lib/libcitro3d.a(base.o) (C3D_UpdateUniforms)
/opt/devkitpro/libctru/lib/libcitro3d.a(mtx_persptilt.o)
                              updatestate.o (Mtx_PerspTilt)
/opt/devkitpro/libctru/lib/libcitro3d.a(mtx_translate.o)
                              subfolder.o (Mtx_Translate)
/opt/devkitpro/libctru/lib/libctru.a(vram.o)
                              /opt/devkitpro/libctru/lib/libcitro3d.a(renderqueue.o) (vramAlloc)
/opt/devkitpro/libctru/lib/libctru.a(linear.o)
                              setup.o (linearAlloc)
/opt/devkitpro/libctru/lib/libctru.a(mem_pool.o)
                              /opt/devkitpro/libctru/lib/libctru.a(vram.o) (MemPool::Allocate(MemChunk&, unsigned long, int))
/opt/devkitpro/libctru/lib/libctru.a(os.o)
                              /opt/devkitpro/libctru/lib/libcitro3d.a(texture.o) (osConvertVirtToPhys)
/opt/devkitpro/libctru/lib/libctru.a(console.o)
                              main.o (consoleInit)
/opt/devkitpro/libctru/lib/libctru.a(gfx.o)
                              /opt/devkitpro/libctru/lib/libctru.a(console.o) (gfxIsWide)
/opt/devkitpro/libctru/lib/libctru.a(shaderProgram.o)
                              setup.o (shaderInstanceGetUniformLocation)
/opt/devkitpro/libctru/lib/libctru.a(shbin.o)
                              setup.o (DVLB_ParseFile)
/opt/devkitpro/libctru/lib/libctru.a(gx.o)
                              /opt/devkitpro/libctru/lib/libcitro3d.a(renderqueue.o) (GX_BindQueue)
/opt/devkitpro/libctru/lib/libctru.a(gxqueue.o)
                              /opt/devkitpro/libctru/lib/libcitro3d.a(renderqueue.o) (gxCmdQueueClear)
/opt/devkitpro/libctru/lib/libctru.a(gpu.o)
                              /opt/devkitpro/libctru/lib/libcitro3d.a(base.o) (GPUCMD_Add)
/opt/devkitpro/libctru/lib/libctru.a(gspgpu.o)
                              /opt/devkitpro/libctru/lib/libctru.a(gfx.o) (gspInit)
/opt/devkitpro/libctru/lib/libctru.a(apt.o)
                              /opt/devkitpro/libctru/lib/libcitro3d.a(base.o) (aptHook)
/opt/devkitpro/libctru/lib/libctru.a(hid.o)
                              main.o (hidScanInput)
/opt/devkitpro/libctru/lib/libctru.a(ptmsysm.o)
                              /opt/devkitpro/libctru/lib/libctru.a(os.o) (ptmSysmInit)
/opt/devkitpro/libctru/lib/libctru.a(rbtree_init.o)
                              /opt/devkitpro/libctru/lib/libctru.a(vram.o) (rbtree_init)
/opt/devkitpro/libctru/lib/libctru.a(rbtree_insert.o)
                              /opt/devkitpro/libctru/lib/libctru.a(vram.o) (rbtree_insert)
/opt/devkitpro/libctru/lib/libctru.a(rbtree_rotate.o)
                              /opt/devkitpro/libctru/lib/libctru.a(rbtree_insert.o) (rbtree_rotate)
/opt/devkitpro/libctru/lib/libctru.a(rbtree_remove.o)
                              /opt/devkitpro/libctru/lib/libctru.a(vram.o) (rbtree_remove)
/opt/devkitpro/libctru/lib/libctru.a(rbtree_find.o)
                              /opt/devkitpro/libctru/lib/libctru.a(vram.o) (rbtree_find)
/opt/devkitpro/libctru/lib/libctru.a(allocateHeaps.o)
                              /opt/devkitpro/libctru/lib/libcitro3d.a(renderqueue.o) (__ctru_linear_heap_size)
/opt/devkitpro/libctru/lib/libctru.a(ctru_init.o)
                              /opt/devkitpro/libctru/lib/libctru.a(apt.o) (__system_retAddr)
/opt/devkitpro/libctru/lib/libctru.a(initArgv.o)
                              /opt/devkitpro/libctru/lib/libctru.a(ctru_init.o) (__system_initArgv)
/opt/devkitpro/libctru/lib/libctru.a(svc.o)
[...]
Memory Configuration

Name             Origin             Length             Attributes
*default*        0x0000000000000000 0xffffffffffffffff

Linker script and memory map

                0x0000000000100000                PROVIDE (__start__ = 0x100000)
                0x0000000000100000                . = __start__

.text           0x0000000000100000    0x26f54
 *(.crt0)
 .crt0          0x0000000000100000       0x94 /opt/devkitpro/devkitARM/bin/../lib/gcc/arm-none-eabi/10.2.0/../../../../arm-none-eabi/lib/armv6k/fpu/3dsx_crt0.o
                0x0000000000100000                _start
                0x0000000000100008                __service_ptr
                0x000000000010000c                __apt_appid
                0x0000000000100010                __heap_size
                0x0000000000100014                __linear_heap_size
                0x0000000000100018                __system_arglist
                0x000000000010001c                __system_runflags
 *(.init)
 .init          0x0000000000100094        0xc /opt/devkitpro/devkitARM/bin/../lib/gcc/arm-none-eabi/10.2.0/armv6k/fpu/crti.o
                0x0000000000100094                _init
 .init          0x00000000001000a0        0xc /opt/devkitpro/devkitARM/bin/../lib/gcc/arm-none-eabi/10.2.0/armv6k/fpu/crtn.o
                0x00000000001000ac                . = ALIGN (0x4)
 *(.text)
 .text          0x00000000001000ac      0x240 /opt/devkitpro/devkitARM/bin/../lib/gcc/arm-none-eabi/10.2.0/armv6k/fpu/libgcc.a(_divsi3.o)
                0x00000000001000ac                __aeabi_idiv
                0x00000000001000ac                __divsi3
                0x00000000001002cc                __aeabi_idivmod
 .text          0x00000000001002ec        0x4 /opt/devkitpro/devkitARM/bin/../lib/gcc/arm-none-eabi/10.2.0/armv6k/fpu/libgcc.a(_dvmd_tls.o)
                0x00000000001002ec                __aeabi_ldiv0
                0x00000000001002ec                __aeabi_idiv0
 .text          0x00000000001002f0       0xd4 /opt/devkitpro/devkitARM/bin/../lib/gcc/arm-none-eabi/10.2.0/armv6k/fpu/libgcc.a(_aeabi_ldivmod.o)
                0x00000000001002f0                __aeabi_ldivmod
 .text          0x00000000001003c4       0x3c /opt/devkitpro/devkitARM/bin/../lib/gcc/arm-none-eabi/10.2.0/armv6k/fpu/libgcc.a(_aeabi_uldivmod.o)
                0x00000000001003c4                __aeabi_uldivmod
 .text          0x0000000000100400      0x390 /opt/devkitpro/devkitARM/bin/../lib/gcc/arm-none-eabi/10.2.0/../../../../arm-none-eabi/lib/armv6k/fpu/libg.a(lib_a-strcmp.o)
                0x0000000000100408                strcmp
 .text          0x0000000000100790      0x20c /opt/devkitpro/devkitARM/bin/../lib/gcc/arm-none-eabi/10.2.0/armv6k/fpu/libgcc.a(_udivsi3.o)
                0x0000000000100790                __udivsi3
                0x0000000000100790                __aeabi_uidiv
                0x000000000010097c                __aeabi_uidivmod
 .text          0x000000000010099c      0x3c0 /opt/devkitpro/devkitARM/bin/../lib/gcc/arm-none-eabi/10.2.0/armv6k/fpu/libgcc.a(_arm_addsubdf3.o)
                0x000000000010099c                __aeabi_drsub
                0x00000000001009a4                __aeabi_dsub
                0x00000000001009a4                __subdf3
                0x00000000001009a8                __adddf3
                0x00000000001009a8                __aeabi_dadd
                0x0000000000100c54                __aeabi_ui2d
                0x0000000000100c54                __floatunsidf
                0x0000000000100c78                __floatsidf
                0x0000000000100c78                __aeabi_i2d
                0x0000000000100ca0                __extendsfdf2
                0x0000000000100ca0                __aeabi_f2d
                0x0000000000100ce8                __aeabi_ul2d
                0x0000000000100ce8                __floatundidf
                0x0000000000100cfc                __floatdidf
                0x0000000000100cfc                __aeabi_l2d
 *(.text.*)
 .text.__do_global_dtors_aux
                0x0000000000100d5c       0x40 /opt/devkitpro/devkitARM/bin/../lib/gcc/arm-none-eabi/10.2.0/armv6k/fpu/crtbegin.o
 .text.frame_dummy
                0x0000000000100d9c       0x2c /opt/devkitpro/devkitARM/bin/../lib/gcc/arm-none-eabi/10.2.0/armv6k/fpu/crtbegin.o
 .text.createFolders
                0x0000000000100dc8       0x54 setup.o
                0x0000000000100dc8                createFolders
 *fill*         0x0000000000100e1c        0x4 
 .text.setupBuffs
                0x0000000000100e20       0xf0 setup.o
                0x0000000000100e20                setupBuffs
 .text.sceneExit
                0x0000000000100f10       0x28 setup.o
                0x0000000000100f10                sceneExit
 .text.updateState
                0x0000000000100f38      0x3a0 updatestate.o
                0x0000000000100f38                updateState
 .text.subDisplay
                0x00000000001012d8      0x17c subfolder.o
                0x00000000001012d8                subDisplay
 .text.addfolder
                0x0000000000101454       0x88 foldcreation.o
                0x0000000000101454                addfolder
 .text.addfolderhead
                0x00000000001014dc       0x60 foldcreation.o
                0x00000000001014dc                addfolderhead
 .text.startup.main
                0x000000000010153c       0xe4 main.o
                0x000000000010153c                main
 .text.mainDisplay
                0x0000000000101620      0x158 mainfolder.o
                0x0000000000101620                mainDisplay
 .text.C3Di_LightEnvUpdate
                0x0000000000101778        0x4 /opt/devkitpro/libctru/lib/libcitro3d.a(base.o)
                0x0000000000101778                C3Di_LightEnvUpdate
 .text.C3Di_LightEnvDirty
                0x000000000010177c        0x4 /opt/devkitpro/libctru/lib/libcitro3d.a(base.o)
                0x000000000010177c                C3Di_LightEnvDirty
 .text.C3Di_ProcTexUpdate
                0x0000000000101780        0x4 /opt/devkitpro/libctru/lib/libcitro3d.a(base.o)
                0x0000000000101780                C3Di_ProcTexUpdate
 .text.C3Di_ProcTexDirty
                0x0000000000101784        0x4 /opt/devkitpro/libctru/lib/libcitro3d.a(base.o)
                0x0000000000101784                C3Di_ProcTexDirty
 .text.C3Di_AptEventHook
                0x0000000000101788       0xb4 /opt/devkitpro/libctru/lib/libcitro3d.a(base.o)
 .text.C3Di_GasUpdate
                0x000000000010183c        0x4 /opt/devkitpro/libctru/lib/libcitro3d.a(base.o)
                0x000000000010183c                C3Di_GasUpdate
 .text.C3D_Init
                0x0000000000101840      0x1e0 /opt/devkitpro/libctru/lib/libcitro3d.a(base.o)
                0x0000000000101840                C3D_Init
 .text.C3D_SetViewport
                0x0000000000101a20       0x98 /opt/devkitpro/libctru/lib/libcitro3d.a(base.o)
                0x0000000000101a20                C3D_SetViewport
 .text.C3Di_UpdateContext
                0x0000000000101ab8      0x4ec /opt/devkitpro/libctru/lib/libcitro3d.a(base.o)
                0x0000000000101ab8                C3Di_UpdateContext
 .text.C3Di_SplitFrame
                0x0000000000101fa4       0xe0 /opt/devkitpro/libctru/lib/libcitro3d.a(base.o)
                0x0000000000101fa4                C3Di_SplitFrame
 .text.C3D_Fini
                0x0000000000102084       0x44 /opt/devkitpro/libctru/lib/libcitro3d.a(base.o)
                0x0000000000102084                C3D_Fini
 .text.C3D_BindProgram
                0x00000000001020c8      0x108 /opt/devkitpro/libctru/lib/libcitro3d.a(base.o)
                0x00000000001020c8                C3D_BindProgram
 .text.onVBlank0
                0x00000000001021d0       0x4c /opt/devkitpro/libctru/lib/libcitro3d.a(renderqueue.o)
 .text.onVBlank1
                0x000000000010221c       0x4c /opt/devkitpro/libctru/lib/libcitro3d.a(renderqueue.o)
 .text.C3Di_RenderTargetDestroy
                0x0000000000102268       0x80 /opt/devkitpro/libctru/lib/libcitro3d.a(renderqueue.o)
 .text.onQueueFinish
                0x00000000001022e8       0xf4 /opt/devkitpro/libctru/lib/libcitro3d.a(renderqueue.o)
 .text.C3Di_RenderQueueEnableVBlank
                0x00000000001023dc       0x38 /opt/devkitpro/libctru/lib/libcitro3d.a(renderqueue.o)
                0x00000000001023dc                C3Di_RenderQueueEnableVBlank
 .text.C3Di_RenderQueueDisableVBlank
                0x0000000000102414       0x30 /opt/devkitpro/libctru/lib/libcitro3d.a(renderqueue.o)
                0x0000000000102414                C3Di_RenderQueueDisableVBlank
 .text.C3Di_RenderQueueInit
                0x0000000000102444       0x60 /opt/devkitpro/libctru/lib/libcitro3d.a(renderqueue.o)
                0x0000000000102444                C3Di_RenderQueueInit
 .text.C3Di_RenderQueueExit
                0x00000000001024a4       0xb0 /opt/devkitpro/libctru/lib/libcitro3d.a(renderqueue.o)
                0x00000000001024a4                C3Di_RenderQueueExit
 .text.C3Di_RenderQueueWaitDone
                0x0000000000102554       0x34 /opt/devkitpro/libctru/lib/libcitro3d.a(renderqueue.o)
                0x0000000000102554                C3Di_RenderQueueWaitDone
 .text.C3D_FrameBegin
                0x0000000000102588       0xe4 /opt/devkitpro/libctru/lib/libcitro3d.a(renderqueue.o)
                0x0000000000102588                C3D_FrameBegin
 .text.C3D_FrameDrawOn
                0x000000000010266c       0x48 /opt/devkitpro/libctru/lib/libcitro3d.a(renderqueue.o)
                0x000000000010266c                C3D_FrameDrawOn
 .text.C3D_FrameEnd
                0x00000000001026b4      0x1d8 /opt/devkitpro/libctru/lib/libcitro3d.a(renderqueue.o)
                0x00000000001026b4                C3D_FrameEnd
 .text.C3D_RenderTargetCreate
                0x000000000010288c      0x128 /opt/devkitpro/libctru/lib/libcitro3d.a(renderqueue.o)
                0x000000000010288c                C3D_RenderTargetCreate
 .text.C3D_RenderTargetSetOutput
                0x00000000001029b4       0xa8 /opt/devkitpro/libctru/lib/libcitro3d.a(renderqueue.o)
                0x00000000001029b4                C3D_RenderTargetSetOutput
 .text.C3Di_SetTex
                0x0000000000102a5c      0x16c /opt/devkitpro/libctru/lib/libcitro3d.a(texture.o)
                0x0000000000102a5c                C3Di_SetTex
 .text.C3D_CalcColorBufSize
                0x0000000000102bc8       0x1c /opt/devkitpro/libctru/lib/libcitro3d.a(framebuffer.o)
                0x0000000000102bc8                C3D_CalcColorBufSize
 .text.C3D_CalcDepthBufSize
                0x0000000000102be4       0x1c /opt/devkitpro/libctru/lib/libcitro3d.a(framebuffer.o)
                0x0000000000102be4                C3D_CalcDepthBufSize
 .text.C3D_SetFrameBuf
                0x0000000000102c00       0x44 /opt/devkitpro/libctru/lib/libcitro3d.a(framebuffer.o)
                0x0000000000102c00                C3D_SetFrameBuf
 .text.C3Di_FrameBufBind
                0x0000000000102c44      0x16c /opt/devkitpro/libctru/lib/libcitro3d.a(framebuffer.o)
                0x0000000000102c44                C3Di_FrameBufBind
 .text.C3D_FrameBufClear
                0x0000000000102db0       0xcc /opt/devkitpro/libctru/lib/libcitro3d.a(framebuffer.o)
                0x0000000000102db0                C3D_FrameBufClear
 .text.C3D_FrameBufTransfer
                0x0000000000102e7c       0x44 /opt/devkitpro/libctru/lib/libcitro3d.a(framebuffer.o)
                0x0000000000102e7c                C3D_FrameBufTransfer
 .text.C3Di_TexEnvBind
                0x0000000000102ec0       0x24 /opt/devkitpro/libctru/lib/libcitro3d.a(texenv.o)
                0x0000000000102ec0                C3Di_TexEnvBind
 .text.BufInfo_Init
                0x0000000000102ee4       0x24 /opt/devkitpro/libctru/lib/libcitro3d.a(buffers.o)
                0x0000000000102ee4                BufInfo_Init
 .text.BufInfo_Add
                0x0000000000102f08       0x80 /opt/devkitpro/libctru/lib/libcitro3d.a(buffers.o)
                0x0000000000102f08                BufInfo_Add
 .text.C3D_GetBufInfo
                0x0000000000102f88       0x20 /opt/devkitpro/libctru/lib/libcitro3d.a(buffers.o)
                0x0000000000102f88                C3D_GetBufInfo
 .text.C3Di_BufInfoBind
                0x0000000000102fa8       0x48 /opt/devkitpro/libctru/lib/libcitro3d.a(buffers.o)
                0x0000000000102fa8                C3Di_BufInfoBind
 .text.C3D_DrawArrays
                0x0000000000102ff0      0x148 /opt/devkitpro/libctru/lib/libcitro3d.a(drawArrays.o)
                0x0000000000102ff0                C3D_DrawArrays
 .text.C3D_DepthMap
                0x0000000000103138       0x40 /opt/devkitpro/libctru/lib/libcitro3d.a(effect.o)
                0x0000000000103138                C3D_DepthMap
 .text.C3D_CullFace
                0x0000000000103178       0x1c /opt/devkitpro/libctru/lib/libcitro3d.a(effect.o)
                0x0000000000103178                C3D_CullFace
 .text.C3D_StencilTest
                0x0000000000103194       0x40 /opt/devkitpro/libctru/lib/libcitro3d.a(effect.o)
                0x0000000000103194                C3D_StencilTest
 .text.C3D_StencilOp
                0x00000000001031d4       0x24 /opt/devkitpro/libctru/lib/libcitro3d.a(effect.o)
                0x00000000001031d4                C3D_StencilOp
 .text.C3D_BlendingColor
                0x00000000001031f8       0x1c /opt/devkitpro/libctru/lib/libcitro3d.a(effect.o)
                0x00000000001031f8                C3D_BlendingColor
 .text.C3D_EarlyDepthTest
                0x0000000000103214       0x24 /opt/devkitpro/libctru/lib/libcitro3d.a(effect.o)
                0x0000000000103214                C3D_EarlyDepthTest
 .text.C3D_DepthTest
                0x0000000000103238       0x2c /opt/devkitpro/libctru/lib/libcitro3d.a(effect.o)
                0x0000000000103238                C3D_DepthTest
 .text.C3D_AlphaTest
                0x0000000000103264       0x2c /opt/devkitpro/libctru/lib/libcitro3d.a(effect.o)
                0x0000000000103264                C3D_AlphaTest
 .text.C3D_AlphaBlend
                0x0000000000103290       0x50 /opt/devkitpro/libctru/lib/libcitro3d.a(effect.o)
                0x0000000000103290                C3D_AlphaBlend
 .text.C3D_FragOpMode
                0x00000000001032e0       0x30 /opt/devkitpro/libctru/lib/libcitro3d.a(effect.o)
                0x00000000001032e0                C3D_FragOpMode
 .text.C3D_FragOpShadow
                0x0000000000103310       0x44 /opt/devkitpro/libctru/lib/libcitro3d.a(effect.o)
                0x0000000000103310                C3D_FragOpShadow
 .text.C3Di_EffectBind
                0x0000000000103354      0x1ac /opt/devkitpro/libctru/lib/libcitro3d.a(effect.o)
                0x0000000000103354                C3Di_EffectBind
 .text.AttrInfo_Init
                0x0000000000103500       0x28 /opt/devkitpro/libctru/lib/libcitro3d.a(attribs.o)
                0x0000000000103500                AttrInfo_Init
 .text.AttrInfo_AddLoader
                0x0000000000103528       0x98 /opt/devkitpro/libctru/lib/libcitro3d.a(attribs.o)
                0x0000000000103528                AttrInfo_AddLoader
 .text.C3D_GetAttrInfo
                0x00000000001035c0       0x20 /opt/devkitpro/libctru/lib/libcitro3d.a(attribs.o)
                0x00000000001035c0                C3D_GetAttrInfo
 .text.C3Di_AttrInfoBind
                0x00000000001035e0       0x80 /opt/devkitpro/libctru/lib/libcitro3d.a(attribs.o)
                0x00000000001035e0                C3Di_AttrInfoBind
 .text.C3D_ImmSendAttrib
                0x0000000000103660       0xa8 /opt/devkitpro/libctru/lib/libcitro3d.a(immediate.o)
                0x0000000000103660                C3D_ImmSendAttrib
 .text.C3D_UpdateUniforms
                0x0000000000103708      0x29c /opt/devkitpro/libctru/lib/libcitro3d.a(uniforms.o)
                0x0000000000103708                C3D_UpdateUniforms
 .text.C3Di_DirtyUniforms
                0x00000000001039a4       0xc0 /opt/devkitpro/libctru/lib/libcitro3d.a(uniforms.o)
                0x00000000001039a4                C3Di_DirtyUniforms
 .text.C3Di_LoadShaderUniforms
                0x0000000000103a64       0xd8 /opt/devkitpro/libctru/lib/libcitro3d.a(uniforms.o)
                0x0000000000103a64                C3Di_LoadShaderUniforms
 .text.C3Di_ClearShaderUniforms
                0x0000000000103b3c       0x28 /opt/devkitpro/libctru/lib/libcitro3d.a(uniforms.o)
                0x0000000000103b3c                C3Di_ClearShaderUniforms
 .text.Mtx_PerspTilt
                0x0000000000103b64       0x94 /opt/devkitpro/libctru/lib/libcitro3d.a(mtx_persptilt.o)
                0x0000000000103b64                Mtx_PerspTilt
 .text.Mtx_Translate
                0x0000000000103bf8       0xa0 /opt/devkitpro/libctru/lib/libcitro3d.a(mtx_translate.o)
                0x0000000000103bf8                Mtx_Translate
 .text._ZL21addrMapNodeComparatorPK11rbtree_nodeS1_
                0x0000000000103c98       0x24 /opt/devkitpro/libctru/lib/libctru.a(vram.o)
 .text._ZL21addrMapNodeDestructorP11rbtree_node
                0x0000000000103cbc        0x4 /opt/devkitpro/libctru/lib/libctru.a(vram.o)
 .text.vramMemAlign
                0x0000000000103cc0      0x114 /opt/devkitpro/libctru/lib/libctru.a(vram.o)
                0x0000000000103cc0                vramMemAlign
 .text.vramAlloc
                0x0000000000103dd4        0x8 /opt/devkitpro/libctru/lib/libctru.a(vram.o)
                0x0000000000103dd4                vramAlloc
 .text.vramFree
                0x0000000000103ddc       0x5c /opt/devkitpro/libctru/lib/libctru.a(vram.o)
                0x0000000000103ddc                vramFree
 .text._ZL21addrMapNodeComparatorPK11rbtree_nodeS1_
                0x0000000000103e38       0x24 /opt/devkitpro/libctru/lib/libctru.a(linear.o)
 .text._ZL21addrMapNodeDestructorP11rbtree_node
                0x0000000000103e5c        0x4 /opt/devkitpro/libctru/lib/libctru.a(linear.o)
 .text.linearMemAlign
                0x0000000000103e60      0x120 /opt/devkitpro/libctru/lib/libctru.a(linear.o)
                0x0000000000103e60                linearMemAlign
 .text.linearAlloc
                0x0000000000103f80        0x8 /opt/devkitpro/libctru/lib/libctru.a(linear.o)
                0x0000000000103f80                linearAlloc
 .text.linearFree
                0x0000000000103f88       0x5c /opt/devkitpro/libctru/lib/libctru.a(linear.o)
                0x0000000000103f88                linearFree
 .text._ZN7MemPool13CoalesceRightEP8MemBlock
                0x0000000000103fe4       0x84 /opt/devkitpro/libctru/lib/libctru.a(mem_pool.o)
                0x0000000000103fe4                MemPool::CoalesceRight(MemBlock*)
 .text._ZN7MemPool8AllocateER8MemChunkmi
                0x0000000000104068      0x170 /opt/devkitpro/libctru/lib/libctru.a(mem_pool.o)
                0x0000000000104068                MemPool::Allocate(MemChunk&, unsigned long, int)
 .text._ZN7MemPool10DeallocateERK8MemChunk
                0x00000000001041d8       0xfc /opt/devkitpro/libctru/lib/libctru.a(mem_pool.o)
                0x00000000001041d8                MemPool::Deallocate(MemChunk const&)
 .text.osConvertVirtToPhys
                0x00000000001042d4       0x74 /opt/devkitpro/libctru/lib/libctru.a(os.o)
                0x00000000001042d4                osConvertVirtToPhys
 .text.osGetTimeRef
                0x0000000000104348       0x54 /opt/devkitpro/libctru/lib/libctru.a(os.o)
                0x0000000000104348                osGetTimeRef
 .text.osGetTime
                0x000000000010439c       0xe4 /opt/devkitpro/libctru/lib/libctru.a(os.o)
                0x000000000010439c                osGetTime
 .text.__libctru_gtod
                0x0000000000104480       0x74 /opt/devkitpro/libctru/lib/libctru.a(os.o)
                0x0000000000104480                __libctru_gtod
 .text.__ctru_speedup_config
                0x00000000001044f4       0x34 /opt/devkitpro/libctru/lib/libctru.a(os.o)
                0x00000000001044f4                __ctru_speedup_config
 .text.consoleDrawChar
                0x0000000000104528      0x178 /opt/devkitpro/libctru/lib/libctru.a(console.o)
                0x0000000000104528                consoleDrawChar
 .text.consolePrintChar
                0x00000000001046a0      0x124 /opt/devkitpro/libctru/lib/libctru.a(console.o)
                0x00000000001046a0                consolePrintChar
 .text.con_write
                0x00000000001047c4      0xa00 /opt/devkitpro/libctru/lib/libctru.a(console.o)
                0x00000000001047c4                con_write
 .text.consoleInit
                0x00000000001051c4      0x168 /opt/devkitpro/libctru/lib/libctru.a(console.o)
                0x00000000001051c4                consoleInit
 .text.newRow   0x000000000010532c       0xf4 /opt/devkitpro/libctru/lib/libctru.a(console.o)
 .text.gfxPresentFramebuffer
                0x0000000000105420       0xd0 /opt/devkitpro/libctru/lib/libctru.a(gfx.o)
 .text.gfxIsWide
                0x00000000001054f0       0x1c /opt/devkitpro/libctru/lib/libctru.a(gfx.o)
                0x00000000001054f0                gfxIsWide
 .text.gfxSetScreenFormat
                0x000000000010550c       0xec /opt/devkitpro/libctru/lib/libctru.a(gfx.o)
                0x000000000010550c                gfxSetScreenFormat
 .text.gfxSetDoubleBuffering
                0x00000000001055f8       0x10 /opt/devkitpro/libctru/lib/libctru.a(gfx.o)
                0x00000000001055f8                gfxSetDoubleBuffering
 .text.gfxInit  0x0000000000105608      0x108 /opt/devkitpro/libctru/lib/libctru.a(gfx.o)
                0x0000000000105608                gfxInit
 .text.gfxInitDefault
                0x0000000000105710       0x10 /opt/devkitpro/libctru/lib/libctru.a(gfx.o)
                0x0000000000105710                gfxInitDefault
 .text.gfxExit  0x0000000000105720       0xb4 /opt/devkitpro/libctru/lib/libctru.a(gfx.o)
                0x0000000000105720                gfxExit
 .text.gfxGetFramebuffer
                0x00000000001057d4       0xa0 /opt/devkitpro/libctru/lib/libctru.a(gfx.o)
                0x00000000001057d4                gfxGetFramebuffer
 .text.gfxFlushBuffers
                0x0000000000105874      0x10c /opt/devkitpro/libctru/lib/libctru.a(gfx.o)
                0x0000000000105874                gfxFlushBuffers
 .text.gfxScreenSwapBuffers
                0x0000000000105980       0x30 /opt/devkitpro/libctru/lib/libctru.a(gfx.o)
                0x0000000000105980                gfxScreenSwapBuffers
 .text.gfxSwapBuffersGpu
                0x00000000001059b0       0x50 /opt/devkitpro/libctru/lib/libctru.a(gfx.o)
                0x00000000001059b0                gfxSwapBuffersGpu
 .text.shaderInstanceInit
                0x0000000000105a00      0x1e0 /opt/devkitpro/libctru/lib/libctru.a(shaderProgram.o)
                0x0000000000105a00                shaderInstanceInit
 .text.shaderInstanceGetUniformLocation
                0x0000000000105be0       0x18 /opt/devkitpro/libctru/lib/libctru.a(shaderProgram.o)
                0x0000000000105be0                shaderInstanceGetUniformLocation
 .text.shaderProgramInit
                0x0000000000105bf8       0x1c /opt/devkitpro/libctru/lib/libctru.a(shaderProgram.o)
                0x0000000000105bf8                shaderProgramInit
 .text.shaderProgramFree
                0x0000000000105c14       0x64 /opt/devkitpro/libctru/lib/libctru.a(shaderProgram.o)
                0x0000000000105c14                shaderProgramFree
 .text.shaderProgramSetVsh
                0x0000000000105c78       0x80 /opt/devkitpro/libctru/lib/libctru.a(shaderProgram.o)
                0x0000000000105c78                shaderProgramSetVsh
 .text.shaderProgramConfigure
                0x0000000000105cf8      0x8c0 /opt/devkitpro/libctru/lib/libctru.a(shaderProgram.o)
                0x0000000000105cf8                shaderProgramConfigure
 .text.DVLE_GenerateOutmap.part.0
                0x00000000001065b8      0x1f8 /opt/devkitpro/libctru/lib/libctru.a(shbin.o)
 .text.DVLB_ParseFile
                0x00000000001067b0      0x1cc /opt/devkitpro/libctru/lib/libctru.a(shbin.o)
                0x00000000001067b0                DVLB_ParseFile
 .text.DVLB_Free
                0x000000000010697c       0x38 /opt/devkitpro/libctru/lib/libctru.a(shbin.o)
                0x000000000010697c                DVLB_Free
 .text.DVLE_GetUniformRegister
                0x00000000001069b4       0x74 /opt/devkitpro/libctru/lib/libctru.a(shbin.o)
                0x00000000001069b4                DVLE_GetUniformRegister
 .text.GX_BindQueue
                0x0000000000106a28       0x10 /opt/devkitpro/libctru/lib/libctru.a(gx.o)
                0x0000000000106a28                GX_BindQueue
 .text.GX_ProcessCommandList
                0x0000000000106a38       0x78 /opt/devkitpro/libctru/lib/libctru.a(gx.o)
                0x0000000000106a38                GX_ProcessCommandList
 .text.GX_MemoryFill
                0x0000000000106ab0       0x74 /opt/devkitpro/libctru/lib/libctru.a(gx.o)
                0x0000000000106ab0                GX_MemoryFill
 .text.GX_DisplayTransfer
                0x0000000000106b24       0x70 /opt/devkitpro/libctru/lib/libctru.a(gx.o)
                0x0000000000106b24                GX_DisplayTransfer
 .text.gxCmdQueueDoCommands.part.0
                0x0000000000106b94       0x68 /opt/devkitpro/libctru/lib/libctru.a(gxqueue.o)
 .text.gxCmdQueueInterrupt
                0x0000000000106bfc       0xc8 /opt/devkitpro/libctru/lib/libctru.a(gxqueue.o)
                0x0000000000106bfc                gxCmdQueueInterrupt
 .text.gxCmdQueueClear
                0x0000000000106cc4       0x4c /opt/devkitpro/libctru/lib/libctru.a(gxqueue.o)
                0x0000000000106cc4                gxCmdQueueClear
 .text.gxCmdQueueAdd
                0x0000000000106d10       0xf8 /opt/devkitpro/libctru/lib/libctru.a(gxqueue.o)
                0x0000000000106d10                gxCmdQueueAdd
 .text.gxCmdQueueRun
                0x0000000000106e08       0x80 /opt/devkitpro/libctru/lib/libctru.a(gxqueue.o)
                0x0000000000106e08                gxCmdQueueRun
 .text.gxCmdQueueStop
                0x0000000000106e88       0x60 /opt/devkitpro/libctru/lib/libctru.a(gxqueue.o)
                0x0000000000106e88                gxCmdQueueStop
 .text.gxCmdQueueWait
                0x0000000000106ee8       0x74 /opt/devkitpro/libctru/lib/libctru.a(gxqueue.o)
                0x0000000000106ee8                gxCmdQueueWait
 .text.GPUCMD_Add
                0x0000000000106f5c      0x13c /opt/devkitpro/libctru/lib/libctru.a(gpu.o)
                0x0000000000106f5c                GPUCMD_Add
 .text.GPUCMD_Split
                0x0000000000107098       0xac /opt/devkitpro/libctru/lib/libctru.a(gpu.o)
                0x0000000000107098                GPUCMD_Split
 .text.f32tof16
                0x0000000000107144       0x40 /opt/devkitpro/libctru/lib/libctru.a(gpu.o)
                0x0000000000107144                f32tof16
 .text.f32tof24
                0x0000000000107184       0x40 /opt/devkitpro/libctru/lib/libctru.a(gpu.o)
                0x0000000000107184                f32tof24
 .text.f32tof31
                0x00000000001071c4       0x44 /opt/devkitpro/libctru/lib/libctru.a(gpu.o)
                0x00000000001071c4                f32tof31
 .text.gspHardwareInit
                0x0000000000107208      0xc58 /opt/devkitpro/libctru/lib/libctru.a(gspgpu.o)
 .text.gspInit  0x0000000000107e60      0x254 /opt/devkitpro/libctru/lib/libctru.a(gspgpu.o)
                0x0000000000107e60                gspInit
 .text.gspExit  0x00000000001080b4       0xf0 /opt/devkitpro/libctru/lib/libctru.a(gspgpu.o)
                0x00000000001080b4                gspExit
 .text.gspHasGpuRight
                0x00000000001081a4       0x10 /opt/devkitpro/libctru/lib/libctru.a(gspgpu.o)
                0x00000000001081a4                gspHasGpuRight
 .text.gspPresentBuffer
                0x00000000001081b4       0x98 /opt/devkitpro/libctru/lib/libctru.a(gspgpu.o)
                0x00000000001081b4                gspPresentBuffer
 .text.gspSetEventCallback
                0x000000000010824c       0x30 /opt/devkitpro/libctru/lib/libctru.a(gspgpu.o)
                0x000000000010824c                gspSetEventCallback
 .text.gspWaitForEvent
                0x000000000010827c       0x50 /opt/devkitpro/libctru/lib/libctru.a(gspgpu.o)
                0x000000000010827c                gspWaitForEvent
 .text.gspWaitForAnyEvent
                0x00000000001082cc       0x4c /opt/devkitpro/libctru/lib/libctru.a(gspgpu.o)
                0x00000000001082cc                gspWaitForAnyEvent
 .text.gspEventThreadMain
                0x0000000000108318      0x160 /opt/devkitpro/libctru/lib/libctru.a(gspgpu.o)
 .text.gspSubmitGxCommand
                0x0000000000108478      0x130 /opt/devkitpro/libctru/lib/libctru.a(gspgpu.o)
                0x0000000000108478                gspSubmitGxCommand
 .text.GSPGPU_FlushDataCache
                0x00000000001085a8       0x50 /opt/devkitpro/libctru/lib/libctru.a(gspgpu.o)
                0x00000000001085a8                GSPGPU_FlushDataCache
 .text.GSPGPU_SetLcdForceBlack
                0x00000000001085f8       0x34 /opt/devkitpro/libctru/lib/libctru.a(gspgpu.o)
                0x00000000001085f8                GSPGPU_SetLcdForceBlack
 .text.GSPGPU_AcquireRight
                0x000000000010862c       0x68 /opt/devkitpro/libctru/lib/libctru.a(gspgpu.o)
                0x000000000010862c                GSPGPU_AcquireRight
 .text.GSPGPU_ReleaseRight
                0x0000000000108694       0x48 /opt/devkitpro/libctru/lib/libctru.a(gspgpu.o)
                0x0000000000108694                GSPGPU_ReleaseRight
 .text.GSPGPU_ImportDisplayCaptureInfo
                0x00000000001086dc       0x7c /opt/devkitpro/libctru/lib/libctru.a(gspgpu.o)
                0x00000000001086dc                GSPGPU_ImportDisplayCaptureInfo
 .text.GSPGPU_SaveVramSysArea
                0x0000000000108758       0x2c /opt/devkitpro/libctru/lib/libctru.a(gspgpu.o)
                0x0000000000108758                GSPGPU_SaveVramSysArea
 .text.GSPGPU_RestoreVramSysArea
                0x0000000000108784       0x2c /opt/devkitpro/libctru/lib/libctru.a(gspgpu.o)
                0x0000000000108784                GSPGPU_RestoreVramSysArea
 .text.aptConvertScreenForCapture
                0x00000000001087b0      0x1b0 /opt/devkitpro/libctru/lib/libctru.a(apt.o)
 .text.aptDspSleep
                0x0000000000108960        0x8 /opt/devkitpro/libctru/lib/libctru.a(apt.o)
                0x0000000000108960                aptDspSleep
 .text.aptDspWakeup
                0x0000000000108968        0x4 /opt/devkitpro/libctru/lib/libctru.a(apt.o)
                0x0000000000108968                aptDspWakeup
 .text.aptDspCancel
                0x000000000010896c        0x4 /opt/devkitpro/libctru/lib/libctru.a(apt.o)
                0x000000000010896c                aptDspCancel
 .text.aptSendCommand
                0x0000000000108970      0x15c /opt/devkitpro/libctru/lib/libctru.a(apt.o)
                0x0000000000108970                aptSendCommand
 .text.aptExitProcess
                0x0000000000108acc       0x38 /opt/devkitpro/libctru/lib/libctru.a(apt.o)
 .text.aptExit  0x0000000000108b04      0x2f0 /opt/devkitpro/libctru/lib/libctru.a(apt.o)
                0x0000000000108b04                aptExit
 .text.aptHandleSleep
                0x0000000000108df4       0xd8 /opt/devkitpro/libctru/lib/libctru.a(apt.o)
                0x0000000000108df4                aptHandleSleep
 .text.aptHook  0x0000000000108ecc       0x30 /opt/devkitpro/libctru/lib/libctru.a(apt.o)
                0x0000000000108ecc                aptHook
 .text.aptUnhook
                0x0000000000108efc       0x30 /opt/devkitpro/libctru/lib/libctru.a(apt.o)
                0x0000000000108efc                aptUnhook
 .text.APT_SleepIfShellClosed
                0x0000000000108f2c       0x84 /opt/devkitpro/libctru/lib/libctru.a(apt.o)
                0x0000000000108f2c                APT_SleepIfShellClosed
 .text.aptSetSleepAllowed
                0x0000000000108fb0       0x84 /opt/devkitpro/libctru/lib/libctru.a(apt.o)
                0x0000000000108fb0                aptSetSleepAllowed
 .text.APT_UnlockTransition
                0x0000000000109034       0x84 /opt/devkitpro/libctru/lib/libctru.a(apt.o)
                0x0000000000109034                APT_UnlockTransition
 .text.aptEventHandler
                0x00000000001090b8      0x484 /opt/devkitpro/libctru/lib/libctru.a(apt.o)
 .text.APT_ReceiveParameter
                0x000000000010953c       0xb0 /opt/devkitpro/libctru/lib/libctru.a(apt.o)
                0x000000000010953c                APT_ReceiveParameter
 .text.aptReceiveParameter.constprop.0
                0x00000000001095ec       0xb0 /opt/devkitpro/libctru/lib/libctru.a(apt.o)
 *fill*         0x000000000010969c        0x4 
 .text.aptScreenTransfer
                0x00000000001096a0      0x2bc /opt/devkitpro/libctru/lib/libctru.a(apt.o)
 .text.aptWaitForWakeUp.isra.0
                0x000000000010995c      0x2d0 /opt/devkitpro/libctru/lib/libctru.a(apt.o)
 .text.aptJumpToHomeMenu
                0x0000000000109c2c       0xf8 /opt/devkitpro/libctru/lib/libctru.a(apt.o)
                0x0000000000109c2c                aptJumpToHomeMenu
 .text.aptMainLoop
                0x0000000000109d24       0x4c /opt/devkitpro/libctru/lib/libctru.a(apt.o)
                0x0000000000109d24                aptMainLoop
 .text.aptInit  0x0000000000109d70      0x234 /opt/devkitpro/libctru/lib/libctru.a(apt.o)
                0x0000000000109d70                aptInit
 .text.APT_CheckNew3DS
                0x0000000000109fa4       0x7c /opt/devkitpro/libctru/lib/libctru.a(apt.o)
                0x0000000000109fa4                APT_CheckNew3DS
 .text.hidShouldUseIrrst
                0x000000000010a020       0x24 /opt/devkitpro/libctru/lib/libctru.a(hid.o)
                0x000000000010a020                hidShouldUseIrrst
 .text.hidInit  0x000000000010a044      0x18c /opt/devkitpro/libctru/lib/libctru.a(hid.o)
                0x000000000010a044                hidInit
 .text.hidExit  0x000000000010a1d0       0xe8 /opt/devkitpro/libctru/lib/libctru.a(hid.o)
                0x000000000010a1d0                hidExit
 .text.hidScanInput
                0x000000000010a2b8      0x294 /opt/devkitpro/libctru/lib/libctru.a(hid.o)
                0x000000000010a2b8                hidScanInput
 .text.hidKeysDown
                0x000000000010a54c       0x10 /opt/devkitpro/libctru/lib/libctru.a(hid.o)
                0x000000000010a54c                hidKeysDown
 .text.hidTouchRead
                0x000000000010a55c       0x18 /opt/devkitpro/libctru/lib/libctru.a(hid.o)
                0x000000000010a55c                hidTouchRead
 .text.ptmSysmInit
                0x000000000010a574       0x74 /opt/devkitpro/libctru/lib/libctru.a(ptmsysm.o)
                0x000000000010a574                ptmSysmInit
 .text.ptmSysmExit
                0x000000000010a5e8       0x3c /opt/devkitpro/libctru/lib/libctru.a(ptmsysm.o)
                0x000000000010a5e8                ptmSysmExit
 .text.PTMSYSM_ConfigureNew3DSCPU
                0x000000000010a624       0x34 /opt/devkitpro/libctru/lib/libctru.a(ptmsysm.o)
                0x000000000010a624                PTMSYSM_ConfigureNew3DSCPU
 .text.rbtree_init
                0x000000000010a658       0x10 /opt/devkitpro/libctru/lib/libctru.a(rbtree_init.o)
                0x000000000010a658                rbtree_init
 .text.do_insert
                0x000000000010a668      0x1a0 /opt/devkitpro/libctru/lib/libctru.a(rbtree_insert.o)
 .text.rbtree_insert
                0x000000000010a808        0x8 /opt/devkitpro/libctru/lib/libctru.a(rbtree_insert.o)
                0x000000000010a808                rbtree_insert
 .text.rbtree_rotate
                0x000000000010a810       0x90 /opt/devkitpro/libctru/lib/libctru.a(rbtree_rotate.o)
                0x000000000010a810                rbtree_rotate
 .text.rbtree_remove
                0x000000000010a8a0      0x338 /opt/devkitpro/libctru/lib/libctru.a(rbtree_remove.o)
                0x000000000010a8a0                rbtree_remove
 .text.rbtree_find
                0x000000000010abd8       0x74 /opt/devkitpro/libctru/lib/libctru.a(rbtree_find.o)
                0x000000000010abd8                rbtree_find
 *fill*         0x000000000010ac4c        0x4 
 .text.__system_allocateHeaps
                0x000000000010ac50      0x1e0 /opt/devkitpro/libctru/lib/libctru.a(allocateHeaps.o)
                0x000000000010ac50                __system_allocateHeaps
 .text.__libctru_init
                0x000000000010ae30       0x38 /opt/devkitpro/libctru/lib/libctru.a(ctru_init.o)
                0x000000000010ae30                __libctru_init
 .text.__system_initArgv
                0x000000000010ae68       0xf0 /opt/devkitpro/libctru/lib/libctru.a(initArgv.o)
                0x000000000010ae68                __system_initArgv
 .text.svcControlMemory
                0x000000000010af58       0x20 /opt/devkitpro/libctru/lib/libctru.a(svc.o)
                0x000000000010af58                svcControlMemory
 .text.svcQueryMemory
                0x000000000010af78       0x30 /opt/devkitpro/libctru/lib/libctru.a(svc.o)
                0x000000000010af78                svcQueryMemory
 .text.svcExitProcess
                0x000000000010afa8        0x8 /opt/devkitpro/libctru/lib/libctru.a(svc.o)
                0x000000000010afa8                svcExitProcess
 .text.svcCreateThread
                0x000000000010afb0       0x20 /opt/devkitpro/libctru/lib/libctru.a(svc.o)
                0x000000000010afb0                svcCreateThread
 .text.svcExitThread
                0x000000000010afd0        0x8 /opt/devkitpro/libctru/lib/libctru.a(svc.o)
                0x000000000010afd0                svcExitThread
 .text.svcSleepThread
                0x000000000010afd8        0x8 /opt/devkitpro/libctru/lib/libctru.a(svc.o)
                0x000000000010afd8                svcSleepThread
 .text.svcReleaseMutex
                0x000000000010afe0        0x8 /opt/devkitpro/libctru/lib/libctru.a(svc.o)
                0x000000000010afe0                svcReleaseMutex
 .text.svcCreateEvent
                0x000000000010afe8       0x14 /opt/devkitpro/libctru/lib/libctru.a(svc.o)
                0x000000000010afe8                svcCreateEvent
 .text.svcSignalEvent
                0x000000000010affc        0x8 /opt/devkitpro/libctru/lib/libctru.a(svc.o)
                0x000000000010affc                svcSignalEvent
 .text.svcClearEvent
                0x000000000010b004        0x8 /opt/devkitpro/libctru/lib/libctru.a(svc.o)
                0x000000000010b004                svcClearEvent
 .text.svcMapMemoryBlock
                0x000000000010b00c        0x8 /opt/devkitpro/libctru/lib/libctru.a(svc.o)
                0x000000000010b00c                svcMapMemoryBlock
 .text.svcUnmapMemoryBlock
                0x000000000010b014        0x8 /opt/devkitpro/libctru/lib/libctru.a(svc.o)
                0x000000000010b014                svcUnmapMemoryBlock
 .text.svcCreateAddressArbiter
                0x000000000010b01c       0x14 /opt/devkitpro/libctru/lib/libctru.a(svc.o)
                0x000000000010b01c                svcCreateAddressArbiter
 .text.svcArbitrateAddressNoTimeout
                0x000000000010b030        0x8 /opt/devkitpro/libctru/lib/libctru.a(svc.o)
                0x000000000010b030                svcArbitrateAddressNoTimeout
 .text.svcCloseHandle
                0x000000000010b038        0x8 /opt/devkitpro/libctru/lib/libctru.a(svc.o)
                0x000000000010b038                svcCloseHandle
 .text.svcWaitSynchronization
                0x000000000010b040        0x8 /opt/devkitpro/libctru/lib/libctru.a(svc.o)
                0x000000000010b040                svcWaitSynchronization
 .text.svcWaitSynchronizationN
                0x000000000010b048       0x28 /opt/devkitpro/libctru/lib/libctru.a(svc.o)
                0x000000000010b048                svcWaitSynchronizationN
 .text.svcDuplicateHandle
                0x000000000010b070       0x14 /opt/devkitpro/libctru/lib/libctru.a(svc.o)
                0x000000000010b070                svcDuplicateHandle
 .text.svcGetSystemTick
                0x000000000010b084        0x8 /opt/devkitpro/libctru/lib/libctru.a(svc.o)
                0x000000000010b084                svcGetSystemTick
 .text.svcConnectToPort
                0x000000000010b08c       0x14 /opt/devkitpro/libctru/lib/libctru.a(svc.o)
                0x000000000010b08c                svcConnectToPort
 .text.svcSendSyncRequest
                0x000000000010b0a0        0x8 /opt/devkitpro/libctru/lib/libctru.a(svc.o)
                0x000000000010b0a0                svcSendSyncRequest
 .text.svcGetResourceLimit
                0x000000000010b0a8       0x14 /opt/devkitpro/libctru/lib/libctru.a(svc.o)
                0x000000000010b0a8                svcGetResourceLimit
 .text.svcGetResourceLimitLimitValues
                0x000000000010b0bc        0x8 /opt/devkitpro/libctru/lib/libctru.a(svc.o)
                0x000000000010b0bc                svcGetResourceLimitLimitValues
 .text.svcGetResourceLimitCurrentValues
                0x000000000010b0c4        0x8 /opt/devkitpro/libctru/lib/libctru.a(svc.o)
                0x000000000010b0c4                svcGetResourceLimitCurrentValues
 .text.svcBreak
                0x000000000010b0cc        0x8 /opt/devkitpro/libctru/lib/libctru.a(svc.o)
                0x000000000010b0cc                svcBreak
 .text.initSystem
                0x000000000010b0d4       0x50 /opt/devkitpro/libctru/lib/libctru.a(stack_adjust.o)
                0x000000000010b0d4                initSystem
 .text.__ctru_exit
                0x000000000010b124       0x18 /opt/devkitpro/libctru/lib/libctru.a(stack_adjust.o)
                0x000000000010b124                __ctru_exit
 .text.__sync_init
                0x000000000010b13c        0xc /opt/devkitpro/libctru/lib/libctru.a(synchronization.o)
                0x000000000010b13c                __sync_init
 .text.__sync_fini
                0x000000000010b148       0x18 /opt/devkitpro/libctru/lib/libctru.a(synchronization.o)
                0x000000000010b148                __sync_fini
 .text.syncArbitrateAddress
                0x000000000010b160       0x2c /opt/devkitpro/libctru/lib/libctru.a(synchronization.o)
                0x000000000010b160                syncArbitrateAddress
 .text.LightLock_Init
                0x000000000010b18c       0x1c /opt/devkitpro/libctru/lib/libctru.a(synchronization.o)
                0x000000000010b18c                LightLock_Init
 .text.LightLock_Lock
                0x000000000010b1a8       0x94 /opt/devkitpro/libctru/lib/libctru.a(synchronization.o)
                0x000000000010b1a8                LightLock_Lock
 .text.LightLock_TryLock
                0x000000000010b23c       0x44 /opt/devkitpro/libctru/lib/libctru.a(synchronization.o)
                0x000000000010b23c                LightLock_TryLock
 .text.LightLock_Unlock
                0x000000000010b280       0x40 /opt/devkitpro/libctru/lib/libctru.a(synchronization.o)
                0x000000000010b280                LightLock_Unlock
 .text.RecursiveLock_Init
                0x000000000010b2c0       0x24 /opt/devkitpro/libctru/lib/libctru.a(synchronization.o)
                0x000000000010b2c0                RecursiveLock_Init
 .text.RecursiveLock_Lock
                0x000000000010b2e4       0x30 /opt/devkitpro/libctru/lib/libctru.a(synchronization.o)
                0x000000000010b2e4                RecursiveLock_Lock
 .text.RecursiveLock_TryLock
                0x000000000010b314       0x78 /opt/devkitpro/libctru/lib/libctru.a(synchronization.o)
                0x000000000010b314                RecursiveLock_TryLock
 .text.RecursiveLock_Unlock
                0x000000000010b38c       0x54 /opt/devkitpro/libctru/lib/libctru.a(synchronization.o)
                0x000000000010b38c                RecursiveLock_Unlock
 .text.LightEvent_Init
                0x000000000010b3e0       0x40 /opt/devkitpro/libctru/lib/libctru.a(synchronization.o)
                0x000000000010b3e0                LightEvent_Init
 .text.LightEvent_Clear
                0x000000000010b420       0xa4 /opt/devkitpro/libctru/lib/libctru.a(synchronization.o)
                0x000000000010b420                LightEvent_Clear
 .text.LightEvent_Signal
                0x000000000010b4c4       0xc8 /opt/devkitpro/libctru/lib/libctru.a(synchronization.o)
                0x000000000010b4c4                LightEvent_Signal
 .text.LightEvent_TryWait
                0x000000000010b58c       0x58 /opt/devkitpro/libctru/lib/libctru.a(synchronization.o)
                0x000000000010b58c                LightEvent_TryWait
 .text.LightEvent_Wait
                0x000000000010b5e4       0xb0 /opt/devkitpro/libctru/lib/libctru.a(synchronization.o)
                0x000000000010b5e4                LightEvent_Wait
 .text.srvInit  0x000000000010b694      0x124 /opt/devkitpro/libctru/lib/libctru.a(srv.o)
                0x000000000010b694                srvInit
 .text.srvExit  0x000000000010b7b8       0x58 /opt/devkitpro/libctru/lib/libctru.a(srv.o)
                0x000000000010b7b8                srvExit
 .text.srvGetServiceHandleDirect
                0x000000000010b810       0x80 /opt/devkitpro/libctru/lib/libctru.a(srv.o)
                0x000000000010b810                srvGetServiceHandleDirect
 .text.srvGetServiceHandle
                0x000000000010b890       0x48 /opt/devkitpro/libctru/lib/libctru.a(srv.o)
                0x000000000010b890                srvGetServiceHandle
 .text.srvPublishToSubscriber
                0x000000000010b8d8       0x38 /opt/devkitpro/libctru/lib/libctru.a(srv.o)
                0x000000000010b8d8                srvPublishToSubscriber
 .text.threadCreate
                0x000000000010b910      0x188 /opt/devkitpro/libctru/lib/libctru.a(thread.o)
                0x000000000010b910                threadCreate
 .text.threadFree
                0x000000000010ba98       0x2c /opt/devkitpro/libctru/lib/libctru.a(thread.o)
                0x000000000010ba98                threadFree
 .text.threadJoin
                0x000000000010bac4       0x24 /opt/devkitpro/libctru/lib/libctru.a(thread.o)
                0x000000000010bac4                threadJoin
 .text.threadGetCurrent
                0x000000000010bae8       0x30 /opt/devkitpro/libctru/lib/libctru.a(thread.o)
                0x000000000010bae8                threadGetCurrent
 .text.threadExit
                0x000000000010bb18       0x40 /opt/devkitpro/libctru/lib/libctru.a(thread.o)
                0x000000000010bb18                threadExit
 .text._thread_begin
                0x000000000010bb58       0x44 /opt/devkitpro/libctru/lib/libctru.a(thread.o)
 .text.mappableFindAddressWithin
                0x000000000010bb9c       0x94 /opt/devkitpro/libctru/lib/libctru.a(mappable.o)
 .text.mappableInit
                0x000000000010bc30       0x28 /opt/devkitpro/libctru/lib/libctru.a(mappable.o)
                0x000000000010bc30                mappableInit
 .text.mappableAlloc
                0x000000000010bc58       0x80 /opt/devkitpro/libctru/lib/libctru.a(mappable.o)
                0x000000000010bc58                mappableAlloc
 .text.mappableFree
                0x000000000010bcd8        0x4 /opt/devkitpro/libctru/lib/libctru.a(mappable.o)
                0x000000000010bcd8                mappableFree
 .text.irrstInit
                0x000000000010bcdc      0x160 /opt/devkitpro/libctru/lib/libctru.a(irrst.o)
                0x000000000010bcdc                irrstInit
 .text.irrstExit
                0x000000000010be3c       0xcc /opt/devkitpro/libctru/lib/libctru.a(irrst.o)
                0x000000000010be3c                irrstExit
 .text.irrstScanInput
                0x000000000010bf08       0xb0 /opt/devkitpro/libctru/lib/libctru.a(irrst.o)
                0x000000000010bf08                irrstScanInput
 .text.irrstKeysHeld
                0x000000000010bfb8       0x24 /opt/devkitpro/libctru/lib/libctru.a(irrst.o)
                0x000000000010bfb8                irrstKeysHeld
 .text.srvPmGetSessionHandle
                0x000000000010bfdc        0xc /opt/devkitpro/libctru/lib/libctru.a(srvpm.o)
                0x000000000010bfdc                srvPmGetSessionHandle
 .text.rbtree_node_next
                0x000000000010bfe8       0x50 /opt/devkitpro/libctru/lib/libctru.a(rbtree_iterator.o)
                0x000000000010bfe8                rbtree_node_next
 .text.__appInit
                0x000000000010c038       0x30 /opt/devkitpro/libctru/lib/libctru.a(appInit.o)
                0x000000000010c038                __appInit
 .text.__libctru_nanosleep
                0x000000000010c068       0x30 /opt/devkitpro/libctru/lib/libctru.a(syscalls.o)
 .text.__libctru_get_reent
                0x000000000010c098       0x30 /opt/devkitpro/libctru/lib/libctru.a(syscalls.o)
 .text.__system_initSyscalls
                0x000000000010c0c8       0xf8 /opt/devkitpro/libctru/lib/libctru.a(syscalls.o)
                0x000000000010c0c8                __system_initSyscalls
 .text.__appExit
                0x000000000010c1c0       0x30 /opt/devkitpro/libctru/lib/libctru.a(appExit.o)
                0x000000000010c1c0                __appExit
 .text.__libctru_exit
                0x000000000010c1f0       0x90 /opt/devkitpro/libctru/lib/libctru.a(ctru_exit.o)
                0x000000000010c1f0                __libctru_exit
 .text.envGetHandle
                0x000000000010c280       0x84 /opt/devkitpro/libctru/lib/libctru.a(env.o)
                0x000000000010c280                envGetHandle
 .text.envDestroyHandles
                0x000000000010c304       0x50 /opt/devkitpro/libctru/lib/libctru.a(env.o)
                0x000000000010c304                envDestroyHandles
 .text.archive_link
                0x000000000010c354       0x14 /opt/devkitpro/libctru/lib/libctru.a(archive_dev.o)
 .text.archive_dirreset
                0x000000000010c368       0x14 /opt/devkitpro/libctru/lib/libctru.a(archive_dev.o)
 .text.archive_chmod
                0x000000000010c37c       0x14 /opt/devkitpro/libctru/lib/libctru.a(archive_dev.o)
 .text.error_cmp
                0x000000000010c390       0x24 /opt/devkitpro/libctru/lib/libctru.a(archive_dev.o)
 .text.archive_translate_error
                0x000000000010c3b4       0x50 /opt/devkitpro/libctru/lib/libctru.a(archive_dev.o)
 .text.archive_seek
                0x000000000010c404       0xd4 /opt/devkitpro/libctru/lib/libctru.a(archive_dev.o)
 .text._archiveInit.part.0
                0x000000000010c4d8       0x7c /opt/devkitpro/libctru/lib/libctru.a(archive_dev.o)
 .text.archiveFindDevice.part.0
                0x000000000010c554       0x8c /opt/devkitpro/libctru/lib/libctru.a(archive_dev.o)
 .text.archive_utf16path
                0x000000000010c5e0      0x294 /opt/devkitpro/libctru/lib/libctru.a(archive_dev.o)
 .text._archiveUnmountDeviceStruct.part.0
                0x000000000010c874       0xa0 /opt/devkitpro/libctru/lib/libctru.a(archive_dev.o)
 .text.archive_fchmod
                0x000000000010c914       0x14 /opt/devkitpro/libctru/lib/libctru.a(archive_dev.o)
 .text.archive_statvfs
                0x000000000010c928       0x14 /opt/devkitpro/libctru/lib/libctru.a(archive_dev.o)
 .text._archiveMountDevice
                0x000000000010c93c      0x158 /opt/devkitpro/libctru/lib/libctru.a(archive_dev.o)
 .text.archive_diropen
                0x000000000010ca94       0xe8 /opt/devkitpro/libctru/lib/libctru.a(archive_dev.o)
 .text.archive_fstat
                0x000000000010cb7c       0xa4 /opt/devkitpro/libctru/lib/libctru.a(archive_dev.o)
 .text.archive_close
                0x000000000010cc20       0x6c /opt/devkitpro/libctru/lib/libctru.a(archive_dev.o)
 .text.archive_fsync
                0x000000000010cc8c       0x6c /opt/devkitpro/libctru/lib/libctru.a(archive_dev.o)
 .text.archive_dirclose
                0x000000000010ccf8       0x70 /opt/devkitpro/libctru/lib/libctru.a(archive_dev.o)
 .text.sdmc_statvfs
                0x000000000010cd68       0xe8 /opt/devkitpro/libctru/lib/libctru.a(archive_dev.o)
 .text.archive_ftruncate
                0x000000000010ce50       0x80 /opt/devkitpro/libctru/lib/libctru.a(archive_dev.o)
 .text.archive_chdir
                0x000000000010ced0       0xfc /opt/devkitpro/libctru/lib/libctru.a(archive_dev.o)
 .text.archive_read
                0x000000000010cfcc       0xb0 /opt/devkitpro/libctru/lib/libctru.a(archive_dev.o)
 .text.archive_unlink
                0x000000000010d07c       0xac /opt/devkitpro/libctru/lib/libctru.a(archive_dev.o)
 .text.archive_rmdir
                0x000000000010d128       0xc8 /opt/devkitpro/libctru/lib/libctru.a(archive_dev.o)
 .text.archive_mkdir
                0x000000000010d1f0       0xec /opt/devkitpro/libctru/lib/libctru.a(archive_dev.o)
 .text.archive_stat
                0x000000000010d2dc      0x1a8 /opt/devkitpro/libctru/lib/libctru.a(archive_dev.o)
 .text.archive_rename
                0x000000000010d484      0x184 /opt/devkitpro/libctru/lib/libctru.a(archive_dev.o)
 .text.archive_dirnext
                0x000000000010d608      0x168 /opt/devkitpro/libctru/lib/libctru.a(archive_dev.o)
 .text.archive_write
                0x000000000010d770      0x12c /opt/devkitpro/libctru/lib/libctru.a(archive_dev.o)
 .text.archive_open
                0x000000000010d89c      0x1f0 /opt/devkitpro/libctru/lib/libctru.a(archive_dev.o)
 .text.archiveMountSdmc
                0x000000000010da8c      0x1a4 /opt/devkitpro/libctru/lib/libctru.a(archive_dev.o)
                0x000000000010da8c                archiveMountSdmc
 .text.archiveUnmountAll
                0x000000000010dc30       0x54 /opt/devkitpro/libctru/lib/libctru.a(archive_dev.o)
                0x000000000010dc30                archiveUnmountAll
 .text.fsInit   0x000000000010dc84       0xc8 /opt/devkitpro/libctru/lib/libctru.a(fs.o)
                0x000000000010dc84                fsInit
 .text.fsExit   0x000000000010dd4c       0x3c /opt/devkitpro/libctru/lib/libctru.a(fs.o)
                0x000000000010dd4c                fsExit
 .text.fsExemptFromSession
                0x000000000010dd88       0x60 /opt/devkitpro/libctru/lib/libctru.a(fs.o)
                0x000000000010dd88                fsExemptFromSession
 .text.fsUnexemptFromSession
                0x000000000010dde8       0x50 /opt/devkitpro/libctru/lib/libctru.a(fs.o)
                0x000000000010dde8                fsUnexemptFromSession
 .text.FSUSER_OpenFile
                0x000000000010de38       0xcc /opt/devkitpro/libctru/lib/libctru.a(fs.o)
                0x000000000010de38                FSUSER_OpenFile
 .text.FSUSER_DeleteFile
                0x000000000010df04       0xbc /opt/devkitpro/libctru/lib/libctru.a(fs.o)
                0x000000000010df04                FSUSER_DeleteFile
 .text.FSUSER_RenameFile
                0x000000000010dfc0       0xf8 /opt/devkitpro/libctru/lib/libctru.a(fs.o)
                0x000000000010dfc0                FSUSER_RenameFile
 .text.FSUSER_DeleteDirectory
                0x000000000010e0b8       0xbc /opt/devkitpro/libctru/lib/libctru.a(fs.o)
                0x000000000010e0b8                FSUSER_DeleteDirectory
 .text.FSUSER_CreateFile
                0x000000000010e174       0xd4 /opt/devkitpro/libctru/lib/libctru.a(fs.o)
                0x000000000010e174                FSUSER_CreateFile
 .text.FSUSER_CreateDirectory
                0x000000000010e248       0xc4 /opt/devkitpro/libctru/lib/libctru.a(fs.o)
                0x000000000010e248                FSUSER_CreateDirectory
 .text.FSUSER_RenameDirectory
                0x000000000010e30c       0xf8 /opt/devkitpro/libctru/lib/libctru.a(fs.o)
                0x000000000010e30c                FSUSER_RenameDirectory
 .text.FSUSER_OpenDirectory
                0x000000000010e404       0xb4 /opt/devkitpro/libctru/lib/libctru.a(fs.o)
                0x000000000010e404                FSUSER_OpenDirectory
 .text.FSUSER_OpenArchive
                0x000000000010e4b8       0x94 /opt/devkitpro/libctru/lib/libctru.a(fs.o)
                0x000000000010e4b8                FSUSER_OpenArchive
 .text.FSUSER_CloseArchive
                0x000000000010e54c       0x8c /opt/devkitpro/libctru/lib/libctru.a(fs.o)
                0x000000000010e54c                FSUSER_CloseArchive
 .text.FSUSER_GetSdmcArchiveResource
                0x000000000010e5d8       0x74 /opt/devkitpro/libctru/lib/libctru.a(fs.o)
                0x000000000010e5d8                FSUSER_GetSdmcArchiveResource
 .text.FSUSER_IsSdmcWritable
                0x000000000010e64c       0x64 /opt/devkitpro/libctru/lib/libctru.a(fs.o)
                0x000000000010e64c                FSUSER_IsSdmcWritable
 .text.FSFILE_Read
                0x000000000010e6b0       0x58 /opt/devkitpro/libctru/lib/libctru.a(fs.o)
                0x000000000010e6b0                FSFILE_Read
 .text.FSFILE_Write
                0x000000000010e708       0x60 /opt/devkitpro/libctru/lib/libctru.a(fs.o)
                0x000000000010e708                FSFILE_Write
 .text.FSFILE_GetSize
                0x000000000010e768       0x38 /opt/devkitpro/libctru/lib/libctru.a(fs.o)
                0x000000000010e768                FSFILE_GetSize
 .text.FSFILE_SetSize
                0x000000000010e7a0       0x28 /opt/devkitpro/libctru/lib/libctru.a(fs.o)
                0x000000000010e7a0                FSFILE_SetSize
 .text.FSFILE_Close
                0x000000000010e7c8       0x3c /opt/devkitpro/libctru/lib/libctru.a(fs.o)
                0x000000000010e7c8                FSFILE_Close
 .text.FSFILE_Flush
                0x000000000010e804       0x24 /opt/devkitpro/libctru/lib/libctru.a(fs.o)
                0x000000000010e804                FSFILE_Flush
 .text.FSDIR_Read
                0x000000000010e828       0x50 /opt/devkitpro/libctru/lib/libctru.a(fs.o)
                0x000000000010e828                FSDIR_Read
 .text.FSDIR_Close
                0x000000000010e878       0x3c /opt/devkitpro/libctru/lib/libctru.a(fs.o)
                0x000000000010e878                FSDIR_Close
 .text.utf16_to_utf8
                0x000000000010e8b4       0xe8 /opt/devkitpro/libctru/lib/libctru.a(utf16_to_utf8.o)
                0x000000000010e8b4                utf16_to_utf8
 .text.decode_utf16
                0x000000000010e99c       0x64 /opt/devkitpro/libctru/lib/libctru.a(decode_utf16.o)
                0x000000000010e99c                decode_utf16
 .text.decode_utf8
                0x000000000010ea00      0x13c /opt/devkitpro/libctru/lib/libctru.a(decode_utf8.o)
                0x000000000010ea00                decode_utf8
 .text.utf8_to_utf16
                0x000000000010eb3c       0xc0 /opt/devkitpro/libctru/lib/libctru.a(utf8_to_utf16.o)
                0x000000000010eb3c                utf8_to_utf16
 .text.__aeabi_read_tp
                0x000000000010ebfc        0xc /opt/devkitpro/libctru/lib/libctru.a(readtp.o)
                0x000000000010ebfc                __aeabi_read_tp
 .text.encode_utf16
                0x000000000010ec08       0x60 /opt/devkitpro/libctru/lib/libctru.a(encode_utf16.o)
                0x000000000010ec08                encode_utf16
 .text.encode_utf8
                0x000000000010ec68       0xfc /opt/devkitpro/libctru/lib/libctru.a(encode_utf8.o)
                0x000000000010ec68                encode_utf8
 .text.tanf     0x000000000010ed64       0x70 /opt/devkitpro/devkitARM/bin/../lib/gcc/arm-none-eabi/10.2.0/../../../../arm-none-eabi/lib/armv6k/fpu/libm.a(lib_a-sf_tan.o)
                0x000000000010ed64                tanf
 .text.__ieee754_rem_pio2f
                0x000000000010edd4      0x2f0 /opt/devkitpro/devkitARM/bin/../lib/gcc/arm-none-eabi/10.2.0/../../../../arm-none-eabi/lib/armv6k/fpu/libm.a(lib_a-ef_rem_pio2.o)
                0x000000000010edd4                __ieee754_rem_pio2f
 .text.__kernel_rem_pio2f
                0x000000000010f0c4      0x868 /opt/devkitpro/devkitARM/bin/../lib/gcc/arm-none-eabi/10.2.0/../../../../arm-none-eabi/lib/armv6k/fpu/libm.a(lib_a-kf_rem_pio2.o)
                0x000000000010f0c4                __kernel_rem_pio2f
 .text.__kernel_tanf
                0x000000000010f92c      0x208 /opt/devkitpro/devkitARM/bin/../lib/gcc/arm-none-eabi/10.2.0/../../../../arm-none-eabi/lib/armv6k/fpu/libm.a(lib_a-kf_tan.o)
                0x000000000010f92c                __kernel_tanf
 .text.fabsf    0x000000000010fb34       0x10 /opt/devkitpro/devkitARM/bin/../lib/gcc/arm-none-eabi/10.2.0/../../../../arm-none-eabi/lib/armv6k/fpu/libm.a(lib_a-sf_fabs.o)
                0x000000000010fb34                fabsf
 .text.floorf   0x000000000010fb44       0xb4 /opt/devkitpro/devkitARM/bin/../lib/gcc/arm-none-eabi/10.2.0/../../../../arm-none-eabi/lib/armv6k/fpu/libm.a(lib_a-sf_floor.o)
                0x000000000010fb44                floorf
 .text.scalbnf  0x000000000010fbf8      0x154 /opt/devkitpro/devkitARM/bin/../lib/gcc/arm-none-eabi/10.2.0/../../../../arm-none-eabi/lib/armv6k/fpu/libm.a(lib_a-sf_scalbn.o)
                0x000000000010fbf8                scalbnf
 .text.__udivmoddi4
                0x000000000010fd4c      0x120 /opt/devkitpro/devkitARM/bin/../lib/gcc/arm-none-eabi/10.2.0/armv6k/fpu/libgcc.a(_udivmoddi4.o)
                0x000000000010fd4c                __udivmoddi4
 .text.bsearch  0x000000000010fe6c       0x78 /opt/devkitpro/devkitARM/bin/../lib/gcc/arm-none-eabi/10.2.0/../../../../arm-none-eabi/lib/armv6k/fpu/libg.a(lib_a-bsearch.o)
                0x000000000010fe6c                bsearch
 .text.calloc   0x000000000010fee4       0x28 /opt/devkitpro/devkitARM/bin/../lib/gcc/arm-none-eabi/10.2.0/../../../../arm-none-eabi/lib/armv6k/fpu/libg.a(lib_a-calloc.o)
                0x000000000010fee4                calloc
 .text._calloc_r
                0x000000000010ff0c       0x94 /opt/devkitpro/devkitARM/bin/../lib/gcc/arm-none-eabi/10.2.0/../../../../arm-none-eabi/lib/armv6k/fpu/libg.a(lib_a-callocr.o)
                0x000000000010ff0c                _calloc_r
 .text.__errno  0x000000000010ffa0        0xc /opt/devkitpro/devkitARM/bin/../lib/gcc/arm-none-eabi/10.2.0/../../../../arm-none-eabi/lib/armv6k/fpu/libg.a(lib_a-errno.o)
                0x000000000010ffa0                __errno
 .text.exit     0x000000000010ffac       0x34 /opt/devkitpro/devkitARM/bin/../lib/gcc/arm-none-eabi/10.2.0/../../../../arm-none-eabi/lib/armv6k/fpu/libg.a(lib_a-exit.o)
                0x000000000010ffac                exit
 .text.__libc_fini_array
                0x000000000010ffe0       0x3c /opt/devkitpro/devkitARM/bin/../lib/gcc/arm-none-eabi/10.2.0/../../../../arm-none-eabi/lib/armv6k/fpu/libg.a(lib_a-fini.o)
                0x000000000010ffe0                __libc_fini_array
 .text.__libc_init_array
                0x000000000011001c       0x7c /opt/devkitpro/devkitARM/bin/../lib/gcc/arm-none-eabi/10.2.0/../../../../arm-none-eabi/lib/armv6k/fpu/libg.a(lib_a-init.o)
                0x000000000011001c                __libc_init_array
 .text.memalign
                0x0000000000110098       0x28 /opt/devkitpro/devkitARM/bin/../lib/gcc/arm-none-eabi/10.2.0/../../../../arm-none-eabi/lib/armv6k/fpu/libg.a(lib_a-malign.o)
                0x0000000000110098                memalign
 .text._memalign_r
                0x00000000001100c0      0x148 /opt/devkitpro/devkitARM/bin/../lib/gcc/arm-none-eabi/10.2.0/../../../../arm-none-eabi/lib/armv6k/fpu/libg.a(lib_a-malignr.o)
                0x00000000001100c0                _memalign_r
 .text.malloc   0x0000000000110208       0x20 /opt/devkitpro/devkitARM/bin/../lib/gcc/arm-none-eabi/10.2.0/../../../../arm-none-eabi/lib/armv6k/fpu/libg.a(lib_a-malloc.o)
                0x0000000000110208                malloc
 .text.free     0x0000000000110228       0x20 /opt/devkitpro/devkitARM/bin/../lib/gcc/arm-none-eabi/10.2.0/../../../../arm-none-eabi/lib/armv6k/fpu/libg.a(lib_a-malloc.o)
                0x0000000000110228                free
 .text._malloc_r
                0x0000000000110248      0x7f0 /opt/devkitpro/devkitARM/bin/../lib/gcc/arm-none-eabi/10.2.0/../../../../arm-none-eabi/lib/armv6k/fpu/libg.a(lib_a-mallocr.o)
                0x0000000000110248                _malloc_r
 .text.memchr   0x0000000000110a38       0xe0 /opt/devkitpro/devkitARM/bin/../lib/gcc/arm-none-eabi/10.2.0/../../../../arm-none-eabi/lib/armv6k/fpu/libg.a(lib_a-memchr-stub.o)
                0x0000000000110a38                memchr
 .text.memcpy   0x0000000000110b18      0x11c /opt/devkitpro/devkitARM/bin/../lib/gcc/arm-none-eabi/10.2.0/../../../../arm-none-eabi/lib/armv6k/fpu/libg.a(lib_a-memcpy-stub.o)
                0x0000000000110b18                memcpy
 .text.memset   0x0000000000110c34      0x118 /opt/devkitpro/devkitARM/bin/../lib/gcc/arm-none-eabi/10.2.0/../../../../arm-none-eabi/lib/armv6k/fpu/libg.a(lib_a-memset.o)
                0x0000000000110c34                memset
 .text.__malloc_lock
                0x0000000000110d4c        0xc /opt/devkitpro/devkitARM/bin/../lib/gcc/arm-none-eabi/10.2.0/../../../../arm-none-eabi/lib/armv6k/fpu/libg.a(lib_a-mlock.o)
                0x0000000000110d4c                __malloc_lock
 .text.__malloc_unlock
                0x0000000000110d58        0xc /opt/devkitpro/devkitARM/bin/../lib/gcc/arm-none-eabi/10.2.0/../../../../arm-none-eabi/lib/armv6k/fpu/libg.a(lib_a-mlock.o)
                0x0000000000110d58                __malloc_unlock
 .text.printf   0x0000000000110d64       0x34 /opt/devkitpro/devkitARM/bin/../lib/gcc/arm-none-eabi/10.2.0/../../../../arm-none-eabi/lib/armv6k/fpu/libg.a(lib_a-printf.o)
                0x0000000000110d64                printf
 .text.setvbuf  0x0000000000110d98      0x260 /opt/devkitpro/devkitARM/bin/../lib/gcc/arm-none-eabi/10.2.0/../../../../arm-none-eabi/lib/armv6k/fpu/libg.a(lib_a-setvbuf.o)
                0x0000000000110d98                setvbuf
 .text.sscanf   0x0000000000110ff8       0x74 /opt/devkitpro/devkitARM/bin/../lib/gcc/arm-none-eabi/10.2.0/../../../../arm-none-eabi/lib/armv6k/fpu/libg.a(lib_a-sscanf.o)
                0x0000000000110ff8                sscanf
 .text.__sread  0x000000000011106c       0x44 /opt/devkitpro/devkitARM/bin/../lib/gcc/arm-none-eabi/10.2.0/../../../../arm-none-eabi/lib/armv6k/fpu/libg.a(lib_a-stdio.o)
                0x000000000011106c                __sread
 .text.__seofread
                0x00000000001110b0        0x8 /opt/devkitpro/devkitARM/bin/../lib/gcc/arm-none-eabi/10.2.0/../../../../arm-none-eabi/lib/armv6k/fpu/libg.a(lib_a-stdio.o)
                0x00000000001110b0                __seofread
 .text.__swrite
                0x00000000001110b8       0x68 /opt/devkitpro/devkitARM/bin/../lib/gcc/arm-none-eabi/10.2.0/../../../../arm-none-eabi/lib/armv6k/fpu/libg.a(lib_a-stdio.o)
                0x00000000001110b8                __swrite
 .text.__sseek  0x0000000000111120       0x48 /opt/devkitpro/devkitARM/bin/../lib/gcc/arm-none-eabi/10.2.0/../../../../arm-none-eabi/lib/armv6k/fpu/libg.a(lib_a-stdio.o)
                0x0000000000111120                __sseek
 .text.__sclose
                0x0000000000111168        0x8 /opt/devkitpro/devkitARM/bin/../lib/gcc/arm-none-eabi/10.2.0/../../../../arm-none-eabi/lib/armv6k/fpu/libg.a(lib_a-stdio.o)
                0x0000000000111168                __sclose
 .text.strlen   0x0000000000111170       0x5c /opt/devkitpro/devkitARM/bin/../lib/gcc/arm-none-eabi/10.2.0/../../../../arm-none-eabi/lib/armv6k/fpu/libg.a(lib_a-strlen-stub.o)
                0x0000000000111170                strlen
 .text.strncat  0x00000000001111cc       0xec /opt/devkitpro/devkitARM/bin/../lib/gcc/arm-none-eabi/10.2.0/../../../../arm-none-eabi/lib/armv6k/fpu/libg.a(lib_a-strncat.o)
                0x00000000001111cc                strncat
 .text.strncmp  0x00000000001112b8       0xdc /opt/devkitpro/devkitARM/bin/../lib/gcc/arm-none-eabi/10.2.0/../../../../arm-none-eabi/lib/armv6k/fpu/libg.a(lib_a-strncmp.o)
                0x00000000001112b8                strncmp
 .text.strncpy  0x0000000000111394       0xc0 /opt/devkitpro/devkitARM/bin/../lib/gcc/arm-none-eabi/10.2.0/../../../../arm-none-eabi/lib/armv6k/fpu/libg.a(lib_a-strncpy.o)
                0x0000000000111394                strncpy
 .text.strnlen  0x0000000000111454       0x48 /opt/devkitpro/devkitARM/bin/../lib/gcc/arm-none-eabi/10.2.0/../../../../arm-none-eabi/lib/armv6k/fpu/libg.a(lib_a-strnlen.o)
                0x0000000000111454                strnlen
 .text.get_arg  0x000000000011149c       0x50 /opt/devkitpro/devkitARM/bin/../lib/gcc/arm-none-eabi/10.2.0/../../../../arm-none-eabi/lib/armv6k/fpu/libg.a(lib_a-svfscanf.o)
 .text.__ssvfscanf_r
                0x00000000001114ec     0x2b68 /opt/devkitpro/devkitARM/bin/../lib/gcc/arm-none-eabi/10.2.0/../../../../arm-none-eabi/lib/armv6k/fpu/libg.a(lib_a-svfscanf.o)
                0x00000000001114ec                __ssvfscanf_r
 .text.get_arg  0x0000000000114054      0x64c /opt/devkitpro/devkitARM/bin/../lib/gcc/arm-none-eabi/10.2.0/../../../../arm-none-eabi/lib/armv6k/fpu/libg.a(lib_a-vfiprintf.o)
 .text.__sprint_r
                0x00000000001146a0       0x34 /opt/devkitpro/devkitARM/bin/../lib/gcc/arm-none-eabi/10.2.0/../../../../arm-none-eabi/lib/armv6k/fpu/libg.a(lib_a-vfiprintf.o)
                0x00000000001146a0                __sprint_r
 .text._vfiprintf_r
                0x00000000001146d4     0x2584 /opt/devkitpro/devkitARM/bin/../lib/gcc/arm-none-eabi/10.2.0/../../../../arm-none-eabi/lib/armv6k/fpu/libg.a(lib_a-vfiprintf.o)
                0x00000000001146d4                _vfiprintf_r
 .text.__sbprintf
                0x0000000000116c58       0xd4 /opt/devkitpro/devkitARM/bin/../lib/gcc/arm-none-eabi/10.2.0/../../../../arm-none-eabi/lib/armv6k/fpu/libg.a(lib_a-vfiprintf.o)
 .text.get_arg  0x0000000000116d2c      0x64c /opt/devkitpro/devkitARM/bin/../lib/gcc/arm-none-eabi/10.2.0/../../../../arm-none-eabi/lib/armv6k/fpu/libg.a(lib_a-vfprintf.o)
 .text._vfprintf_r
                0x0000000000117378     0x38d4 /opt/devkitpro/devkitARM/bin/../lib/gcc/arm-none-eabi/10.2.0/../../../../arm-none-eabi/lib/armv6k/fpu/libg.a(lib_a-vfprintf.o)
                0x0000000000117378                _vfprintf_r
 .text.__sbprintf
                0x000000000011ac4c       0xd4 /opt/devkitpro/devkitARM/bin/../lib/gcc/arm-none-eabi/10.2.0/../../../../arm-none-eabi/lib/armv6k/fpu/libg.a(lib_a-vfprintf.o)
 .text._wcrtomb_r
                0x000000000011ad20       0x54 /opt/devkitpro/devkitARM/bin/../lib/gcc/arm-none-eabi/10.2.0/../../../../arm-none-eabi/lib/armv6k/fpu/libg.a(lib_a-wcrtomb.o)
                0x000000000011ad20                _wcrtomb_r
 .text._wcsrtombs_r
                0x000000000011ad74       0x28 /opt/devkitpro/devkitARM/bin/../lib/gcc/arm-none-eabi/10.2.0/../../../../arm-none-eabi/lib/armv6k/fpu/libg.a(lib_a-wcsrtombs.o)
                0x000000000011ad74                _wcsrtombs_r
 .text.__swsetup_r
                0x000000000011ad9c      0x154 /opt/devkitpro/devkitARM/bin/../lib/gcc/arm-none-eabi/10.2.0/../../../../arm-none-eabi/lib/armv6k/fpu/libg.a(lib_a-wsetup.o)
                0x000000000011ad9c                __swsetup_r
 .text.__call_exitprocs
                0x000000000011aef0      0x114 /opt/devkitpro/devkitARM/bin/../lib/gcc/arm-none-eabi/10.2.0/../../../../arm-none-eabi/lib/armv6k/fpu/libg.a(lib_a-__call_atexit.o)
                0x000000000011aef0                __call_exitprocs
 .text.quorem   0x000000000011b004      0x1a8 /opt/devkitpro/devkitARM/bin/../lib/gcc/arm-none-eabi/10.2.0/../../../../arm-none-eabi/lib/armv6k/fpu/libg.a(lib_a-dtoa.o)
 *fill*         0x000000000011b1ac        0x4 
 .text._dtoa_r  0x000000000011b1b0     0x12ec /opt/devkitpro/devkitARM/bin/../lib/gcc/arm-none-eabi/10.2.0/../../../../arm-none-eabi/lib/armv6k/fpu/libg.a(lib_a-dtoa.o)
                0x000000000011b1b0                _dtoa_r
 .text.__sflush_r
                0x000000000011c49c      0x258 /opt/devkitpro/devkitARM/bin/../lib/gcc/arm-none-eabi/10.2.0/../../../../arm-none-eabi/lib/armv6k/fpu/libg.a(lib_a-fflush.o)
                0x000000000011c49c                __sflush_r
 .text._fflush_r
                0x000000000011c6f4       0x94 /opt/devkitpro/devkitARM/bin/../lib/gcc/arm-none-eabi/10.2.0/../../../../arm-none-eabi/lib/armv6k/fpu/libg.a(lib_a-fflush.o)
                0x000000000011c6f4                _fflush_r
 .text._cleanup_r
                0x000000000011c788        0xc /opt/devkitpro/devkitARM/bin/../lib/gcc/arm-none-eabi/10.2.0/../../../../arm-none-eabi/lib/armv6k/fpu/libg.a(lib_a-findfp.o)
                0x000000000011c788                _cleanup_r
 .text.__sinit  0x000000000011c794      0x184 /opt/devkitpro/devkitARM/bin/../lib/gcc/arm-none-eabi/10.2.0/../../../../arm-none-eabi/lib/armv6k/fpu/libg.a(lib_a-findfp.o)
                0x000000000011c794                __sinit
 .text.__sfp_lock_acquire
                0x000000000011c918        0xc /opt/devkitpro/devkitARM/bin/../lib/gcc/arm-none-eabi/10.2.0/../../../../arm-none-eabi/lib/armv6k/fpu/libg.a(lib_a-findfp.o)
                0x000000000011c918                __sfp_lock_acquire
 .text.__sfp_lock_release
                0x000000000011c924        0xc /opt/devkitpro/devkitARM/bin/../lib/gcc/arm-none-eabi/10.2.0/../../../../arm-none-eabi/lib/armv6k/fpu/libg.a(lib_a-findfp.o)
                0x000000000011c924                __sfp_lock_release
 .text._malloc_trim_r
                0x000000000011c930       0xf8 /opt/devkitpro/devkitARM/bin/../lib/gcc/arm-none-eabi/10.2.0/../../../../arm-none-eabi/lib/armv6k/fpu/libg.a(lib_a-freer.o)
                0x000000000011c930                _malloc_trim_r
 .text._free_r  0x000000000011ca28      0x2e4 /opt/devkitpro/devkitARM/bin/../lib/gcc/arm-none-eabi/10.2.0/../../../../arm-none-eabi/lib/armv6k/fpu/libg.a(lib_a-freer.o)
                0x000000000011ca28                _free_r
 .text.__sfvwrite_r
                0x000000000011cd0c      0x4a4 /opt/devkitpro/devkitARM/bin/../lib/gcc/arm-none-eabi/10.2.0/../../../../arm-none-eabi/lib/armv6k/fpu/libg.a(lib_a-fvwrite.o)
                0x000000000011cd0c                __sfvwrite_r
 .text._fwalk_reent
                0x000000000011d1b0       0x70 /opt/devkitpro/devkitARM/bin/../lib/gcc/arm-none-eabi/10.2.0/../../../../arm-none-eabi/lib/armv6k/fpu/libg.a(lib_a-fwalk.o)
                0x000000000011d1b0                _fwalk_reent
 .text.iswspace
                0x000000000011d220        0x8 /opt/devkitpro/devkitARM/bin/../lib/gcc/arm-none-eabi/10.2.0/../../../../arm-none-eabi/lib/armv6k/fpu/libg.a(lib_a-iswspace.o)
                0x000000000011d220                iswspace
 .text._localeconv_r
                0x000000000011d228        0xc /opt/devkitpro/devkitARM/bin/../lib/gcc/arm-none-eabi/10.2.0/../../../../arm-none-eabi/lib/armv6k/fpu/libg.a(lib_a-localeconv.o)
                0x000000000011d228                _localeconv_r
 .text.__locale_mb_cur_max
                0x000000000011d234       0x10 /opt/devkitpro/devkitARM/bin/../lib/gcc/arm-none-eabi/10.2.0/../../../../arm-none-eabi/lib/armv6k/fpu/libg.a(lib_a-locale.o)
                0x000000000011d234                __locale_mb_cur_max
 .text.__smakebuf_r
                0x000000000011d244      0x138 /opt/devkitpro/devkitARM/bin/../lib/gcc/arm-none-eabi/10.2.0/../../../../arm-none-eabi/lib/armv6k/fpu/libg.a(lib_a-makebuf.o)
                0x000000000011d244                __smakebuf_r
 .text.__swhatbuf_r
                0x000000000011d37c       0x94 /opt/devkitpro/devkitARM/bin/../lib/gcc/arm-none-eabi/10.2.0/../../../../arm-none-eabi/lib/armv6k/fpu/libg.a(lib_a-makebuf.o)
                0x000000000011d37c                __swhatbuf_r
 .text._mbrtowc_r
                0x000000000011d410       0x68 /opt/devkitpro/devkitARM/bin/../lib/gcc/arm-none-eabi/10.2.0/../../../../arm-none-eabi/lib/armv6k/fpu/libg.a(lib_a-mbrtowc.o)
                0x000000000011d410                _mbrtowc_r
 .text.__utf8_mbtowc
                0x000000000011d478      0x2fc /opt/devkitpro/devkitARM/bin/../lib/gcc/arm-none-eabi/10.2.0/../../../../arm-none-eabi/lib/armv6k/fpu/libg.a(lib_a-mbtowc_r.o)
                0x000000000011d478                __utf8_mbtowc
 .text.memmove  0x000000000011d774      0x154 /opt/devkitpro/devkitARM/bin/../lib/gcc/arm-none-eabi/10.2.0/../../../../arm-none-eabi/lib/armv6k/fpu/libg.a(lib_a-memmove.o)
                0x000000000011d774                memmove
 .text._Balloc  0x000000000011d8c8       0x88 /opt/devkitpro/devkitARM/bin/../lib/gcc/arm-none-eabi/10.2.0/../../../../arm-none-eabi/lib/armv6k/fpu/libg.a(lib_a-mprec.o)
                0x000000000011d8c8                _Balloc
 .text._Bfree   0x000000000011d950       0x1c /opt/devkitpro/devkitARM/bin/../lib/gcc/arm-none-eabi/10.2.0/../../../../arm-none-eabi/lib/armv6k/fpu/libg.a(lib_a-mprec.o)
                0x000000000011d950                _Bfree
 .text.__multadd
                0x000000000011d96c       0xf4 /opt/devkitpro/devkitARM/bin/../lib/gcc/arm-none-eabi/10.2.0/../../../../arm-none-eabi/lib/armv6k/fpu/libg.a(lib_a-mprec.o)
                0x000000000011d96c                __multadd
 .text.__s2b    0x000000000011da60      0x110 /opt/devkitpro/devkitARM/bin/../lib/gcc/arm-none-eabi/10.2.0/../../../../arm-none-eabi/lib/armv6k/fpu/libg.a(lib_a-mprec.o)
                0x000000000011da60                __s2b
 .text.__hi0bits
                0x000000000011db70       0x58 /opt/devkitpro/devkitARM/bin/../lib/gcc/arm-none-eabi/10.2.0/../../../../arm-none-eabi/lib/armv6k/fpu/libg.a(lib_a-mprec.o)
                0x000000000011db70                __hi0bits
 .text.__lo0bits
                0x000000000011dbc8       0x9c /opt/devkitpro/devkitARM/bin/../lib/gcc/arm-none-eabi/10.2.0/../../../../arm-none-eabi/lib/armv6k/fpu/libg.a(lib_a-mprec.o)
                0x000000000011dbc8                __lo0bits
 .text.__i2b    0x000000000011dc64       0xa4 /opt/devkitpro/devkitARM/bin/../lib/gcc/arm-none-eabi/10.2.0/../../../../arm-none-eabi/lib/armv6k/fpu/libg.a(lib_a-mprec.o)
                0x000000000011dc64                __i2b
 .text.__multiply
                0x000000000011dd08      0x204 /opt/devkitpro/devkitARM/bin/../lib/gcc/arm-none-eabi/10.2.0/../../../../arm-none-eabi/lib/armv6k/fpu/libg.a(lib_a-mprec.o)
                0x000000000011dd08                __multiply
 .text.__pow5mult
                0x000000000011df0c      0x120 /opt/devkitpro/devkitARM/bin/../lib/gcc/arm-none-eabi/10.2.0/../../../../arm-none-eabi/lib/armv6k/fpu/libg.a(lib_a-mprec.o)
                0x000000000011df0c                __pow5mult
 .text.__lshift
                0x000000000011e02c      0x13c /opt/devkitpro/devkitARM/bin/../lib/gcc/arm-none-eabi/10.2.0/../../../../arm-none-eabi/lib/armv6k/fpu/libg.a(lib_a-mprec.o)
                0x000000000011e02c                __lshift
 .text.__mcmp   0x000000000011e168       0x58 /opt/devkitpro/devkitARM/bin/../lib/gcc/arm-none-eabi/10.2.0/../../../../arm-none-eabi/lib/armv6k/fpu/libg.a(lib_a-mprec.o)
                0x000000000011e168                __mcmp
 .text.__mdiff  0x000000000011e1c0      0x1cc /opt/devkitpro/devkitARM/bin/../lib/gcc/arm-none-eabi/10.2.0/../../../../arm-none-eabi/lib/armv6k/fpu/libg.a(lib_a-mprec.o)
                0x000000000011e1c0                __mdiff
 .text.__ulp    0x000000000011e38c       0x88 /opt/devkitpro/devkitARM/bin/../lib/gcc/arm-none-eabi/10.2.0/../../../../arm-none-eabi/lib/armv6k/fpu/libg.a(lib_a-mprec.o)
                0x000000000011e38c                __ulp
 .text.__b2d    0x000000000011e414       0xd4 /opt/devkitpro/devkitARM/bin/../lib/gcc/arm-none-eabi/10.2.0/../../../../arm-none-eabi/lib/armv6k/fpu/libg.a(lib_a-mprec.o)
                0x000000000011e414                __b2d
 .text.__d2b    0x000000000011e4e8      0x12c /opt/devkitpro/devkitARM/bin/../lib/gcc/arm-none-eabi/10.2.0/../../../../arm-none-eabi/lib/armv6k/fpu/libg.a(lib_a-mprec.o)
                0x000000000011e4e8                __d2b
 .text.__ratio  0x000000000011e614       0x78 /opt/devkitpro/devkitARM/bin/../lib/gcc/arm-none-eabi/10.2.0/../../../../arm-none-eabi/lib/armv6k/fpu/libg.a(lib_a-mprec.o)
                0x000000000011e614                __ratio
 .text.__copybits
                0x000000000011e68c       0x88 /opt/devkitpro/devkitARM/bin/../lib/gcc/arm-none-eabi/10.2.0/../../../../arm-none-eabi/lib/armv6k/fpu/libg.a(lib_a-mprec.o)
                0x000000000011e68c                __copybits
 .text.__any_on
                0x000000000011e714       0x5c /opt/devkitpro/devkitARM/bin/../lib/gcc/arm-none-eabi/10.2.0/../../../../arm-none-eabi/lib/armv6k/fpu/libg.a(lib_a-mprec.o)
                0x000000000011e714                __any_on
 .text.realloc  0x000000000011e770       0x28 /opt/devkitpro/devkitARM/bin/../lib/gcc/arm-none-eabi/10.2.0/../../../../arm-none-eabi/lib/armv6k/fpu/libg.a(lib_a-realloc.o)
                0x000000000011e770                realloc
 .text._realloc_r
                0x000000000011e798      0x598 /opt/devkitpro/devkitARM/bin/../lib/gcc/arm-none-eabi/10.2.0/../../../../arm-none-eabi/lib/armv6k/fpu/libg.a(lib_a-reallocr.o)
                0x000000000011e798                _realloc_r
 .text.__sccl   0x000000000011ed30       0xe4 /opt/devkitpro/devkitARM/bin/../lib/gcc/arm-none-eabi/10.2.0/../../../../arm-none-eabi/lib/armv6k/fpu/libg.a(lib_a-sccl.o)
                0x000000000011ed30                __sccl
 .text.nanf     0x000000000011ee14        0xc /opt/devkitpro/devkitARM/bin/../lib/gcc/arm-none-eabi/10.2.0/../../../../arm-none-eabi/lib/armv6k/fpu/libg.a(lib_a-sf_nan.o)
                0x000000000011ee14                nanf
 .text.frexp    0x000000000011ee20       0xa8 /opt/devkitpro/devkitARM/bin/../lib/gcc/arm-none-eabi/10.2.0/../../../../arm-none-eabi/lib/armv6k/fpu/libg.a(lib_a-s_frexp.o)
                0x000000000011ee20                frexp
 .text.sprintf  0x000000000011eec8       0x64 /opt/devkitpro/devkitARM/bin/../lib/gcc/arm-none-eabi/10.2.0/../../../../arm-none-eabi/lib/armv6k/fpu/libg.a(lib_a-sprintf.o)
                0x000000000011eec8                sprintf
 .text.stpncpy  0x000000000011ef2c       0xb8 /opt/devkitpro/devkitARM/bin/../lib/gcc/arm-none-eabi/10.2.0/../../../../arm-none-eabi/lib/armv6k/fpu/libg.a(lib_a-stpncpy.o)
                0x000000000011ef2c                stpncpy
 .text.strchr   0x000000000011efe4      0x144 /opt/devkitpro/devkitARM/bin/../lib/gcc/arm-none-eabi/10.2.0/../../../../arm-none-eabi/lib/armv6k/fpu/libg.a(lib_a-strchr.o)
                0x000000000011efe4                strchr
 .text._strtod_l
                0x000000000011f128     0x130c /opt/devkitpro/devkitARM/bin/../lib/gcc/arm-none-eabi/10.2.0/../../../../arm-none-eabi/lib/armv6k/fpu/libg.a(lib_a-strtod.o)
                0x000000000011f128                _strtod_l
 .text._strtod_r
                0x0000000000120434        0xc /opt/devkitpro/devkitARM/bin/../lib/gcc/arm-none-eabi/10.2.0/../../../../arm-none-eabi/lib/armv6k/fpu/libg.a(lib_a-strtod.o)
                0x0000000000120434                _strtod_r
 .text._strtoll_l.constprop.0
                0x0000000000120440      0x22c /opt/devkitpro/devkitARM/bin/../lib/gcc/arm-none-eabi/10.2.0/../../../../arm-none-eabi/lib/armv6k/fpu/libg.a(lib_a-strtoll.o)
 .text._strtoll_r
                0x000000000012066c        0x4 /opt/devkitpro/devkitARM/bin/../lib/gcc/arm-none-eabi/10.2.0/../../../../arm-none-eabi/lib/armv6k/fpu/libg.a(lib_a-strtoll.o)
                0x000000000012066c                _strtoll_r
 .text._strtol_l.part.0
                0x0000000000120670      0x1b0 /opt/devkitpro/devkitARM/bin/../lib/gcc/arm-none-eabi/10.2.0/../../../../arm-none-eabi/lib/armv6k/fpu/libg.a(lib_a-strtol.o)
 .text._strtol_r
                0x0000000000120820       0x3c /opt/devkitpro/devkitARM/bin/../lib/gcc/arm-none-eabi/10.2.0/../../../../arm-none-eabi/lib/armv6k/fpu/libg.a(lib_a-strtol.o)
                0x0000000000120820                _strtol_r
 .text._strtoull_l.constprop.0
                0x000000000012085c      0x244 /opt/devkitpro/devkitARM/bin/../lib/gcc/arm-none-eabi/10.2.0/../../../../arm-none-eabi/lib/armv6k/fpu/libg.a(lib_a-strtoull.o)
 .text._strtoull_r
                0x0000000000120aa0        0x4 /opt/devkitpro/devkitARM/bin/../lib/gcc/arm-none-eabi/10.2.0/../../../../arm-none-eabi/lib/armv6k/fpu/libg.a(lib_a-strtoull.o)
                0x0000000000120aa0                _strtoull_r
 .text._strtoul_l.constprop.0
                0x0000000000120aa4      0x1c8 /opt/devkitpro/devkitARM/bin/../lib/gcc/arm-none-eabi/10.2.0/../../../../arm-none-eabi/lib/armv6k/fpu/libg.a(lib_a-strtoul.o)
 .text._strtoul_r
                0x0000000000120c6c        0x4 /opt/devkitpro/devkitARM/bin/../lib/gcc/arm-none-eabi/10.2.0/../../../../arm-none-eabi/lib/armv6k/fpu/libg.a(lib_a-strtoul.o)
                0x0000000000120c6c                _strtoul_r
 .text.__ssprint_r
                0x0000000000120c70      0x188 /opt/devkitpro/devkitARM/bin/../lib/gcc/arm-none-eabi/10.2.0/../../../../arm-none-eabi/lib/armv6k/fpu/libg.a(lib_a-svfiprintf.o)
                0x0000000000120c70                __ssprint_r
 .text._sungetc_r
                0x0000000000120df8       0xe0 /opt/devkitpro/devkitARM/bin/../lib/gcc/arm-none-eabi/10.2.0/../../../../arm-none-eabi/lib/armv6k/fpu/libg.a(lib_a-svfiscanf.o)
                0x0000000000120df8                _sungetc_r
 .text.__ssrefill_r
                0x0000000000120ed8       0x6c /opt/devkitpro/devkitARM/bin/../lib/gcc/arm-none-eabi/10.2.0/../../../../arm-none-eabi/lib/armv6k/fpu/libg.a(lib_a-svfiscanf.o)
                0x0000000000120ed8                __ssrefill_r
 .text._sfread_r
                0x0000000000120f44       0xc8 /opt/devkitpro/devkitARM/bin/../lib/gcc/arm-none-eabi/10.2.0/../../../../arm-none-eabi/lib/armv6k/fpu/libg.a(lib_a-svfiscanf.o)
                0x0000000000120f44                _sfread_r
 .text.get_arg  0x000000000012100c      0x64c /opt/devkitpro/devkitARM/bin/../lib/gcc/arm-none-eabi/10.2.0/../../../../arm-none-eabi/lib/armv6k/fpu/libg.a(lib_a-svfprintf.o)
 .text._svfprintf_r
                0x0000000000121658     0x3808 /opt/devkitpro/devkitARM/bin/../lib/gcc/arm-none-eabi/10.2.0/../../../../arm-none-eabi/lib/armv6k/fpu/libg.a(lib_a-svfprintf.o)
                0x0000000000121658                _svfprintf_r
 .text.__submore
                0x0000000000124e60       0xa8 /opt/devkitpro/devkitARM/bin/../lib/gcc/arm-none-eabi/10.2.0/../../../../arm-none-eabi/lib/armv6k/fpu/libg.a(lib_a-ungetc.o)
                0x0000000000124e60                __submore
 .text._wcsnrtombs_l
                0x0000000000124f08      0x190 /opt/devkitpro/devkitARM/bin/../lib/gcc/arm-none-eabi/10.2.0/../../../../arm-none-eabi/lib/armv6k/fpu/libg.a(lib_a-wcsnrtombs.o)
                0x0000000000124f08                _wcsnrtombs_l
 .text._wcsnrtombs_r
                0x0000000000125098       0x4c /opt/devkitpro/devkitARM/bin/../lib/gcc/arm-none-eabi/10.2.0/../../../../arm-none-eabi/lib/armv6k/fpu/libg.a(lib_a-wcsnrtombs.o)
                0x0000000000125098                _wcsnrtombs_r
 .text.__utf8_wctomb
                0x00000000001250e4       0xf0 /opt/devkitpro/devkitARM/bin/../lib/gcc/arm-none-eabi/10.2.0/../../../../arm-none-eabi/lib/armv6k/fpu/libg.a(lib_a-wctomb_r.o)
                0x00000000001250e4                __utf8_wctomb
 .text.__assert_func
                0x00000000001251d4       0x5c /opt/devkitpro/devkitARM/bin/../lib/gcc/arm-none-eabi/10.2.0/../../../../arm-none-eabi/lib/armv6k/fpu/libg.a(lib_a-assert.o)
                0x00000000001251d4                __assert_func
 .text._fclose_r
                0x0000000000125230      0x160 /opt/devkitpro/devkitARM/bin/../lib/gcc/arm-none-eabi/10.2.0/../../../../arm-none-eabi/lib/armv6k/fpu/libg.a(lib_a-fclose.o)
                0x0000000000125230                _fclose_r
 .text.fiprintf
                0x0000000000125390       0x3c /opt/devkitpro/devkitARM/bin/../lib/gcc/arm-none-eabi/10.2.0/../../../../arm-none-eabi/lib/armv6k/fpu/libg.a(lib_a-fiprintf.o)
                0x0000000000125390                fiprintf
 .text.rshift   0x00000000001253cc       0xec /opt/devkitpro/devkitARM/bin/../lib/gcc/arm-none-eabi/10.2.0/../../../../arm-none-eabi/lib/armv6k/fpu/libg.a(lib_a-gdtoa-gethex.o)
 .text.__gethex
                0x00000000001254b8      0x928 /opt/devkitpro/devkitARM/bin/../lib/gcc/arm-none-eabi/10.2.0/../../../../arm-none-eabi/lib/armv6k/fpu/libg.a(lib_a-gdtoa-gethex.o)
                0x00000000001254b8                __gethex
 .text.__match  0x0000000000125de0       0x4c /opt/devkitpro/devkitARM/bin/../lib/gcc/arm-none-eabi/10.2.0/../../../../arm-none-eabi/lib/armv6k/fpu/libg.a(lib_a-gdtoa-hexnan.o)
                0x0000000000125de0                __match
 .text.__hexnan
                0x0000000000125e2c      0x29c /opt/devkitpro/devkitARM/bin/../lib/gcc/arm-none-eabi/10.2.0/../../../../arm-none-eabi/lib/armv6k/fpu/libg.a(lib_a-gdtoa-hexnan.o)
                0x0000000000125e2c                __hexnan
 .text.iswspace_l
                0x00000000001260c8       0x3c /opt/devkitpro/devkitARM/bin/../lib/gcc/arm-none-eabi/10.2.0/../../../../arm-none-eabi/lib/armv6k/fpu/libg.a(lib_a-iswspace_l.o)
                0x00000000001260c8                iswspace_l
 .text.__jp2uc  0x0000000000126104      0x1d4 /opt/devkitpro/devkitARM/bin/../lib/gcc/arm-none-eabi/10.2.0/../../../../arm-none-eabi/lib/armv6k/fpu/libg.a(lib_a-jp2uc.o)
 .text._jp2uc_l
                0x00000000001262d8       0x9c /opt/devkitpro/devkitARM/bin/../lib/gcc/arm-none-eabi/10.2.0/../../../../arm-none-eabi/lib/armv6k/fpu/libg.a(lib_a-jp2uc.o)
                0x00000000001262d8                _jp2uc_l
 *fill*         0x0000000000126374        0x4 
 .text.nan      0x0000000000126378       0x10 /opt/devkitpro/devkitARM/bin/../lib/gcc/arm-none-eabi/10.2.0/../../../../arm-none-eabi/lib/armv6k/fpu/libg.a(lib_a-s_nan.o)
                0x0000000000126378                nan
 .text.abort    0x0000000000126388       0x14 /opt/devkitpro/devkitARM/bin/../lib/gcc/arm-none-eabi/10.2.0/../../../../arm-none-eabi/lib/armv6k/fpu/libg.a(lib_a-abort.o)
                0x0000000000126388                abort
 .text.category
                0x000000000012639c       0x84 /opt/devkitpro/devkitARM/bin/../lib/gcc/arm-none-eabi/10.2.0/../../../../arm-none-eabi/lib/armv6k/fpu/libg.a(lib_a-categories.o)
                0x000000000012639c                category
 .text._raise_r
                0x0000000000126420       0x98 /opt/devkitpro/devkitARM/bin/../lib/gcc/arm-none-eabi/10.2.0/../../../../arm-none-eabi/lib/armv6k/fpu/libg.a(lib_a-signal.o)
                0x0000000000126420                _raise_r
 .text.raise    0x00000000001264b8       0x20 /opt/devkitpro/devkitARM/bin/../lib/gcc/arm-none-eabi/10.2.0/../../../../arm-none-eabi/lib/armv6k/fpu/libg.a(lib_a-signal.o)
                0x00000000001264b8                raise
 .text.null_write
                0x00000000001264d8        0x8 /opt/devkitpro/devkitARM/bin/../lib/gcc/arm-none-eabi/10.2.0/../../../../arm-none-eabi/lib/armv6k/fpu/libsysbase.a(iosupport.o)
 .text.setDefaultDevice
                0x00000000001264e0       0x18 /opt/devkitpro/devkitARM/bin/../lib/gcc/arm-none-eabi/10.2.0/../../../../arm-none-eabi/lib/armv6k/fpu/libsysbase.a(iosupport.o)
                0x00000000001264e0                setDefaultDevice
 .text.FindDevice
                0x00000000001264f8       0xc8 /opt/devkitpro/devkitARM/bin/../lib/gcc/arm-none-eabi/10.2.0/../../../../arm-none-eabi/lib/armv6k/fpu/libsysbase.a(iosupport.o)
                0x00000000001264f8                FindDevice
 .text.RemoveDevice
                0x00000000001265c0       0x28 /opt/devkitpro/devkitARM/bin/../lib/gcc/arm-none-eabi/10.2.0/../../../../arm-none-eabi/lib/armv6k/fpu/libsysbase.a(iosupport.o)
                0x00000000001265c0                RemoveDevice
 .text.AddDevice
                0x00000000001265e8       0x9c /opt/devkitpro/devkitARM/bin/../lib/gcc/arm-none-eabi/10.2.0/../../../../arm-none-eabi/lib/armv6k/fpu/libsysbase.a(iosupport.o)
                0x00000000001265e8                AddDevice
 .text.GetDeviceOpTab
                0x0000000000126684       0x20 /opt/devkitpro/devkitARM/bin/../lib/gcc/arm-none-eabi/10.2.0/../../../../arm-none-eabi/lib/armv6k/fpu/libsysbase.a(iosupport.o)
                0x0000000000126684                GetDeviceOpTab
 .text._fstat_r
                0x00000000001266a4       0x78 /opt/devkitpro/devkitARM/bin/../lib/gcc/arm-none-eabi/10.2.0/../../../../arm-none-eabi/lib/armv6k/fpu/libsysbase.a(fstat.o)
                0x00000000001266a4                _fstat_r
 .text._getpid_r
                0x000000000012671c       0x14 /opt/devkitpro/devkitARM/bin/../lib/gcc/arm-none-eabi/10.2.0/../../../../arm-none-eabi/lib/armv6k/fpu/libsysbase.a(getpid.o)
                0x000000000012671c                _getpid_r
 .text._isatty_r
                0x0000000000126730        0x8 /opt/devkitpro/devkitARM/bin/../lib/gcc/arm-none-eabi/10.2.0/../../../../arm-none-eabi/lib/armv6k/fpu/libsysbase.a(isatty.o)
                0x0000000000126730                _isatty_r
 .text._kill_r  0x0000000000126738       0x14 /opt/devkitpro/devkitARM/bin/../lib/gcc/arm-none-eabi/10.2.0/../../../../arm-none-eabi/lib/armv6k/fpu/libsysbase.a(kill.o)
                0x0000000000126738                _kill_r
 .text._lseek_r
                0x000000000012674c       0x84 /opt/devkitpro/devkitARM/bin/../lib/gcc/arm-none-eabi/10.2.0/../../../../arm-none-eabi/lib/armv6k/fpu/libsysbase.a(lseek.o)
                0x000000000012674c                _lseek_r
 .text._read_r  0x00000000001267d0       0x80 /opt/devkitpro/devkitARM/bin/../lib/gcc/arm-none-eabi/10.2.0/../../../../arm-none-eabi/lib/armv6k/fpu/libsysbase.a(read.o)
                0x00000000001267d0                _read_r
 .text._sbrk_r  0x0000000000126850       0x78 /opt/devkitpro/devkitARM/bin/../lib/gcc/arm-none-eabi/10.2.0/../../../../arm-none-eabi/lib/armv6k/fpu/libsysbase.a(sbrk.o)
                0x0000000000126850                _sbrk_r
 .text._write_r
                0x00000000001268c8       0x80 /opt/devkitpro/devkitARM/bin/../lib/gcc/arm-none-eabi/10.2.0/../../../../arm-none-eabi/lib/armv6k/fpu/libsysbase.a(write.o)
                0x00000000001268c8                _write_r
 .text._exit    0x0000000000126948       0x24 /opt/devkitpro/devkitARM/bin/../lib/gcc/arm-none-eabi/10.2.0/../../../../arm-none-eabi/lib/armv6k/fpu/libsysbase.a(_exit.o)
                0x0000000000126948                _exit
 .text._concatenate_path