Archive member included to satisfy reference by file (symbol)

/opt/devkitpro/libctru/lib/libcitro3d.a(base.o)
                              main.o (C3D_Init)
/opt/devkitpro/libctru/lib/libcitro3d.a(renderqueue.o)
                              /opt/devkitpro/libctru/lib/libcitro3d.a(base.o) (C3Di_RenderQueueEnableVBlank)
/opt/devkitpro/libctru/lib/libcitro3d.a(texture.o)
                              /opt/devkitpro/libctru/lib/libcitro3d.a(base.o) (C3Di_SetTex)
/opt/devkitpro/libctru/lib/libcitro3d.a(framebuffer.o)
                              /opt/devkitpro/libctru/lib/libcitro3d.a(renderqueue.o) (C3D_CalcColorBufSize)
/opt/devkitpro/libctru/lib/libcitro3d.a(texenv.o)
                              /opt/devkitpro/libctru/lib/libcitro3d.a(base.o) (C3Di_TexEnvBind)
/opt/devkitpro/libctru/lib/libcitro3d.a(buffers.o)
                              setup.o (BufInfo_Init)
/opt/devkitpro/libctru/lib/libcitro3d.a(drawArrays.o)
                              subfolder.o (C3D_DrawArrays)
/opt/devkitpro/libctru/lib/libcitro3d.a(effect.o)
                              /opt/devkitpro/libctru/lib/libcitro3d.a(base.o) (C3D_DepthMap)
/opt/devkitpro/libctru/lib/libcitro3d.a(attribs.o)
                              setup.o (AttrInfo_Init)
/opt/devkitpro/libctru/lib/libcitro3d.a(immediate.o)
                              /opt/devkitpro/libctru/lib/libcitro3d.a(base.o) (C3D_ImmSendAttrib)
/opt/devkitpro/libctru/lib/libcitro3d.a(uniforms.o)
                              /opt/devkitpro/libctru/lib/libcitro3d.a(base.o) (C3D_UpdateUniforms)
/opt/devkitpro/libctru/lib/libcitro3d.a(mtx_persptilt.o)
                              updatestate.o (Mtx_PerspTilt)
/opt/devkitpro/libctru/lib/libcitro3d.a(mtx_translate.o)
                              subfolder.o (Mtx_Translate)
/opt/devkitpro/libctru/lib/libctru.a(vram.o)
                              /opt/devkitpro/libctru/lib/libcitro3d.a(renderqueue.o) (vramAlloc)
/opt/devkitpro/libctru/lib/libctru.a(linear.o)
                              setup.o (linearAlloc)
/opt/devkitpro/libctru/lib/libctru.a(mem_pool.o)
                              /opt/devkitpro/libctru/lib/libctru.a(vram.o) (MemPool::Allocate(MemChunk&, unsigned long, int))
/opt/devkitpro/libctru/lib/libctru.a(os.o)
                              /opt/devkitpro/libctru/lib/libcitro3d.a(texture.o) (osConvertVirtToPhys)
/opt/devkitpro/libctru/lib/libctru.a(console.o)
                              main.o (consoleInit)
/opt/devkitpro/libctru/lib/libctru.a(gfx.o)
                              /opt/devkitpro/libctru/lib/libctru.a(console.o) (gfxIsWide)
/opt/devkitpro/libctru/lib/libctru.a(shaderProgram.o)
                              setup.o (shaderInstanceGetUniformLocation)
/opt/devkitpro/libctru/lib/libctru.a(shbin.o)
                              setup.o (DVLB_ParseFile)
/opt/devkitpro/libctru/lib/libctru.a(gx.o)
                              /opt/devkitpro/libctru/lib/libcitro3d.a(renderqueue.o) (GX_BindQueue)
/opt/devkitpro/libctru/lib/libctru.a(gxqueue.o)
                              /opt/devkitpro/libctru/lib/libcitro3d.a(renderqueue.o) (gxCmdQueueClear)
/opt/devkitpro/libctru/lib/libctru.a(gpu.o)
                              /opt/devkitpro/libctru/lib/libcitro3d.a(base.o) (GPUCMD_Add)
/opt/devkitpro/libctru/lib/libctru.a(gspgpu.o)
                              /opt/devkitpro/libctru/lib/libctru.a(gfx.o) (gspInit)
/opt/devkitpro/libctru/lib/libctru.a(apt.o)
                              /opt/devkitpro/libctru/lib/libcitro3d.a(base.o) (aptHook)
/opt/devkitpro/libctru/lib/libctru.a(hid.o)
                              main.o (hidScanInput)
/opt/devkitpro/libctru/lib/libctru.a(ptmsysm.o)
                              /opt/devkitpro/libctru/lib/libctru.a(os.o) (ptmSysmInit)
/opt/devkitpro/libctru/lib/libctru.a(rbtree_init.o)
                              /opt/devkitpro/libctru/lib/libctru.a(vram.o) (rbtree_init)
/opt/devkitpro/libctru/lib/libctru.a(rbtree_insert.o)
                              /opt/devkitpro/libctru/lib/libctru.a(vram.o) (rbtree_insert)
/opt/devkitpro/libctru/lib/libctru.a(rbtree_rotate.o)
                              /opt/devkitpro/libctru/lib/libctru.a(rbtree_insert.o) (rbtree_rotate)
/opt/devkitpro/libctru/lib/libctru.a(rbtree_remove.o)
                              /opt/devkitpro/libctru/lib/libctru.a(vram.o) (rbtree_remove)
/opt/devkitpro/libctru/lib/libctru.a(rbtree_find.o)
                              /opt/devkitpro/libctru/lib/libctru.a(vram.o) (rbtree_find)
/opt/devkitpro/libctru/lib/libctru.a(allocateHeaps.o)
                              /opt/devkitpro/libctru/lib/libcitro3d.a(renderqueue.o) (__ctru_linear_heap_size)
/opt/devkitpro/libctru/lib/libctru.a(ctru_init.o)
                              /opt/devkitpro/libctru/lib/libctru.a(apt.o) (__system_retAddr)
/opt/devkitpro/libctru/lib/libctru.a(initArgv.o)
                              /opt/devkitpro/libctru/lib/libctru.a(ctru_init.o) (__system_initArgv)
/opt/devkitpro/libctru/lib/libctru.a(svc.o)
[...]
Memory Configuration

Name             Origin             Length             Attributes
*default*        0x0000000000000000 0xffffffffffffffff

Linker script and memory map

                0x0000000000100000                PROVIDE (__start__ = 0x100000)
                0x0000000000100000                . = __start__

.text           0x0000000000100000    0x26f14
 *(.crt0)
 .crt0          0x0000000000100000       0x94 /opt/devkitpro/devkitARM/bin/../lib/gcc/arm-none-eabi/10.2.0/../../../../arm-none-eabi/lib/armv6k/fpu/3dsx_crt0.o
                0x0000000000100000                _start
                0x0000000000100008                __service_ptr
                0x000000000010000c                __apt_appid
                0x0000000000100010                __heap_size
                0x0000000000100014                __linear_heap_size
                0x0000000000100018                __system_arglist
                0x000000000010001c                __system_runflags
 *(.init)
 .init          0x0000000000100094        0xc /opt/devkitpro/devkitARM/bin/../lib/gcc/arm-none-eabi/10.2.0/armv6k/fpu/crti.o
                0x0000000000100094                _init
 .init          0x00000000001000a0        0xc /opt/devkitpro/devkitARM/bin/../lib/gcc/arm-none-eabi/10.2.0/armv6k/fpu/crtn.o
                0x00000000001000ac                . = ALIGN (0x4)
 *(.text)
 .text          0x00000000001000ac      0x240 /opt/devkitpro/devkitARM/bin/../lib/gcc/arm-none-eabi/10.2.0/armv6k/fpu/libgcc.a(_divsi3.o)
                0x00000000001000ac                __aeabi_idiv
                0x00000000001000ac                __divsi3
                0x00000000001002cc                __aeabi_idivmod
 .text          0x00000000001002ec        0x4 /opt/devkitpro/devkitARM/bin/../lib/gcc/arm-none-eabi/10.2.0/armv6k/fpu/libgcc.a(_dvmd_tls.o)
                0x00000000001002ec                __aeabi_ldiv0
                0x00000000001002ec                __aeabi_idiv0
 .text          0x00000000001002f0       0xd4 /opt/devkitpro/devkitARM/bin/../lib/gcc/arm-none-eabi/10.2.0/armv6k/fpu/libgcc.a(_aeabi_ldivmod.o)
                0x00000000001002f0                __aeabi_ldivmod
 .text          0x00000000001003c4       0x3c /opt/devkitpro/devkitARM/bin/../lib/gcc/arm-none-eabi/10.2.0/armv6k/fpu/libgcc.a(_aeabi_uldivmod.o)
                0x00000000001003c4                __aeabi_uldivmod
 .text          0x0000000000100400      0x390 /opt/devkitpro/devkitARM/bin/../lib/gcc/arm-none-eabi/10.2.0/../../../../arm-none-eabi/lib/armv6k/fpu/libg.a(lib_a-strcmp.o)
                0x0000000000100408                strcmp
 .text          0x0000000000100790      0x20c /opt/devkitpro/devkitARM/bin/../lib/gcc/arm-none-eabi/10.2.0/armv6k/fpu/libgcc.a(_udivsi3.o)
                0x0000000000100790                __udivsi3
                0x0000000000100790                __aeabi_uidiv
                0x000000000010097c                __aeabi_uidivmod
 .text          0x000000000010099c      0x3c0 /opt/devkitpro/devkitARM/bin/../lib/gcc/arm-none-eabi/10.2.0/armv6k/fpu/libgcc.a(_arm_addsubdf3.o)
                0x000000000010099c                __aeabi_drsub
                0x00000000001009a4                __aeabi_dsub
                0x00000000001009a4                __subdf3
                0x00000000001009a8                __adddf3
                0x00000000001009a8                __aeabi_dadd
                0x0000000000100c54                __aeabi_ui2d
                0x0000000000100c54                __floatunsidf
                0x0000000000100c78                __floatsidf
                0x0000000000100c78                __aeabi_i2d
                0x0000000000100ca0                __extendsfdf2
                0x0000000000100ca0                __aeabi_f2d
                0x0000000000100ce8                __aeabi_ul2d
                0x0000000000100ce8                __floatundidf
                0x0000000000100cfc                __floatdidf
                0x0000000000100cfc                __aeabi_l2d
 *(.text.*)
 .text.__do_global_dtors_aux
                0x0000000000100d5c       0x40 /opt/devkitpro/devkitARM/bin/../lib/gcc/arm-none-eabi/10.2.0/armv6k/fpu/crtbegin.o
 .text.frame_dummy
                0x0000000000100d9c       0x2c /opt/devkitpro/devkitARM/bin/../lib/gcc/arm-none-eabi/10.2.0/armv6k/fpu/crtbegin.o
 .text.createFolders
                0x0000000000100dc8       0x54 setup.o
                0x0000000000100dc8                createFolders
 *fill*         0x0000000000100e1c        0x4 
 .text.setupBuffs
                0x0000000000100e20       0xf0 setup.o
                0x0000000000100e20                setupBuffs
 .text.sceneExit
                0x0000000000100f10       0x28 setup.o
                0x0000000000100f10                sceneExit
 .text.updateState
                0x0000000000100f38      0x360 updatestate.o
                0x0000000000100f38                updateState
 .text.subDisplay
                0x0000000000101298      0x17c subfolder.o
                0x0000000000101298                subDisplay
 .text.addfolder
                0x0000000000101414       0x88 foldcreation.o
                0x0000000000101414                addfolder
 .text.addfolderhead
                0x000000000010149c       0x60 foldcreation.o
                0x000000000010149c                addfolderhead
 .text.startup.main
                0x00000000001014fc       0xe4 main.o
                0x00000000001014fc                main
 .text.mainDisplay
                0x00000000001015e0      0x158 mainfolder.o
                0x00000000001015e0                mainDisplay
 .text.C3Di_LightEnvUpdate
                0x0000000000101738        0x4 /opt/devkitpro/libctru/lib/libcitro3d.a(base.o)
                0x0000000000101738                C3Di_LightEnvUpdate
 .text.C3Di_LightEnvDirty
                0x000000000010173c        0x4 /opt/devkitpro/libctru/lib/libcitro3d.a(base.o)
                0x000000000010173c                C3Di_LightEnvDirty
 .text.C3Di_ProcTexUpdate
                0x0000000000101740        0x4 /opt/devkitpro/libctru/lib/libcitro3d.a(base.o)
                0x0000000000101740                C3Di_ProcTexUpdate
 .text.C3Di_ProcTexDirty
                0x0000000000101744        0x4 /opt/devkitpro/libctru/lib/libcitro3d.a(base.o)
                0x0000000000101744                C3Di_ProcTexDirty
 .text.C3Di_AptEventHook
                0x0000000000101748       0xb4 /opt/devkitpro/libctru/lib/libcitro3d.a(base.o)
 .text.C3Di_GasUpdate
                0x00000000001017fc        0x4 /opt/devkitpro/libctru/lib/libcitro3d.a(base.o)
                0x00000000001017fc                C3Di_GasUpdate
 .text.C3D_Init
                0x0000000000101800      0x1e0 /opt/devkitpro/libctru/lib/libcitro3d.a(base.o)
                0x0000000000101800                C3D_Init
 .text.C3D_SetViewport
                0x00000000001019e0       0x98 /opt/devkitpro/libctru/lib/libcitro3d.a(base.o)
                0x00000000001019e0                C3D_SetViewport
 .text.C3Di_UpdateContext
                0x0000000000101a78      0x4ec /opt/devkitpro/libctru/lib/libcitro3d.a(base.o)
                0x0000000000101a78                C3Di_UpdateContext
 .text.C3Di_SplitFrame
                0x0000000000101f64       0xe0 /opt/devkitpro/libctru/lib/libcitro3d.a(base.o)
                0x0000000000101f64                C3Di_SplitFrame
 .text.C3D_Fini
                0x0000000000102044       0x44 /opt/devkitpro/libctru/lib/libcitro3d.a(base.o)
                0x0000000000102044                C3D_Fini
 .text.C3D_BindProgram
                0x0000000000102088      0x108 /opt/devkitpro/libctru/lib/libcitro3d.a(base.o)
                0x0000000000102088                C3D_BindProgram
 .text.onVBlank0
                0x0000000000102190       0x4c /opt/devkitpro/libctru/lib/libcitro3d.a(renderqueue.o)
 .text.onVBlank1
                0x00000000001021dc       0x4c /opt/devkitpro/libctru/lib/libcitro3d.a(renderqueue.o)
 .text.C3Di_RenderTargetDestroy
                0x0000000000102228       0x80 /opt/devkitpro/libctru/lib/libcitro3d.a(renderqueue.o)
 .text.onQueueFinish
                0x00000000001022a8       0xf4 /opt/devkitpro/libctru/lib/libcitro3d.a(renderqueue.o)
 .text.C3Di_RenderQueueEnableVBlank
                0x000000000010239c       0x38 /opt/devkitpro/libctru/lib/libcitro3d.a(renderqueue.o)
                0x000000000010239c                C3Di_RenderQueueEnableVBlank
 .text.C3Di_RenderQueueDisableVBlank
                0x00000000001023d4       0x30 /opt/devkitpro/libctru/lib/libcitro3d.a(renderqueue.o)
                0x00000000001023d4                C3Di_RenderQueueDisableVBlank
 .text.C3Di_RenderQueueInit
                0x0000000000102404       0x60 /opt/devkitpro/libctru/lib/libcitro3d.a(renderqueue.o)
                0x0000000000102404                C3Di_RenderQueueInit
 .text.C3Di_RenderQueueExit
                0x0000000000102464       0xb0 /opt/devkitpro/libctru/lib/libcitro3d.a(renderqueue.o)
                0x0000000000102464                C3Di_RenderQueueExit
 .text.C3Di_RenderQueueWaitDone
                0x0000000000102514       0x34 /opt/devkitpro/libctru/lib/libcitro3d.a(renderqueue.o)
                0x0000000000102514                C3Di_RenderQueueWaitDone
 .text.C3D_FrameBegin
                0x0000000000102548       0xe4 /opt/devkitpro/libctru/lib/libcitro3d.a(renderqueue.o)
                0x0000000000102548                C3D_FrameBegin
 .text.C3D_FrameDrawOn
                0x000000000010262c       0x48 /opt/devkitpro/libctru/lib/libcitro3d.a(renderqueue.o)
                0x000000000010262c                C3D_FrameDrawOn
 .text.C3D_FrameEnd
                0x0000000000102674      0x1d8 /opt/devkitpro/libctru/lib/libcitro3d.a(renderqueue.o)
                0x0000000000102674                C3D_FrameEnd
 .text.C3D_RenderTargetCreate
                0x000000000010284c      0x128 /opt/devkitpro/libctru/lib/libcitro3d.a(renderqueue.o)
                0x000000000010284c                C3D_RenderTargetCreate
 .text.C3D_RenderTargetSetOutput
                0x0000000000102974       0xa8 /opt/devkitpro/libctru/lib/libcitro3d.a(renderqueue.o)
                0x0000000000102974                C3D_RenderTargetSetOutput
 .text.C3Di_SetTex
                0x0000000000102a1c      0x16c /opt/devkitpro/libctru/lib/libcitro3d.a(texture.o)
                0x0000000000102a1c                C3Di_SetTex
 .text.C3D_CalcColorBufSize
                0x0000000000102b88       0x1c /opt/devkitpro/libctru/lib/libcitro3d.a(framebuffer.o)
                0x0000000000102b88                C3D_CalcColorBufSize
 .text.C3D_CalcDepthBufSize
                0x0000000000102ba4       0x1c /opt/devkitpro/libctru/lib/libcitro3d.a(framebuffer.o)
                0x0000000000102ba4                C3D_CalcDepthBufSize
 .text.C3D_SetFrameBuf
                0x0000000000102bc0       0x44 /opt/devkitpro/libctru/lib/libcitro3d.a(framebuffer.o)
                0x0000000000102bc0                C3D_SetFrameBuf
 .text.C3Di_FrameBufBind
                0x0000000000102c04      0x16c /opt/devkitpro/libctru/lib/libcitro3d.a(framebuffer.o)
                0x0000000000102c04                C3Di_FrameBufBind
 .text.C3D_FrameBufClear
                0x0000000000102d70       0xcc /opt/devkitpro/libctru/lib/libcitro3d.a(framebuffer.o)
                0x0000000000102d70                C3D_FrameBufClear
 .text.C3D_FrameBufTransfer
                0x0000000000102e3c       0x44 /opt/devkitpro/libctru/lib/libcitro3d.a(framebuffer.o)
                0x0000000000102e3c                C3D_FrameBufTransfer
 .text.C3Di_TexEnvBind
                0x0000000000102e80       0x24 /opt/devkitpro/libctru/lib/libcitro3d.a(texenv.o)
                0x0000000000102e80                C3Di_TexEnvBind
 .text.BufInfo_Init
                0x0000000000102ea4       0x24 /opt/devkitpro/libctru/lib/libcitro3d.a(buffers.o)
                0x0000000000102ea4                BufInfo_Init
 .text.BufInfo_Add
                0x0000000000102ec8       0x80 /opt/devkitpro/libctru/lib/libcitro3d.a(buffers.o)
                0x0000000000102ec8                BufInfo_Add
 .text.C3D_GetBufInfo
                0x0000000000102f48       0x20 /opt/devkitpro/libctru/lib/libcitro3d.a(buffers.o)
                0x0000000000102f48                C3D_GetBufInfo
 .text.C3Di_BufInfoBind
                0x0000000000102f68       0x48 /opt/devkitpro/libctru/lib/libcitro3d.a(buffers.o)
                0x0000000000102f68                C3Di_BufInfoBind
 .text.C3D_DrawArrays
                0x0000000000102fb0      0x148 /opt/devkitpro/libctru/lib/libcitro3d.a(drawArrays.o)
                0x0000000000102fb0                C3D_DrawArrays
 .text.C3D_DepthMap
                0x00000000001030f8       0x40 /opt/devkitpro/libctru/lib/libcitro3d.a(effect.o)
                0x00000000001030f8                C3D_DepthMap
 .text.C3D_CullFace
                0x0000000000103138       0x1c /opt/devkitpro/libctru/lib/libcitro3d.a(effect.o)
                0x0000000000103138                C3D_CullFace
 .text.C3D_StencilTest
                0x0000000000103154       0x40 /opt/devkitpro/libctru/lib/libcitro3d.a(effect.o)
                0x0000000000103154                C3D_StencilTest
 .text.C3D_StencilOp
                0x0000000000103194       0x24 /opt/devkitpro/libctru/lib/libcitro3d.a(effect.o)
                0x0000000000103194                C3D_StencilOp
 .text.C3D_BlendingColor
                0x00000000001031b8       0x1c /opt/devkitpro/libctru/lib/libcitro3d.a(effect.o)
                0x00000000001031b8                C3D_BlendingColor
 .text.C3D_EarlyDepthTest
                0x00000000001031d4       0x24 /opt/devkitpro/libctru/lib/libcitro3d.a(effect.o)
                0x00000000001031d4                C3D_EarlyDepthTest
 .text.C3D_DepthTest
                0x00000000001031f8       0x2c /opt/devkitpro/libctru/lib/libcitro3d.a(effect.o)
                0x00000000001031f8                C3D_DepthTest
 .text.C3D_AlphaTest
                0x0000000000103224       0x2c /opt/devkitpro/libctru/lib/libcitro3d.a(effect.o)
                0x0000000000103224                C3D_AlphaTest
 .text.C3D_AlphaBlend
                0x0000000000103250       0x50 /opt/devkitpro/libctru/lib/libcitro3d.a(effect.o)
                0x0000000000103250                C3D_AlphaBlend
 .text.C3D_FragOpMode
                0x00000000001032a0       0x30 /opt/devkitpro/libctru/lib/libcitro3d.a(effect.o)
                0x00000000001032a0                C3D_FragOpMode
 .text.C3D_FragOpShadow
                0x00000000001032d0       0x44 /opt/devkitpro/libctru/lib/libcitro3d.a(effect.o)
                0x00000000001032d0                C3D_FragOpShadow
 .text.C3Di_EffectBind
                0x0000000000103314      0x1ac /opt/devkitpro/libctru/lib/libcitro3d.a(effect.o)
                0x0000000000103314                C3Di_EffectBind
 .text.AttrInfo_Init
                0x00000000001034c0       0x28 /opt/devkitpro/libctru/lib/libcitro3d.a(attribs.o)
                0x00000000001034c0                AttrInfo_Init
 .text.AttrInfo_AddLoader
                0x00000000001034e8       0x98 /opt/devkitpro/libctru/lib/libcitro3d.a(attribs.o)
                0x00000000001034e8                AttrInfo_AddLoader
 .text.C3D_GetAttrInfo
                0x0000000000103580       0x20 /opt/devkitpro/libctru/lib/libcitro3d.a(attribs.o)
                0x0000000000103580                C3D_GetAttrInfo
 .text.C3Di_AttrInfoBind
                0x00000000001035a0       0x80 /opt/devkitpro/libctru/lib/libcitro3d.a(attribs.o)
                0x00000000001035a0                C3Di_AttrInfoBind
 .text.C3D_ImmSendAttrib
                0x0000000000103620       0xa8 /opt/devkitpro/libctru/lib/libcitro3d.a(immediate.o)
                0x0000000000103620                C3D_ImmSendAttrib
 .text.C3D_UpdateUniforms
                0x00000000001036c8      0x29c /opt/devkitpro/libctru/lib/libcitro3d.a(uniforms.o)
                0x00000000001036c8                C3D_UpdateUniforms
 .text.C3Di_DirtyUniforms
                0x0000000000103964       0xc0 /opt/devkitpro/libctru/lib/libcitro3d.a(uniforms.o)
                0x0000000000103964                C3Di_DirtyUniforms
 .text.C3Di_LoadShaderUniforms
                0x0000000000103a24       0xd8 /opt/devkitpro/libctru/lib/libcitro3d.a(uniforms.o)
                0x0000000000103a24                C3Di_LoadShaderUniforms
 .text.C3Di_ClearShaderUniforms
                0x0000000000103afc       0x28 /opt/devkitpro/libctru/lib/libcitro3d.a(uniforms.o)
                0x0000000000103afc                C3Di_ClearShaderUniforms
 .text.Mtx_PerspTilt
                0x0000000000103b24       0x94 /opt/devkitpro/libctru/lib/libcitro3d.a(mtx_persptilt.o)
                0x0000000000103b24                Mtx_PerspTilt
 .text.Mtx_Translate
                0x0000000000103bb8       0xa0 /opt/devkitpro/libctru/lib/libcitro3d.a(mtx_translate.o)
                0x0000000000103bb8                Mtx_Translate
 .text._ZL21addrMapNodeComparatorPK11rbtree_nodeS1_
                0x0000000000103c58       0x24 /opt/devkitpro/libctru/lib/libctru.a(vram.o)
 .text._ZL21addrMapNodeDestructorP11rbtree_node
                0x0000000000103c7c        0x4 /opt/devkitpro/libctru/lib/libctru.a(vram.o)
 .text.vramMemAlign
                0x0000000000103c80      0x114 /opt/devkitpro/libctru/lib/libctru.a(vram.o)
                0x0000000000103c80                vramMemAlign
 .text.vramAlloc
                0x0000000000103d94        0x8 /opt/devkitpro/libctru/lib/libctru.a(vram.o)
                0x0000000000103d94                vramAlloc
 .text.vramFree
                0x0000000000103d9c       0x5c /opt/devkitpro/libctru/lib/libctru.a(vram.o)
                0x0000000000103d9c                vramFree
 .text._ZL21addrMapNodeComparatorPK11rbtree_nodeS1_
                0x0000000000103df8       0x24 /opt/devkitpro/libctru/lib/libctru.a(linear.o)
 .text._ZL21addrMapNodeDestructorP11rbtree_node
                0x0000000000103e1c        0x4 /opt/devkitpro/libctru/lib/libctru.a(linear.o)
 .text.linearMemAlign
                0x0000000000103e20      0x120 /opt/devkitpro/libctru/lib/libctru.a(linear.o)
                0x0000000000103e20                linearMemAlign
 .text.linearAlloc
                0x0000000000103f40        0x8 /opt/devkitpro/libctru/lib/libctru.a(linear.o)
                0x0000000000103f40                linearAlloc
 .text.linearFree
                0x0000000000103f48       0x5c /opt/devkitpro/libctru/lib/libctru.a(linear.o)
                0x0000000000103f48                linearFree
 .text._ZN7MemPool13CoalesceRightEP8MemBlock
                0x0000000000103fa4       0x84 /opt/devkitpro/libctru/lib/libctru.a(mem_pool.o)
                0x0000000000103fa4                MemPool::CoalesceRight(MemBlock*)
 .text._ZN7MemPool8AllocateER8MemChunkmi
                0x0000000000104028      0x170 /opt/devkitpro/libctru/lib/libctru.a(mem_pool.o)
                0x0000000000104028                MemPool::Allocate(MemChunk&, unsigned long, int)
 .text._ZN7MemPool10DeallocateERK8MemChunk
                0x0000000000104198       0xfc /opt/devkitpro/libctru/lib/libctru.a(mem_pool.o)
                0x0000000000104198                MemPool::Deallocate(MemChunk const&)
 .text.osConvertVirtToPhys
                0x0000000000104294       0x74 /opt/devkitpro/libctru/lib/libctru.a(os.o)
                0x0000000000104294                osConvertVirtToPhys
 .text.osGetTimeRef
                0x0000000000104308       0x54 /opt/devkitpro/libctru/lib/libctru.a(os.o)
                0x0000000000104308                osGetTimeRef
 .text.osGetTime
                0x000000000010435c       0xe4 /opt/devkitpro/libctru/lib/libctru.a(os.o)
                0x000000000010435c                osGetTime
 .text.__libctru_gtod
                0x0000000000104440       0x74 /opt/devkitpro/libctru/lib/libctru.a(os.o)
                0x0000000000104440                __libctru_gtod
 .text.__ctru_speedup_config
                0x00000000001044b4       0x34 /opt/devkitpro/libctru/lib/libctru.a(os.o)
                0x00000000001044b4                __ctru_speedup_config
 .text.consoleDrawChar
                0x00000000001044e8      0x178 /opt/devkitpro/libctru/lib/libctru.a(console.o)
                0x00000000001044e8                consoleDrawChar
 .text.consolePrintChar
                0x0000000000104660      0x124 /opt/devkitpro/libctru/lib/libctru.a(console.o)
                0x0000000000104660                consolePrintChar
 .text.con_write
                0x0000000000104784      0xa00 /opt/devkitpro/libctru/lib/libctru.a(console.o)
                0x0000000000104784                con_write
 .text.consoleInit
                0x0000000000105184      0x168 /opt/devkitpro/libctru/lib/libctru.a(console.o)
                0x0000000000105184                consoleInit
 .text.newRow   0x00000000001052ec       0xf4 /opt/devkitpro/libctru/lib/libctru.a(console.o)
 .text.gfxPresentFramebuffer
                0x00000000001053e0       0xd0 /opt/devkitpro/libctru/lib/libctru.a(gfx.o)
 .text.gfxIsWide
                0x00000000001054b0       0x1c /opt/devkitpro/libctru/lib/libctru.a(gfx.o)
                0x00000000001054b0                gfxIsWide
 .text.gfxSetScreenFormat
                0x00000000001054cc       0xec /opt/devkitpro/libctru/lib/libctru.a(gfx.o)
                0x00000000001054cc                gfxSetScreenFormat
 .text.gfxSetDoubleBuffering
                0x00000000001055b8       0x10 /opt/devkitpro/libctru/lib/libctru.a(gfx.o)
                0x00000000001055b8                gfxSetDoubleBuffering
 .text.gfxInit  0x00000000001055c8      0x108 /opt/devkitpro/libctru/lib/libctru.a(gfx.o)
                0x00000000001055c8                gfxInit
 .text.gfxInitDefault
                0x00000000001056d0       0x10 /opt/devkitpro/libctru/lib/libctru.a(gfx.o)
                0x00000000001056d0                gfxInitDefault
 .text.gfxExit  0x00000000001056e0       0xb4 /opt/devkitpro/libctru/lib/libctru.a(gfx.o)
                0x00000000001056e0                gfxExit
 .text.gfxGetFramebuffer
                0x0000000000105794       0xa0 /opt/devkitpro/libctru/lib/libctru.a(gfx.o)
                0x0000000000105794                gfxGetFramebuffer
 .text.gfxFlushBuffers
                0x0000000000105834      0x10c /opt/devkitpro/libctru/lib/libctru.a(gfx.o)
                0x0000000000105834                gfxFlushBuffers
 .text.gfxScreenSwapBuffers
                0x0000000000105940       0x30 /opt/devkitpro/libctru/lib/libctru.a(gfx.o)
                0x0000000000105940                gfxScreenSwapBuffers
 .text.gfxSwapBuffersGpu
                0x0000000000105970       0x50 /opt/devkitpro/libctru/lib/libctru.a(gfx.o)
                0x0000000000105970                gfxSwapBuffersGpu
 .text.shaderInstanceInit
                0x00000000001059c0      0x1e0 /opt/devkitpro/libctru/lib/libctru.a(shaderProgram.o)
                0x00000000001059c0                shaderInstanceInit
 .text.shaderInstanceGetUniformLocation
                0x0000000000105ba0       0x18 /opt/devkitpro/libctru/lib/libctru.a(shaderProgram.o)
                0x0000000000105ba0                shaderInstanceGetUniformLocation
 .text.shaderProgramInit
                0x0000000000105bb8       0x1c /opt/devkitpro/libctru/lib/libctru.a(shaderProgram.o)
                0x0000000000105bb8                shaderProgramInit
 .text.shaderProgramFree
                0x0000000000105bd4       0x64 /opt/devkitpro/libctru/lib/libctru.a(shaderProgram.o)
                0x0000000000105bd4                shaderProgramFree
 .text.shaderProgramSetVsh
                0x0000000000105c38       0x80 /opt/devkitpro/libctru/lib/libctru.a(shaderProgram.o)
                0x0000000000105c38                shaderProgramSetVsh
 .text.shaderProgramConfigure
                0x0000000000105cb8      0x8c0 /opt/devkitpro/libctru/lib/libctru.a(shaderProgram.o)
                0x0000000000105cb8                shaderProgramConfigure
 .text.DVLE_GenerateOutmap.part.0
                0x0000000000106578      0x1f8 /opt/devkitpro/libctru/lib/libctru.a(shbin.o)
 .text.DVLB_ParseFile
                0x0000000000106770      0x1cc /opt/devkitpro/libctru/lib/libctru.a(shbin.o)
                0x0000000000106770                DVLB_ParseFile
 .text.DVLB_Free
                0x000000000010693c       0x38 /opt/devkitpro/libctru/lib/libctru.a(shbin.o)
                0x000000000010693c                DVLB_Free
 .text.DVLE_GetUniformRegister
                0x0000000000106974       0x74 /opt/devkitpro/libctru/lib/libctru.a(shbin.o)
                0x0000000000106974                DVLE_GetUniformRegister
 .text.GX_BindQueue
                0x00000000001069e8       0x10 /opt/devkitpro/libctru/lib/libctru.a(gx.o)
                0x00000000001069e8                GX_BindQueue
 .text.GX_ProcessCommandList
                0x00000000001069f8       0x78 /opt/devkitpro/libctru/lib/libctru.a(gx.o)
                0x00000000001069f8                GX_ProcessCommandList
 .text.GX_MemoryFill
                0x0000000000106a70       0x74 /opt/devkitpro/libctru/lib/libctru.a(gx.o)
                0x0000000000106a70                GX_MemoryFill
 .text.GX_DisplayTransfer
                0x0000000000106ae4       0x70 /opt/devkitpro/libctru/lib/libctru.a(gx.o)
                0x0000000000106ae4                GX_DisplayTransfer
 .text.gxCmdQueueDoCommands.part.0
                0x0000000000106b54       0x68 /opt/devkitpro/libctru/lib/libctru.a(gxqueue.o)
 .text.gxCmdQueueInterrupt
                0x0000000000106bbc       0xc8 /opt/devkitpro/libctru/lib/libctru.a(gxqueue.o)
                0x0000000000106bbc                gxCmdQueueInterrupt
 .text.gxCmdQueueClear
                0x0000000000106c84       0x4c /opt/devkitpro/libctru/lib/libctru.a(gxqueue.o)
                0x0000000000106c84                gxCmdQueueClear
 .text.gxCmdQueueAdd
                0x0000000000106cd0       0xf8 /opt/devkitpro/libctru/lib/libctru.a(gxqueue.o)
                0x0000000000106cd0                gxCmdQueueAdd
 .text.gxCmdQueueRun
                0x0000000000106dc8       0x80 /opt/devkitpro/libctru/lib/libctru.a(gxqueue.o)
                0x0000000000106dc8                gxCmdQueueRun
 .text.gxCmdQueueStop
                0x0000000000106e48       0x60 /opt/devkitpro/libctru/lib/libctru.a(gxqueue.o)
                0x0000000000106e48                gxCmdQueueStop
 .text.gxCmdQueueWait
                0x0000000000106ea8       0x74 /opt/devkitpro/libctru/lib/libctru.a(gxqueue.o)
                0x0000000000106ea8                gxCmdQueueWait
 .text.GPUCMD_Add
                0x0000000000106f1c      0x13c /opt/devkitpro/libctru/lib/libctru.a(gpu.o)
                0x0000000000106f1c                GPUCMD_Add
 .text.GPUCMD_Split
                0x0000000000107058       0xac /opt/devkitpro/libctru/lib/libctru.a(gpu.o)
                0x0000000000107058                GPUCMD_Split
 .text.f32tof16
                0x0000000000107104       0x40 /opt/devkitpro/libctru/lib/libctru.a(gpu.o)
                0x0000000000107104                f32tof16
 .text.f32tof24
                0x0000000000107144       0x40 /opt/devkitpro/libctru/lib/libctru.a(gpu.o)
                0x0000000000107144                f32tof24
 .text.f32tof31
                0x0000000000107184       0x44 /opt/devkitpro/libctru/lib/libctru.a(gpu.o)
                0x0000000000107184                f32tof31
 .text.gspHardwareInit
                0x00000000001071c8      0xc58 /opt/devkitpro/libctru/lib/libctru.a(gspgpu.o)
 .text.gspInit  0x0000000000107e20      0x254 /opt/devkitpro/libctru/lib/libctru.a(gspgpu.o)
                0x0000000000107e20                gspInit
 .text.gspExit  0x0000000000108074       0xf0 /opt/devkitpro/libctru/lib/libctru.a(gspgpu.o)
                0x0000000000108074                gspExit
 .text.gspHasGpuRight
                0x0000000000108164       0x10 /opt/devkitpro/libctru/lib/libctru.a(gspgpu.o)
                0x0000000000108164                gspHasGpuRight
 .text.gspPresentBuffer
                0x0000000000108174       0x98 /opt/devkitpro/libctru/lib/libctru.a(gspgpu.o)
                0x0000000000108174                gspPresentBuffer
 .text.gspSetEventCallback
                0x000000000010820c       0x30 /opt/devkitpro/libctru/lib/libctru.a(gspgpu.o)
                0x000000000010820c                gspSetEventCallback
 .text.gspWaitForEvent
                0x000000000010823c       0x50 /opt/devkitpro/libctru/lib/libctru.a(gspgpu.o)
                0x000000000010823c                gspWaitForEvent
 .text.gspWaitForAnyEvent
                0x000000000010828c       0x4c /opt/devkitpro/libctru/lib/libctru.a(gspgpu.o)
                0x000000000010828c                gspWaitForAnyEvent
 .text.gspEventThreadMain
                0x00000000001082d8      0x160 /opt/devkitpro/libctru/lib/libctru.a(gspgpu.o)
 .text.gspSubmitGxCommand
                0x0000000000108438      0x130 /opt/devkitpro/libctru/lib/libctru.a(gspgpu.o)
                0x0000000000108438                gspSubmitGxCommand
 .text.GSPGPU_FlushDataCache
                0x0000000000108568       0x50 /opt/devkitpro/libctru/lib/libctru.a(gspgpu.o)
                0x0000000000108568                GSPGPU_FlushDataCache
 .text.GSPGPU_SetLcdForceBlack
                0x00000000001085b8       0x34 /opt/devkitpro/libctru/lib/libctru.a(gspgpu.o)
                0x00000000001085b8                GSPGPU_SetLcdForceBlack
 .text.GSPGPU_AcquireRight
                0x00000000001085ec       0x68 /opt/devkitpro/libctru/lib/libctru.a(gspgpu.o)
                0x00000000001085ec                GSPGPU_AcquireRight
 .text.GSPGPU_ReleaseRight
                0x0000000000108654       0x48 /opt/devkitpro/libctru/lib/libctru.a(gspgpu.o)
                0x0000000000108654                GSPGPU_ReleaseRight
 .text.GSPGPU_ImportDisplayCaptureInfo
                0x000000000010869c       0x7c /opt/devkitpro/libctru/lib/libctru.a(gspgpu.o)
                0x000000000010869c                GSPGPU_ImportDisplayCaptureInfo
 .text.GSPGPU_SaveVramSysArea
                0x0000000000108718       0x2c /opt/devkitpro/libctru/lib/libctru.a(gspgpu.o)
                0x0000000000108718                GSPGPU_SaveVramSysArea
 .text.GSPGPU_RestoreVramSysArea
                0x0000000000108744       0x2c /opt/devkitpro/libctru/lib/libctru.a(gspgpu.o)
                0x0000000000108744                GSPGPU_RestoreVramSysArea
 .text.aptConvertScreenForCapture
                0x0000000000108770      0x1b0 /opt/devkitpro/libctru/lib/libctru.a(apt.o)
 .text.aptDspSleep
                0x0000000000108920        0x8 /opt/devkitpro/libctru/lib/libctru.a(apt.o)
                0x0000000000108920                aptDspSleep
 .text.aptDspWakeup
                0x0000000000108928        0x4 /opt/devkitpro/libctru/lib/libctru.a(apt.o)
                0x0000000000108928                aptDspWakeup
 .text.aptDspCancel
                0x000000000010892c        0x4 /opt/devkitpro/libctru/lib/libctru.a(apt.o)
                0x000000000010892c                aptDspCancel
 .text.aptSendCommand
                0x0000000000108930      0x15c /opt/devkitpro/libctru/lib/libctru.a(apt.o)
                0x0000000000108930                aptSendCommand
 .text.aptExitProcess
                0x0000000000108a8c       0x38 /opt/devkitpro/libctru/lib/libctru.a(apt.o)
 .text.aptExit  0x0000000000108ac4      0x2f0 /opt/devkitpro/libctru/lib/libctru.a(apt.o)
                0x0000000000108ac4                aptExit
 .text.aptHandleSleep
                0x0000000000108db4       0xd8 /opt/devkitpro/libctru/lib/libctru.a(apt.o)
                0x0000000000108db4                aptHandleSleep
 .text.aptHook  0x0000000000108e8c       0x30 /opt/devkitpro/libctru/lib/libctru.a(apt.o)
                0x0000000000108e8c                aptHook
 .text.aptUnhook
                0x0000000000108ebc       0x30 /opt/devkitpro/libctru/lib/libctru.a(apt.o)
                0x0000000000108ebc                aptUnhook
 .text.APT_SleepIfShellClosed
                0x0000000000108eec       0x84 /opt/devkitpro/libctru/lib/libctru.a(apt.o)
                0x0000000000108eec                APT_SleepIfShellClosed
 .text.aptSetSleepAllowed
                0x0000000000108f70       0x84 /opt/devkitpro/libctru/lib/libctru.a(apt.o)
                0x0000000000108f70                aptSetSleepAllowed
 .text.APT_UnlockTransition
                0x0000000000108ff4       0x84 /opt/devkitpro/libctru/lib/libctru.a(apt.o)
                0x0000000000108ff4                APT_UnlockTransition
 .text.aptEventHandler
                0x0000000000109078      0x484 /opt/devkitpro/libctru/lib/libctru.a(apt.o)
 .text.APT_ReceiveParameter
                0x00000000001094fc       0xb0 /opt/devkitpro/libctru/lib/libctru.a(apt.o)
                0x00000000001094fc                APT_ReceiveParameter
 .text.aptReceiveParameter.constprop.0
                0x00000000001095ac       0xb0 /opt/devkitpro/libctru/lib/libctru.a(apt.o)
 *fill*         0x000000000010965c        0x4 
 .text.aptScreenTransfer
                0x0000000000109660      0x2bc /opt/devkitpro/libctru/lib/libctru.a(apt.o)
 .text.aptWaitForWakeUp.isra.0
                0x000000000010991c      0x2d0 /opt/devkitpro/libctru/lib/libctru.a(apt.o)
 .text.aptJumpToHomeMenu
                0x0000000000109bec       0xf8 /opt/devkitpro/libctru/lib/libctru.a(apt.o)
                0x0000000000109bec                aptJumpToHomeMenu
 .text.aptMainLoop
                0x0000000000109ce4       0x4c /opt/devkitpro/libctru/lib/libctru.a(apt.o)
                0x0000000000109ce4                aptMainLoop
 .text.aptInit  0x0000000000109d30      0x234 /opt/devkitpro/libctru/lib/libctru.a(apt.o)
                0x0000000000109d30                aptInit
 .text.APT_CheckNew3DS
                0x0000000000109f64       0x7c /opt/devkitpro/libctru/lib/libctru.a(apt.o)
                0x0000000000109f64                APT_CheckNew3DS
 .text.hidShouldUseIrrst
                0x0000000000109fe0       0x24 /opt/devkitpro/libctru/lib/libctru.a(hid.o)
                0x0000000000109fe0                hidShouldUseIrrst
 .text.hidInit  0x000000000010a004      0x18c /opt/devkitpro/libctru/lib/libctru.a(hid.o)
                0x000000000010a004                hidInit
 .text.hidExit  0x000000000010a190       0xe8 /opt/devkitpro/libctru/lib/libctru.a(hid.o)
                0x000000000010a190                hidExit
 .text.hidScanInput
                0x000000000010a278      0x294 /opt/devkitpro/libctru/lib/libctru.a(hid.o)
                0x000000000010a278                hidScanInput
 .text.hidKeysDown
                0x000000000010a50c       0x10 /opt/devkitpro/libctru/lib/libctru.a(hid.o)
                0x000000000010a50c                hidKeysDown
 .text.hidTouchRead
                0x000000000010a51c       0x18 /opt/devkitpro/libctru/lib/libctru.a(hid.o)
                0x000000000010a51c                hidTouchRead
 .text.ptmSysmInit
                0x000000000010a534       0x74 /opt/devkitpro/libctru/lib/libctru.a(ptmsysm.o)
                0x000000000010a534                ptmSysmInit
 .text.ptmSysmExit
                0x000000000010a5a8       0x3c /opt/devkitpro/libctru/lib/libctru.a(ptmsysm.o)
                0x000000000010a5a8                ptmSysmExit
 .text.PTMSYSM_ConfigureNew3DSCPU
                0x000000000010a5e4       0x34 /opt/devkitpro/libctru/lib/libctru.a(ptmsysm.o)
                0x000000000010a5e4                PTMSYSM_ConfigureNew3DSCPU
 .text.rbtree_init
                0x000000000010a618       0x10 /opt/devkitpro/libctru/lib/libctru.a(rbtree_init.o)
                0x000000000010a618                rbtree_init
 .text.do_insert
                0x000000000010a628      0x1a0 /opt/devkitpro/libctru/lib/libctru.a(rbtree_insert.o)
 .text.rbtree_insert
                0x000000000010a7c8        0x8 /opt/devkitpro/libctru/lib/libctru.a(rbtree_insert.o)
                0x000000000010a7c8                rbtree_insert
 .text.rbtree_rotate
                0x000000000010a7d0       0x90 /opt/devkitpro/libctru/lib/libctru.a(rbtree_rotate.o)
                0x000000000010a7d0                rbtree_rotate
 .text.rbtree_remove
                0x000000000010a860      0x338 /opt/devkitpro/libctru/lib/libctru.a(rbtree_remove.o)
                0x000000000010a860                rbtree_remove
 .text.rbtree_find
                0x000000000010ab98       0x74 /opt/devkitpro/libctru/lib/libctru.a(rbtree_find.o)
                0x000000000010ab98                rbtree_find
 *fill*         0x000000000010ac0c        0x4 
 .text.__system_allocateHeaps
                0x000000000010ac10      0x1e0 /opt/devkitpro/libctru/lib/libctru.a(allocateHeaps.o)
                0x000000000010ac10                __system_allocateHeaps
 .text.__libctru_init
                0x000000000010adf0       0x38 /opt/devkitpro/libctru/lib/libctru.a(ctru_init.o)
                0x000000000010adf0                __libctru_init
 .text.__system_initArgv
                0x000000000010ae28       0xf0 /opt/devkitpro/libctru/lib/libctru.a(initArgv.o)
                0x000000000010ae28                __system_initArgv
 .text.svcControlMemory
                0x000000000010af18       0x20 /opt/devkitpro/libctru/lib/libctru.a(svc.o)
                0x000000000010af18                svcControlMemory
 .text.svcQueryMemory
                0x000000000010af38       0x30 /opt/devkitpro/libctru/lib/libctru.a(svc.o)
                0x000000000010af38                svcQueryMemory
 .text.svcExitProcess
                0x000000000010af68        0x8 /opt/devkitpro/libctru/lib/libctru.a(svc.o)
                0x000000000010af68                svcExitProcess
 .text.svcCreateThread
                0x000000000010af70       0x20 /opt/devkitpro/libctru/lib/libctru.a(svc.o)
                0x000000000010af70                svcCreateThread
 .text.svcExitThread
                0x000000000010af90        0x8 /opt/devkitpro/libctru/lib/libctru.a(svc.o)
                0x000000000010af90                svcExitThread
 .text.svcSleepThread
                0x000000000010af98        0x8 /opt/devkitpro/libctru/lib/libctru.a(svc.o)
                0x000000000010af98                svcSleepThread
 .text.svcReleaseMutex
                0x000000000010afa0        0x8 /opt/devkitpro/libctru/lib/libctru.a(svc.o)
                0x000000000010afa0                svcReleaseMutex
 .text.svcCreateEvent
                0x000000000010afa8       0x14 /opt/devkitpro/libctru/lib/libctru.a(svc.o)
                0x000000000010afa8                svcCreateEvent
 .text.svcSignalEvent
                0x000000000010afbc        0x8 /opt/devkitpro/libctru/lib/libctru.a(svc.o)
                0x000000000010afbc                svcSignalEvent
 .text.svcClearEvent
                0x000000000010afc4        0x8 /opt/devkitpro/libctru/lib/libctru.a(svc.o)
                0x000000000010afc4                svcClearEvent
 .text.svcMapMemoryBlock
                0x000000000010afcc        0x8 /opt/devkitpro/libctru/lib/libctru.a(svc.o)
                0x000000000010afcc                svcMapMemoryBlock
 .text.svcUnmapMemoryBlock
                0x000000000010afd4        0x8 /opt/devkitpro/libctru/lib/libctru.a(svc.o)
                0x000000000010afd4                svcUnmapMemoryBlock
 .text.svcCreateAddressArbiter
                0x000000000010afdc       0x14 /opt/devkitpro/libctru/lib/libctru.a(svc.o)
                0x000000000010afdc                svcCreateAddressArbiter
 .text.svcArbitrateAddressNoTimeout
                0x000000000010aff0        0x8 /opt/devkitpro/libctru/lib/libctru.a(svc.o)
                0x000000000010aff0                svcArbitrateAddressNoTimeout
 .text.svcCloseHandle
                0x000000000010aff8        0x8 /opt/devkitpro/libctru/lib/libctru.a(svc.o)
                0x000000000010aff8                svcCloseHandle
 .text.svcWaitSynchronization
                0x000000000010b000        0x8 /opt/devkitpro/libctru/lib/libctru.a(svc.o)
                0x000000000010b000                svcWaitSynchronization
 .text.svcWaitSynchronizationN
                0x000000000010b008       0x28 /opt/devkitpro/libctru/lib/libctru.a(svc.o)
                0x000000000010b008                svcWaitSynchronizationN
 .text.svcDuplicateHandle
                0x000000000010b030       0x14 /opt/devkitpro/libctru/lib/libctru.a(svc.o)
                0x000000000010b030                svcDuplicateHandle
 .text.svcGetSystemTick
                0x000000000010b044        0x8 /opt/devkitpro/libctru/lib/libctru.a(svc.o)
                0x000000000010b044                svcGetSystemTick
 .text.svcConnectToPort
                0x000000000010b04c       0x14 /opt/devkitpro/libctru/lib/libctru.a(svc.o)
                0x000000000010b04c                svcConnectToPort
 .text.svcSendSyncRequest
                0x000000000010b060        0x8 /opt/devkitpro/libctru/lib/libctru.a(svc.o)
                0x000000000010b060                svcSendSyncRequest
 .text.svcGetResourceLimit
                0x000000000010b068       0x14 /opt/devkitpro/libctru/lib/libctru.a(svc.o)
                0x000000000010b068                svcGetResourceLimit
 .text.svcGetResourceLimitLimitValues
                0x000000000010b07c        0x8 /opt/devkitpro/libctru/lib/libctru.a(svc.o)
                0x000000000010b07c                svcGetResourceLimitLimitValues
 .text.svcGetResourceLimitCurrentValues
                0x000000000010b084        0x8 /opt/devkitpro/libctru/lib/libctru.a(svc.o)
                0x000000000010b084                svcGetResourceLimitCurrentValues
 .text.svcBreak
                0x000000000010b08c        0x8 /opt/devkitpro/libctru/lib/libctru.a(svc.o)
                0x000000000010b08c                svcBreak
 .text.initSystem
                0x000000000010b094       0x50 /opt/devkitpro/libctru/lib/libctru.a(stack_adjust.o)
                0x000000000010b094                initSystem
 .text.__ctru_exit
                0x000000000010b0e4       0x18 /opt/devkitpro/libctru/lib/libctru.a(stack_adjust.o)
                0x000000000010b0e4                __ctru_exit
 .text.__sync_init
                0x000000000010b0fc        0xc /opt/devkitpro/libctru/lib/libctru.a(synchronization.o)
                0x000000000010b0fc                __sync_init
 .text.__sync_fini
                0x000000000010b108       0x18 /opt/devkitpro/libctru/lib/libctru.a(synchronization.o)
                0x000000000010b108                __sync_fini
 .text.syncArbitrateAddress
                0x000000000010b120       0x2c /opt/devkitpro/libctru/lib/libctru.a(synchronization.o)
                0x000000000010b120                syncArbitrateAddress
 .text.LightLock_Init
                0x000000000010b14c       0x1c /opt/devkitpro/libctru/lib/libctru.a(synchronization.o)
                0x000000000010b14c                LightLock_Init
 .text.LightLock_Lock
                0x000000000010b168       0x94 /opt/devkitpro/libctru/lib/libctru.a(synchronization.o)
                0x000000000010b168                LightLock_Lock
 .text.LightLock_TryLock
                0x000000000010b1fc       0x44 /opt/devkitpro/libctru/lib/libctru.a(synchronization.o)
                0x000000000010b1fc                LightLock_TryLock
 .text.LightLock_Unlock
                0x000000000010b240       0x40 /opt/devkitpro/libctru/lib/libctru.a(synchronization.o)
                0x000000000010b240                LightLock_Unlock
 .text.RecursiveLock_Init
                0x000000000010b280       0x24 /opt/devkitpro/libctru/lib/libctru.a(synchronization.o)
                0x000000000010b280                RecursiveLock_Init
 .text.RecursiveLock_Lock
                0x000000000010b2a4       0x30 /opt/devkitpro/libctru/lib/libctru.a(synchronization.o)
                0x000000000010b2a4                RecursiveLock_Lock
 .text.RecursiveLock_TryLock
                0x000000000010b2d4       0x78 /opt/devkitpro/libctru/lib/libctru.a(synchronization.o)
                0x000000000010b2d4                RecursiveLock_TryLock
 .text.RecursiveLock_Unlock
                0x000000000010b34c       0x54 /opt/devkitpro/libctru/lib/libctru.a(synchronization.o)
                0x000000000010b34c                RecursiveLock_Unlock
 .text.LightEvent_Init
                0x000000000010b3a0       0x40 /opt/devkitpro/libctru/lib/libctru.a(synchronization.o)
                0x000000000010b3a0                LightEvent_Init
 .text.LightEvent_Clear
                0x000000000010b3e0       0xa4 /opt/devkitpro/libctru/lib/libctru.a(synchronization.o)
                0x000000000010b3e0                LightEvent_Clear
 .text.LightEvent_Signal
                0x000000000010b484       0xc8 /opt/devkitpro/libctru/lib/libctru.a(synchronization.o)
                0x000000000010b484                LightEvent_Signal
 .text.LightEvent_TryWait
                0x000000000010b54c       0x58 /opt/devkitpro/libctru/lib/libctru.a(synchronization.o)
                0x000000000010b54c                LightEvent_TryWait
 .text.LightEvent_Wait
                0x000000000010b5a4       0xb0 /opt/devkitpro/libctru/lib/libctru.a(synchronization.o)
                0x000000000010b5a4                LightEvent_Wait
 .text.srvInit  0x000000000010b654      0x124 /opt/devkitpro/libctru/lib/libctru.a(srv.o)
                0x000000000010b654                srvInit
 .text.srvExit  0x000000000010b778       0x58 /opt/devkitpro/libctru/lib/libctru.a(srv.o)
                0x000000000010b778                srvExit
 .text.srvGetServiceHandleDirect
                0x000000000010b7d0       0x80 /opt/devkitpro/libctru/lib/libctru.a(srv.o)
                0x000000000010b7d0                srvGetServiceHandleDirect
 .text.srvGetServiceHandle
                0x000000000010b850       0x48 /opt/devkitpro/libctru/lib/libctru.a(srv.o)
                0x000000000010b850                srvGetServiceHandle
 .text.srvPublishToSubscriber
                0x000000000010b898       0x38 /opt/devkitpro/libctru/lib/libctru.a(srv.o)
                0x000000000010b898                srvPublishToSubscriber
 .text.threadCreate
                0x000000000010b8d0      0x188 /opt/devkitpro/libctru/lib/libctru.a(thread.o)
                0x000000000010b8d0                threadCreate
 .text.threadFree
                0x000000000010ba58       0x2c /opt/devkitpro/libctru/lib/libctru.a(thread.o)
                0x000000000010ba58                threadFree
 .text.threadJoin
                0x000000000010ba84       0x24 /opt/devkitpro/libctru/lib/libctru.a(thread.o)
                0x000000000010ba84                threadJoin
 .text.threadGetCurrent
                0x000000000010baa8       0x30 /opt/devkitpro/libctru/lib/libctru.a(thread.o)
                0x000000000010baa8                threadGetCurrent
 .text.threadExit
                0x000000000010bad8       0x40 /opt/devkitpro/libctru/lib/libctru.a(thread.o)
                0x000000000010bad8                threadExit
 .text._thread_begin
                0x000000000010bb18       0x44 /opt/devkitpro/libctru/lib/libctru.a(thread.o)
 .text.mappableFindAddressWithin
                0x000000000010bb5c       0x94 /opt/devkitpro/libctru/lib/libctru.a(mappable.o)
 .text.mappableInit
                0x000000000010bbf0       0x28 /opt/devkitpro/libctru/lib/libctru.a(mappable.o)
                0x000000000010bbf0                mappableInit
 .text.mappableAlloc
                0x000000000010bc18       0x80 /opt/devkitpro/libctru/lib/libctru.a(mappable.o)
                0x000000000010bc18                mappableAlloc
 .text.mappableFree
                0x000000000010bc98        0x4 /opt/devkitpro/libctru/lib/libctru.a(mappable.o)
                0x000000000010bc98                mappableFree
 .text.irrstInit
                0x000000000010bc9c      0x160 /opt/devkitpro/libctru/lib/libctru.a(irrst.o)
                0x000000000010bc9c                irrstInit
 .text.irrstExit
                0x000000000010bdfc       0xcc /opt/devkitpro/libctru/lib/libctru.a(irrst.o)
                0x000000000010bdfc                irrstExit
 .text.irrstScanInput
                0x000000000010bec8       0xb0 /opt/devkitpro/libctru/lib/libctru.a(irrst.o)
                0x000000000010bec8                irrstScanInput
 .text.irrstKeysHeld
                0x000000000010bf78       0x24 /opt/devkitpro/libctru/lib/libctru.a(irrst.o)
                0x000000000010bf78                irrstKeysHeld
 .text.srvPmGetSessionHandle
                0x000000000010bf9c        0xc /opt/devkitpro/libctru/lib/libctru.a(srvpm.o)
                0x000000000010bf9c                srvPmGetSessionHandle
 .text.rbtree_node_next
                0x000000000010bfa8       0x50 /opt/devkitpro/libctru/lib/libctru.a(rbtree_iterator.o)
                0x000000000010bfa8                rbtree_node_next
 .text.__appInit
                0x000000000010bff8       0x30 /opt/devkitpro/libctru/lib/libctru.a(appInit.o)
                0x000000000010bff8                __appInit
 .text.__libctru_nanosleep
                0x000000000010c028       0x30 /opt/devkitpro/libctru/lib/libctru.a(syscalls.o)
 .text.__libctru_get_reent
                0x000000000010c058       0x30 /opt/devkitpro/libctru/lib/libctru.a(syscalls.o)
 .text.__system_initSyscalls
                0x000000000010c088       0xf8 /opt/devkitpro/libctru/lib/libctru.a(syscalls.o)
                0x000000000010c088                __system_initSyscalls
 .text.__appExit
                0x000000000010c180       0x30 /opt/devkitpro/libctru/lib/libctru.a(appExit.o)
                0x000000000010c180                __appExit
 .text.__libctru_exit
                0x000000000010c1b0       0x90 /opt/devkitpro/libctru/lib/libctru.a(ctru_exit.o)
                0x000000000010c1b0                __libctru_exit
 .text.envGetHandle
                0x000000000010c240       0x84 /opt/devkitpro/libctru/lib/libctru.a(env.o)
                0x000000000010c240                envGetHandle
 .text.envDestroyHandles
                0x000000000010c2c4       0x50 /opt/devkitpro/libctru/lib/libctru.a(env.o)
                0x000000000010c2c4                envDestroyHandles
 .text.archive_link
                0x000000000010c314       0x14 /opt/devkitpro/libctru/lib/libctru.a(archive_dev.o)
 .text.archive_dirreset
                0x000000000010c328       0x14 /opt/devkitpro/libctru/lib/libctru.a(archive_dev.o)
 .text.archive_chmod
                0x000000000010c33c       0x14 /opt/devkitpro/libctru/lib/libctru.a(archive_dev.o)
 .text.error_cmp
                0x000000000010c350       0x24 /opt/devkitpro/libctru/lib/libctru.a(archive_dev.o)
 .text.archive_translate_error
                0x000000000010c374       0x50 /opt/devkitpro/libctru/lib/libctru.a(archive_dev.o)
 .text.archive_seek
                0x000000000010c3c4       0xd4 /opt/devkitpro/libctru/lib/libctru.a(archive_dev.o)
 .text._archiveInit.part.0
                0x000000000010c498       0x7c /opt/devkitpro/libctru/lib/libctru.a(archive_dev.o)
 .text.archiveFindDevice.part.0
                0x000000000010c514       0x8c /opt/devkitpro/libctru/lib/libctru.a(archive_dev.o)
 .text.archive_utf16path
                0x000000000010c5a0      0x294 /opt/devkitpro/libctru/lib/libctru.a(archive_dev.o)
 .text._archiveUnmountDeviceStruct.part.0
                0x000000000010c834       0xa0 /opt/devkitpro/libctru/lib/libctru.a(archive_dev.o)
 .text.archive_fchmod
                0x000000000010c8d4       0x14 /opt/devkitpro/libctru/lib/libctru.a(archive_dev.o)
 .text.archive_statvfs
                0x000000000010c8e8       0x14 /opt/devkitpro/libctru/lib/libctru.a(archive_dev.o)
 .text._archiveMountDevice
                0x000000000010c8fc      0x158 /opt/devkitpro/libctru/lib/libctru.a(archive_dev.o)
 .text.archive_diropen
                0x000000000010ca54       0xe8 /opt/devkitpro/libctru/lib/libctru.a(archive_dev.o)
 .text.archive_fstat
                0x000000000010cb3c       0xa4 /opt/devkitpro/libctru/lib/libctru.a(archive_dev.o)
 .text.archive_close
                0x000000000010cbe0       0x6c /opt/devkitpro/libctru/lib/libctru.a(archive_dev.o)
 .text.archive_fsync
                0x000000000010cc4c       0x6c /opt/devkitpro/libctru/lib/libctru.a(archive_dev.o)
 .text.archive_dirclose
                0x000000000010ccb8       0x70 /opt/devkitpro/libctru/lib/libctru.a(archive_dev.o)
 .text.sdmc_statvfs
                0x000000000010cd28       0xe8 /opt/devkitpro/libctru/lib/libctru.a(archive_dev.o)
 .text.archive_ftruncate
                0x000000000010ce10       0x80 /opt/devkitpro/libctru/lib/libctru.a(archive_dev.o)
 .text.archive_chdir
                0x000000000010ce90       0xfc /opt/devkitpro/libctru/lib/libctru.a(archive_dev.o)
 .text.archive_read
                0x000000000010cf8c       0xb0 /opt/devkitpro/libctru/lib/libctru.a(archive_dev.o)
 .text.archive_unlink
                0x000000000010d03c       0xac /opt/devkitpro/libctru/lib/libctru.a(archive_dev.o)
 .text.archive_rmdir
                0x000000000010d0e8       0xc8 /opt/devkitpro/libctru/lib/libctru.a(archive_dev.o)
 .text.archive_mkdir
                0x000000000010d1b0       0xec /opt/devkitpro/libctru/lib/libctru.a(archive_dev.o)
 .text.archive_stat
                0x000000000010d29c      0x1a8 /opt/devkitpro/libctru/lib/libctru.a(archive_dev.o)
 .text.archive_rename
                0x000000000010d444      0x184 /opt/devkitpro/libctru/lib/libctru.a(archive_dev.o)
 .text.archive_dirnext
                0x000000000010d5c8      0x168 /opt/devkitpro/libctru/lib/libctru.a(archive_dev.o)
 .text.archive_write
                0x000000000010d730      0x12c /opt/devkitpro/libctru/lib/libctru.a(archive_dev.o)
 .text.archive_open
                0x000000000010d85c      0x1f0 /opt/devkitpro/libctru/lib/libctru.a(archive_dev.o)
 .text.archiveMountSdmc
                0x000000000010da4c      0x1a4 /opt/devkitpro/libctru/lib/libctru.a(archive_dev.o)
                0x000000000010da4c                archiveMountSdmc
 .text.archiveUnmountAll
                0x000000000010dbf0       0x54 /opt/devkitpro/libctru/lib/libctru.a(archive_dev.o)
                0x000000000010dbf0                archiveUnmountAll
 .text.fsInit   0x000000000010dc44       0xc8 /opt/devkitpro/libctru/lib/libctru.a(fs.o)
                0x000000000010dc44                fsInit
 .text.fsExit   0x000000000010dd0c       0x3c /opt/devkitpro/libctru/lib/libctru.a(fs.o)
                0x000000000010dd0c                fsExit
 .text.fsExemptFromSession
                0x000000000010dd48       0x60 /opt/devkitpro/libctru/lib/libctru.a(fs.o)
                0x000000000010dd48                fsExemptFromSession
 .text.fsUnexemptFromSession
                0x000000000010dda8       0x50 /opt/devkitpro/libctru/lib/libctru.a(fs.o)
                0x000000000010dda8                fsUnexemptFromSession
 .text.FSUSER_OpenFile
                0x000000000010ddf8       0xcc /opt/devkitpro/libctru/lib/libctru.a(fs.o)
                0x000000000010ddf8                FSUSER_OpenFile
 .text.FSUSER_DeleteFile
                0x000000000010dec4       0xbc /opt/devkitpro/libctru/lib/libctru.a(fs.o)
                0x000000000010dec4                FSUSER_DeleteFile
 .text.FSUSER_RenameFile
                0x000000000010df80       0xf8 /opt/devkitpro/libctru/lib/libctru.a(fs.o)
                0x000000000010df80                FSUSER_RenameFile
 .text.FSUSER_DeleteDirectory
                0x000000000010e078       0xbc /opt/devkitpro/libctru/lib/libctru.a(fs.o)
                0x000000000010e078                FSUSER_DeleteDirectory
 .text.FSUSER_CreateFile
                0x000000000010e134       0xd4 /opt/devkitpro/libctru/lib/libctru.a(fs.o)
                0x000000000010e134                FSUSER_CreateFile
 .text.FSUSER_CreateDirectory
                0x000000000010e208       0xc4 /opt/devkitpro/libctru/lib/libctru.a(fs.o)
                0x000000000010e208                FSUSER_CreateDirectory
 .text.FSUSER_RenameDirectory
                0x000000000010e2cc       0xf8 /opt/devkitpro/libctru/lib/libctru.a(fs.o)
                0x000000000010e2cc                FSUSER_RenameDirectory
 .text.FSUSER_OpenDirectory
                0x000000000010e3c4       0xb4 /opt/devkitpro/libctru/lib/libctru.a(fs.o)
                0x000000000010e3c4                FSUSER_OpenDirectory
 .text.FSUSER_OpenArchive
                0x000000000010e478       0x94 /opt/devkitpro/libctru/lib/libctru.a(fs.o)
                0x000000000010e478                FSUSER_OpenArchive
 .text.FSUSER_CloseArchive
                0x000000000010e50c       0x8c /opt/devkitpro/libctru/lib/libctru.a(fs.o)
                0x000000000010e50c                FSUSER_CloseArchive
 .text.FSUSER_GetSdmcArchiveResource
                0x000000000010e598       0x74 /opt/devkitpro/libctru/lib/libctru.a(fs.o)
                0x000000000010e598                FSUSER_GetSdmcArchiveResource
 .text.FSUSER_IsSdmcWritable
                0x000000000010e60c       0x64 /opt/devkitpro/libctru/lib/libctru.a(fs.o)
                0x000000000010e60c                FSUSER_IsSdmcWritable
 .text.FSFILE_Read
                0x000000000010e670       0x58 /opt/devkitpro/libctru/lib/libctru.a(fs.o)
                0x000000000010e670                FSFILE_Read
 .text.FSFILE_Write
                0x000000000010e6c8       0x60 /opt/devkitpro/libctru/lib/libctru.a(fs.o)
                0x000000000010e6c8                FSFILE_Write
 .text.FSFILE_GetSize
                0x000000000010e728       0x38 /opt/devkitpro/libctru/lib/libctru.a(fs.o)
                0x000000000010e728                FSFILE_GetSize
 .text.FSFILE_SetSize
                0x000000000010e760       0x28 /opt/devkitpro/libctru/lib/libctru.a(fs.o)
                0x000000000010e760                FSFILE_SetSize
 .text.FSFILE_Close
                0x000000000010e788       0x3c /opt/devkitpro/libctru/lib/libctru.a(fs.o)
                0x000000000010e788                FSFILE_Close
 .text.FSFILE_Flush
                0x000000000010e7c4       0x24 /opt/devkitpro/libctru/lib/libctru.a(fs.o)
                0x000000000010e7c4                FSFILE_Flush
 .text.FSDIR_Read
                0x000000000010e7e8       0x50 /opt/devkitpro/libctru/lib/libctru.a(fs.o)
                0x000000000010e7e8                FSDIR_Read
 .text.FSDIR_Close
                0x000000000010e838       0x3c /opt/devkitpro/libctru/lib/libctru.a(fs.o)
                0x000000000010e838                FSDIR_Close
 .text.utf16_to_utf8
                0x000000000010e874       0xe8 /opt/devkitpro/libctru/lib/libctru.a(utf16_to_utf8.o)
                0x000000000010e874                utf16_to_utf8
 .text.decode_utf16
                0x000000000010e95c       0x64 /opt/devkitpro/libctru/lib/libctru.a(decode_utf16.o)
                0x000000000010e95c                decode_utf16
 .text.decode_utf8
                0x000000000010e9c0      0x13c /opt/devkitpro/libctru/lib/libctru.a(decode_utf8.o)
                0x000000000010e9c0                decode_utf8
 .text.utf8_to_utf16
                0x000000000010eafc       0xc0 /opt/devkitpro/libctru/lib/libctru.a(utf8_to_utf16.o)
                0x000000000010eafc                utf8_to_utf16
 .text.__aeabi_read_tp
                0x000000000010ebbc        0xc /opt/devkitpro/libctru/lib/libctru.a(readtp.o)
                0x000000000010ebbc                __aeabi_read_tp
 .text.encode_utf16
                0x000000000010ebc8       0x60 /opt/devkitpro/libctru/lib/libctru.a(encode_utf16.o)
                0x000000000010ebc8                encode_utf16
 .text.encode_utf8
                0x000000000010ec28       0xfc /opt/devkitpro/libctru/lib/libctru.a(encode_utf8.o)
                0x000000000010ec28                encode_utf8
 .text.tanf     0x000000000010ed24       0x70 /opt/devkitpro/devkitARM/bin/../lib/gcc/arm-none-eabi/10.2.0/../../../../arm-none-eabi/lib/armv6k/fpu/libm.a(lib_a-sf_tan.o)
                0x000000000010ed24                tanf
 .text.__ieee754_rem_pio2f
                0x000000000010ed94      0x2f0 /opt/devkitpro/devkitARM/bin/../lib/gcc/arm-none-eabi/10.2.0/../../../../arm-none-eabi/lib/armv6k/fpu/libm.a(lib_a-ef_rem_pio2.o)
                0x000000000010ed94                __ieee754_rem_pio2f
 .text.__kernel_rem_pio2f
                0x000000000010f084      0x868 /opt/devkitpro/devkitARM/bin/../lib/gcc/arm-none-eabi/10.2.0/../../../../arm-none-eabi/lib/armv6k/fpu/libm.a(lib_a-kf_rem_pio2.o)
                0x000000000010f084                __kernel_rem_pio2f
 .text.__kernel_tanf
                0x000000000010f8ec      0x208 /opt/devkitpro/devkitARM/bin/../lib/gcc/arm-none-eabi/10.2.0/../../../../arm-none-eabi/lib/armv6k/fpu/libm.a(lib_a-kf_tan.o)
                0x000000000010f8ec                __kernel_tanf
 .text.fabsf    0x000000000010faf4       0x10 /opt/devkitpro/devkitARM/bin/../lib/gcc/arm-none-eabi/10.2.0/../../../../arm-none-eabi/lib/armv6k/fpu/libm.a(lib_a-sf_fabs.o)
                0x000000000010faf4                fabsf
 .text.floorf   0x000000000010fb04       0xb4 /opt/devkitpro/devkitARM/bin/../lib/gcc/arm-none-eabi/10.2.0/../../../../arm-none-eabi/lib/armv6k/fpu/libm.a(lib_a-sf_floor.o)
                0x000000000010fb04                floorf
 .text.scalbnf  0x000000000010fbb8      0x154 /opt/devkitpro/devkitARM/bin/../lib/gcc/arm-none-eabi/10.2.0/../../../../arm-none-eabi/lib/armv6k/fpu/libm.a(lib_a-sf_scalbn.o)
                0x000000000010fbb8                scalbnf
 .text.__udivmoddi4
                0x000000000010fd0c      0x120 /opt/devkitpro/devkitARM/bin/../lib/gcc/arm-none-eabi/10.2.0/armv6k/fpu/libgcc.a(_udivmoddi4.o)
                0x000000000010fd0c                __udivmoddi4
 .text.bsearch  0x000000000010fe2c       0x78 /opt/devkitpro/devkitARM/bin/../lib/gcc/arm-none-eabi/10.2.0/../../../../arm-none-eabi/lib/armv6k/fpu/libg.a(lib_a-bsearch.o)
                0x000000000010fe2c                bsearch
 .text.calloc   0x000000000010fea4       0x28 /opt/devkitpro/devkitARM/bin/../lib/gcc/arm-none-eabi/10.2.0/../../../../arm-none-eabi/lib/armv6k/fpu/libg.a(lib_a-calloc.o)
                0x000000000010fea4                calloc
 .text._calloc_r
                0x000000000010fecc       0x94 /opt/devkitpro/devkitARM/bin/../lib/gcc/arm-none-eabi/10.2.0/../../../../arm-none-eabi/lib/armv6k/fpu/libg.a(lib_a-callocr.o)
                0x000000000010fecc                _calloc_r
 .text.__errno  0x000000000010ff60        0xc /opt/devkitpro/devkitARM/bin/../lib/gcc/arm-none-eabi/10.2.0/../../../../arm-none-eabi/lib/armv6k/fpu/libg.a(lib_a-errno.o)
                0x000000000010ff60                __errno
 .text.exit     0x000000000010ff6c       0x34 /opt/devkitpro/devkitARM/bin/../lib/gcc/arm-none-eabi/10.2.0/../../../../arm-none-eabi/lib/armv6k/fpu/libg.a(lib_a-exit.o)
                0x000000000010ff6c                exit
 .text.__libc_fini_array
                0x000000000010ffa0       0x3c /opt/devkitpro/devkitARM/bin/../lib/gcc/arm-none-eabi/10.2.0/../../../../arm-none-eabi/lib/armv6k/fpu/libg.a(lib_a-fini.o)
                0x000000000010ffa0                __libc_fini_array
 .text.__libc_init_array
                0x000000000010ffdc       0x7c /opt/devkitpro/devkitARM/bin/../lib/gcc/arm-none-eabi/10.2.0/../../../../arm-none-eabi/lib/armv6k/fpu/libg.a(lib_a-init.o)
                0x000000000010ffdc                __libc_init_array
 .text.memalign
                0x0000000000110058       0x28 /opt/devkitpro/devkitARM/bin/../lib/gcc/arm-none-eabi/10.2.0/../../../../arm-none-eabi/lib/armv6k/fpu/libg.a(lib_a-malign.o)
                0x0000000000110058                memalign
 .text._memalign_r
                0x0000000000110080      0x148 /opt/devkitpro/devkitARM/bin/../lib/gcc/arm-none-eabi/10.2.0/../../../../arm-none-eabi/lib/armv6k/fpu/libg.a(lib_a-malignr.o)
                0x0000000000110080                _memalign_r
 .text.malloc   0x00000000001101c8       0x20 /opt/devkitpro/devkitARM/bin/../lib/gcc/arm-none-eabi/10.2.0/../../../../arm-none-eabi/lib/armv6k/fpu/libg.a(lib_a-malloc.o)
                0x00000000001101c8                malloc
 .text.free     0x00000000001101e8       0x20 /opt/devkitpro/devkitARM/bin/../lib/gcc/arm-none-eabi/10.2.0/../../../../arm-none-eabi/lib/armv6k/fpu/libg.a(lib_a-malloc.o)
                0x00000000001101e8                free
 .text._malloc_r
                0x0000000000110208      0x7f0 /opt/devkitpro/devkitARM/bin/../lib/gcc/arm-none-eabi/10.2.0/../../../../arm-none-eabi/lib/armv6k/fpu/libg.a(lib_a-mallocr.o)
                0x0000000000110208                _malloc_r
 .text.memchr   0x00000000001109f8       0xe0 /opt/devkitpro/devkitARM/bin/../lib/gcc/arm-none-eabi/10.2.0/../../../../arm-none-eabi/lib/armv6k/fpu/libg.a(lib_a-memchr-stub.o)
                0x00000000001109f8                memchr
 .text.memcpy   0x0000000000110ad8      0x11c /opt/devkitpro/devkitARM/bin/../lib/gcc/arm-none-eabi/10.2.0/../../../../arm-none-eabi/lib/armv6k/fpu/libg.a(lib_a-memcpy-stub.o)
                0x0000000000110ad8                memcpy
 .text.memset   0x0000000000110bf4      0x118 /opt/devkitpro/devkitARM/bin/../lib/gcc/arm-none-eabi/10.2.0/../../../../arm-none-eabi/lib/armv6k/fpu/libg.a(lib_a-memset.o)
                0x0000000000110bf4                memset
 .text.__malloc_lock
                0x0000000000110d0c        0xc /opt/devkitpro/devkitARM/bin/../lib/gcc/arm-none-eabi/10.2.0/../../../../arm-none-eabi/lib/armv6k/fpu/libg.a(lib_a-mlock.o)
                0x0000000000110d0c                __malloc_lock
 .text.__malloc_unlock
                0x0000000000110d18        0xc /opt/devkitpro/devkitARM/bin/../lib/gcc/arm-none-eabi/10.2.0/../../../../arm-none-eabi/lib/armv6k/fpu/libg.a(lib_a-mlock.o)
                0x0000000000110d18                __malloc_unlock
 .text.printf   0x0000000000110d24       0x34 /opt/devkitpro/devkitARM/bin/../lib/gcc/arm-none-eabi/10.2.0/../../../../arm-none-eabi/lib/armv6k/fpu/libg.a(lib_a-printf.o)
                0x0000000000110d24                printf
 .text.setvbuf  0x0000000000110d58      0x260 /opt/devkitpro/devkitARM/bin/../lib/gcc/arm-none-eabi/10.2.0/../../../../arm-none-eabi/lib/armv6k/fpu/libg.a(lib_a-setvbuf.o)
                0x0000000000110d58                setvbuf
 .text.sscanf   0x0000000000110fb8       0x74 /opt/devkitpro/devkitARM/bin/../lib/gcc/arm-none-eabi/10.2.0/../../../../arm-none-eabi/lib/armv6k/fpu/libg.a(lib_a-sscanf.o)
                0x0000000000110fb8                sscanf
 .text.__sread  0x000000000011102c       0x44 /opt/devkitpro/devkitARM/bin/../lib/gcc/arm-none-eabi/10.2.0/../../../../arm-none-eabi/lib/armv6k/fpu/libg.a(lib_a-stdio.o)
                0x000000000011102c                __sread
 .text.__seofread
                0x0000000000111070        0x8 /opt/devkitpro/devkitARM/bin/../lib/gcc/arm-none-eabi/10.2.0/../../../../arm-none-eabi/lib/armv6k/fpu/libg.a(lib_a-stdio.o)
                0x0000000000111070                __seofread
 .text.__swrite
                0x0000000000111078       0x68 /opt/devkitpro/devkitARM/bin/../lib/gcc/arm-none-eabi/10.2.0/../../../../arm-none-eabi/lib/armv6k/fpu/libg.a(lib_a-stdio.o)
                0x0000000000111078                __swrite
 .text.__sseek  0x00000000001110e0       0x48 /opt/devkitpro/devkitARM/bin/../lib/gcc/arm-none-eabi/10.2.0/../../../../arm-none-eabi/lib/armv6k/fpu/libg.a(lib_a-stdio.o)
                0x00000000001110e0                __sseek
 .text.__sclose
                0x0000000000111128        0x8 /opt/devkitpro/devkitARM/bin/../lib/gcc/arm-none-eabi/10.2.0/../../../../arm-none-eabi/lib/armv6k/fpu/libg.a(lib_a-stdio.o)
                0x0000000000111128                __sclose
 .text.strlen   0x0000000000111130       0x5c /opt/devkitpro/devkitARM/bin/../lib/gcc/arm-none-eabi/10.2.0/../../../../arm-none-eabi/lib/armv6k/fpu/libg.a(lib_a-strlen-stub.o)
                0x0000000000111130                strlen
 .text.strncat  0x000000000011118c       0xec /opt/devkitpro/devkitARM/bin/../lib/gcc/arm-none-eabi/10.2.0/../../../../arm-none-eabi/lib/armv6k/fpu/libg.a(lib_a-strncat.o)
                0x000000000011118c                strncat
 .text.strncmp  0x0000000000111278       0xdc /opt/devkitpro/devkitARM/bin/../lib/gcc/arm-none-eabi/10.2.0/../../../../arm-none-eabi/lib/armv6k/fpu/libg.a(lib_a-strncmp.o)
                0x0000000000111278                strncmp
 .text.strncpy  0x0000000000111354       0xc0 /opt/devkitpro/devkitARM/bin/../lib/gcc/arm-none-eabi/10.2.0/../../../../arm-none-eabi/lib/armv6k/fpu/libg.a(lib_a-strncpy.o)
                0x0000000000111354                strncpy
 .text.strnlen  0x0000000000111414       0x48 /opt/devkitpro/devkitARM/bin/../lib/gcc/arm-none-eabi/10.2.0/../../../../arm-none-eabi/lib/armv6k/fpu/libg.a(lib_a-strnlen.o)
                0x0000000000111414                strnlen
 .text.get_arg  0x000000000011145c       0x50 /opt/devkitpro/devkitARM/bin/../lib/gcc/arm-none-eabi/10.2.0/../../../../arm-none-eabi/lib/armv6k/fpu/libg.a(lib_a-svfscanf.o)
 .text.__ssvfscanf_r
                0x00000000001114ac     0x2b68 /opt/devkitpro/devkitARM/bin/../lib/gcc/arm-none-eabi/10.2.0/../../../../arm-none-eabi/lib/armv6k/fpu/libg.a(lib_a-svfscanf.o)
                0x00000000001114ac                __ssvfscanf_r
 .text.get_arg  0x0000000000114014      0x64c /opt/devkitpro/devkitARM/bin/../lib/gcc/arm-none-eabi/10.2.0/../../../../arm-none-eabi/lib/armv6k/fpu/libg.a(lib_a-vfiprintf.o)
 .text.__sprint_r
                0x0000000000114660       0x34 /opt/devkitpro/devkitARM/bin/../lib/gcc/arm-none-eabi/10.2.0/../../../../arm-none-eabi/lib/armv6k/fpu/libg.a(lib_a-vfiprintf.o)
                0x0000000000114660                __sprint_r
 .text._vfiprintf_r
                0x0000000000114694     0x2584 /opt/devkitpro/devkitARM/bin/../lib/gcc/arm-none-eabi/10.2.0/../../../../arm-none-eabi/lib/armv6k/fpu/libg.a(lib_a-vfiprintf.o)
                0x0000000000114694                _vfiprintf_r
 .text.__sbprintf
                0x0000000000116c18       0xd4 /opt/devkitpro/devkitARM/bin/../lib/gcc/arm-none-eabi/10.2.0/../../../../arm-none-eabi/lib/armv6k/fpu/libg.a(lib_a-vfiprintf.o)
 .text.get_arg  0x0000000000116cec      0x64c /opt/devkitpro/devkitARM/bin/../lib/gcc/arm-none-eabi/10.2.0/../../../../arm-none-eabi/lib/armv6k/fpu/libg.a(lib_a-vfprintf.o)
 .text._vfprintf_r
                0x0000000000117338     0x38d4 /opt/devkitpro/devkitARM/bin/../lib/gcc/arm-none-eabi/10.2.0/../../../../arm-none-eabi/lib/armv6k/fpu/libg.a(lib_a-vfprintf.o)
                0x0000000000117338                _vfprintf_r
 .text.__sbprintf
                0x000000000011ac0c       0xd4 /opt/devkitpro/devkitARM/bin/../lib/gcc/arm-none-eabi/10.2.0/../../../../arm-none-eabi/lib/armv6k/fpu/libg.a(lib_a-vfprintf.o)
 .text._wcrtomb_r
                0x000000000011ace0       0x54 /opt/devkitpro/devkitARM/bin/../lib/gcc/arm-none-eabi/10.2.0/../../../../arm-none-eabi/lib/armv6k/fpu/libg.a(lib_a-wcrtomb.o)
                0x000000000011ace0                _wcrtomb_r
 .text._wcsrtombs_r
                0x000000000011ad34       0x28 /opt/devkitpro/devkitARM/bin/../lib/gcc/arm-none-eabi/10.2.0/../../../../arm-none-eabi/lib/armv6k/fpu/libg.a(lib_a-wcsrtombs.o)
                0x000000000011ad34                _wcsrtombs_r
 .text.__swsetup_r
                0x000000000011ad5c      0x154 /opt/devkitpro/devkitARM/bin/../lib/gcc/arm-none-eabi/10.2.0/../../../../arm-none-eabi/lib/armv6k/fpu/libg.a(lib_a-wsetup.o)
                0x000000000011ad5c                __swsetup_r
 .text.__call_exitprocs
                0x000000000011aeb0      0x114 /opt/devkitpro/devkitARM/bin/../lib/gcc/arm-none-eabi/10.2.0/../../../../arm-none-eabi/lib/armv6k/fpu/libg.a(lib_a-__call_atexit.o)
                0x000000000011aeb0                __call_exitprocs
 .text.quorem   0x000000000011afc4      0x1a8 /opt/devkitpro/devkitARM/bin/../lib/gcc/arm-none-eabi/10.2.0/../../../../arm-none-eabi/lib/armv6k/fpu/libg.a(lib_a-dtoa.o)
 *fill*         0x000000000011b16c        0x4 
 .text._dtoa_r  0x000000000011b170     0x12ec /opt/devkitpro/devkitARM/bin/../lib/gcc/arm-none-eabi/10.2.0/../../../../arm-none-eabi/lib/armv6k/fpu/libg.a(lib_a-dtoa.o)
                0x000000000011b170                _dtoa_r
 .text.__sflush_r
                0x000000000011c45c      0x258 /opt/devkitpro/devkitARM/bin/../lib/gcc/arm-none-eabi/10.2.0/../../../../arm-none-eabi/lib/armv6k/fpu/libg.a(lib_a-fflush.o)
                0x000000000011c45c                __sflush_r
 .text._fflush_r
                0x000000000011c6b4       0x94 /opt/devkitpro/devkitARM/bin/../lib/gcc/arm-none-eabi/10.2.0/../../../../arm-none-eabi/lib/armv6k/fpu/libg.a(lib_a-fflush.o)
                0x000000000011c6b4                _fflush_r
 .text._cleanup_r
                0x000000000011c748        0xc /opt/devkitpro/devkitARM/bin/../lib/gcc/arm-none-eabi/10.2.0/../../../../arm-none-eabi/lib/armv6k/fpu/libg.a(lib_a-findfp.o)
                0x000000000011c748                _cleanup_r
 .text.__sinit  0x000000000011c754      0x184 /opt/devkitpro/devkitARM/bin/../lib/gcc/arm-none-eabi/10.2.0/../../../../arm-none-eabi/lib/armv6k/fpu/libg.a(lib_a-findfp.o)
                0x000000000011c754                __sinit
 .text.__sfp_lock_acquire
                0x000000000011c8d8        0xc /opt/devkitpro/devkitARM/bin/../lib/gcc/arm-none-eabi/10.2.0/../../../../arm-none-eabi/lib/armv6k/fpu/libg.a(lib_a-findfp.o)
                0x000000000011c8d8                __sfp_lock_acquire
 .text.__sfp_lock_release
                0x000000000011c8e4        0xc /opt/devkitpro/devkitARM/bin/../lib/gcc/arm-none-eabi/10.2.0/../../../../arm-none-eabi/lib/armv6k/fpu/libg.a(lib_a-findfp.o)
                0x000000000011c8e4                __sfp_lock_release
 .text._malloc_trim_r
                0x000000000011c8f0       0xf8 /opt/devkitpro/devkitARM/bin/../lib/gcc/arm-none-eabi/10.2.0/../../../../arm-none-eabi/lib/armv6k/fpu/libg.a(lib_a-freer.o)
                0x000000000011c8f0                _malloc_trim_r
 .text._free_r  0x000000000011c9e8      0x2e4 /opt/devkitpro/devkitARM/bin/../lib/gcc/arm-none-eabi/10.2.0/../../../../arm-none-eabi/lib/armv6k/fpu/libg.a(lib_a-freer.o)
                0x000000000011c9e8                _free_r
 .text.__sfvwrite_r
                0x000000000011cccc      0x4a4 /opt/devkitpro/devkitARM/bin/../lib/gcc/arm-none-eabi/10.2.0/../../../../arm-none-eabi/lib/armv6k/fpu/libg.a(lib_a-fvwrite.o)
                0x000000000011cccc                __sfvwrite_r
 .text._fwalk_reent
                0x000000000011d170       0x70 /opt/devkitpro/devkitARM/bin/../lib/gcc/arm-none-eabi/10.2.0/../../../../arm-none-eabi/lib/armv6k/fpu/libg.a(lib_a-fwalk.o)
                0x000000000011d170                _fwalk_reent
 .text.iswspace
                0x000000000011d1e0        0x8 /opt/devkitpro/devkitARM/bin/../lib/gcc/arm-none-eabi/10.2.0/../../../../arm-none-eabi/lib/armv6k/fpu/libg.a(lib_a-iswspace.o)
                0x000000000011d1e0                iswspace
 .text._localeconv_r
                0x000000000011d1e8        0xc /opt/devkitpro/devkitARM/bin/../lib/gcc/arm-none-eabi/10.2.0/../../../../arm-none-eabi/lib/armv6k/fpu/libg.a(lib_a-localeconv.o)
                0x000000000011d1e8                _localeconv_r
 .text.__locale_mb_cur_max
                0x000000000011d1f4       0x10 /opt/devkitpro/devkitARM/bin/../lib/gcc/arm-none-eabi/10.2.0/../../../../arm-none-eabi/lib/armv6k/fpu/libg.a(lib_a-locale.o)
                0x000000000011d1f4                __locale_mb_cur_max
 .text.__smakebuf_r
                0x000000000011d204      0x138 /opt/devkitpro/devkitARM/bin/../lib/gcc/arm-none-eabi/10.2.0/../../../../arm-none-eabi/lib/armv6k/fpu/libg.a(lib_a-makebuf.o)
                0x000000000011d204                __smakebuf_r
 .text.__swhatbuf_r
                0x000000000011d33c       0x94 /opt/devkitpro/devkitARM/bin/../lib/gcc/arm-none-eabi/10.2.0/../../../../arm-none-eabi/lib/armv6k/fpu/libg.a(lib_a-makebuf.o)
                0x000000000011d33c                __swhatbuf_r
 .text._mbrtowc_r
                0x000000000011d3d0       0x68 /opt/devkitpro/devkitARM/bin/../lib/gcc/arm-none-eabi/10.2.0/../../../../arm-none-eabi/lib/armv6k/fpu/libg.a(lib_a-mbrtowc.o)
                0x000000000011d3d0                _mbrtowc_r
 .text.__utf8_mbtowc
                0x000000000011d438      0x2fc /opt/devkitpro/devkitARM/bin/../lib/gcc/arm-none-eabi/10.2.0/../../../../arm-none-eabi/lib/armv6k/fpu/libg.a(lib_a-mbtowc_r.o)
                0x000000000011d438                __utf8_mbtowc
 .text.memmove  0x000000000011d734      0x154 /opt/devkitpro/devkitARM/bin/../lib/gcc/arm-none-eabi/10.2.0/../../../../arm-none-eabi/lib/armv6k/fpu/libg.a(lib_a-memmove.o)
                0x000000000011d734                memmove
 .text._Balloc  0x000000000011d888       0x88 /opt/devkitpro/devkitARM/bin/../lib/gcc/arm-none-eabi/10.2.0/../../../../arm-none-eabi/lib/armv6k/fpu/libg.a(lib_a-mprec.o)
                0x000000000011d888                _Balloc
 .text._Bfree   0x000000000011d910       0x1c /opt/devkitpro/devkitARM/bin/../lib/gcc/arm-none-eabi/10.2.0/../../../../arm-none-eabi/lib/armv6k/fpu/libg.a(lib_a-mprec.o)
                0x000000000011d910                _Bfree
 .text.__multadd
                0x000000000011d92c       0xf4 /opt/devkitpro/devkitARM/bin/../lib/gcc/arm-none-eabi/10.2.0/../../../../arm-none-eabi/lib/armv6k/fpu/libg.a(lib_a-mprec.o)
                0x000000000011d92c                __multadd
 .text.__s2b    0x000000000011da20      0x110 /opt/devkitpro/devkitARM/bin/../lib/gcc/arm-none-eabi/10.2.0/../../../../arm-none-eabi/lib/armv6k/fpu/libg.a(lib_a-mprec.o)
                0x000000000011da20                __s2b
 .text.__hi0bits
                0x000000000011db30       0x58 /opt/devkitpro/devkitARM/bin/../lib/gcc/arm-none-eabi/10.2.0/../../../../arm-none-eabi/lib/armv6k/fpu/libg.a(lib_a-mprec.o)
                0x000000000011db30                __hi0bits
 .text.__lo0bits
                0x000000000011db88       0x9c /opt/devkitpro/devkitARM/bin/../lib/gcc/arm-none-eabi/10.2.0/../../../../arm-none-eabi/lib/armv6k/fpu/libg.a(lib_a-mprec.o)
                0x000000000011db88                __lo0bits
 .text.__i2b    0x000000000011dc24       0xa4 /opt/devkitpro/devkitARM/bin/../lib/gcc/arm-none-eabi/10.2.0/../../../../arm-none-eabi/lib/armv6k/fpu/libg.a(lib_a-mprec.o)
                0x000000000011dc24                __i2b
 .text.__multiply
                0x000000000011dcc8      0x204 /opt/devkitpro/devkitARM/bin/../lib/gcc/arm-none-eabi/10.2.0/../../../../arm-none-eabi/lib/armv6k/fpu/libg.a(lib_a-mprec.o)
                0x000000000011dcc8                __multiply
 .text.__pow5mult
                0x000000000011decc      0x120 /opt/devkitpro/devkitARM/bin/../lib/gcc/arm-none-eabi/10.2.0/../../../../arm-none-eabi/lib/armv6k/fpu/libg.a(lib_a-mprec.o)
                0x000000000011decc                __pow5mult
 .text.__lshift
                0x000000000011dfec      0x13c /opt/devkitpro/devkitARM/bin/../lib/gcc/arm-none-eabi/10.2.0/../../../../arm-none-eabi/lib/armv6k/fpu/libg.a(lib_a-mprec.o)
                0x000000000011dfec                __lshift
 .text.__mcmp   0x000000000011e128       0x58 /opt/devkitpro/devkitARM/bin/../lib/gcc/arm-none-eabi/10.2.0/../../../../arm-none-eabi/lib/armv6k/fpu/libg.a(lib_a-mprec.o)
                0x000000000011e128                __mcmp
 .text.__mdiff  0x000000000011e180      0x1cc /opt/devkitpro/devkitARM/bin/../lib/gcc/arm-none-eabi/10.2.0/../../../../arm-none-eabi/lib/armv6k/fpu/libg.a(lib_a-mprec.o)
                0x000000000011e180                __mdiff
 .text.__ulp    0x000000000011e34c       0x88 /opt/devkitpro/devkitARM/bin/../lib/gcc/arm-none-eabi/10.2.0/../../../../arm-none-eabi/lib/armv6k/fpu/libg.a(lib_a-mprec.o)
                0x000000000011e34c                __ulp
 .text.__b2d    0x000000000011e3d4       0xd4 /opt/devkitpro/devkitARM/bin/../lib/gcc/arm-none-eabi/10.2.0/../../../../arm-none-eabi/lib/armv6k/fpu/libg.a(lib_a-mprec.o)
                0x000000000011e3d4                __b2d
 .text.__d2b    0x000000000011e4a8      0x12c /opt/devkitpro/devkitARM/bin/../lib/gcc/arm-none-eabi/10.2.0/../../../../arm-none-eabi/lib/armv6k/fpu/libg.a(lib_a-mprec.o)
                0x000000000011e4a8                __d2b
 .text.__ratio  0x000000000011e5d4       0x78 /opt/devkitpro/devkitARM/bin/../lib/gcc/arm-none-eabi/10.2.0/../../../../arm-none-eabi/lib/armv6k/fpu/libg.a(lib_a-mprec.o)
                0x000000000011e5d4                __ratio
 .text.__copybits
                0x000000000011e64c       0x88 /opt/devkitpro/devkitARM/bin/../lib/gcc/arm-none-eabi/10.2.0/../../../../arm-none-eabi/lib/armv6k/fpu/libg.a(lib_a-mprec.o)
                0x000000000011e64c                __copybits
 .text.__any_on
                0x000000000011e6d4       0x5c /opt/devkitpro/devkitARM/bin/../lib/gcc/arm-none-eabi/10.2.0/../../../../arm-none-eabi/lib/armv6k/fpu/libg.a(lib_a-mprec.o)
                0x000000000011e6d4                __any_on
 .text.realloc  0x000000000011e730       0x28 /opt/devkitpro/devkitARM/bin/../lib/gcc/arm-none-eabi/10.2.0/../../../../arm-none-eabi/lib/armv6k/fpu/libg.a(lib_a-realloc.o)
                0x000000000011e730                realloc
 .text._realloc_r
                0x000000000011e758      0x598 /opt/devkitpro/devkitARM/bin/../lib/gcc/arm-none-eabi/10.2.0/../../../../arm-none-eabi/lib/armv6k/fpu/libg.a(lib_a-reallocr.o)
                0x000000000011e758                _realloc_r
 .text.__sccl   0x000000000011ecf0       0xe4 /opt/devkitpro/devkitARM/bin/../lib/gcc/arm-none-eabi/10.2.0/../../../../arm-none-eabi/lib/armv6k/fpu/libg.a(lib_a-sccl.o)
                0x000000000011ecf0                __sccl
 .text.nanf     0x000000000011edd4        0xc /opt/devkitpro/devkitARM/bin/../lib/gcc/arm-none-eabi/10.2.0/../../../../arm-none-eabi/lib/armv6k/fpu/libg.a(lib_a-sf_nan.o)
                0x000000000011edd4                nanf
 .text.frexp    0x000000000011ede0       0xa8 /opt/devkitpro/devkitARM/bin/../lib/gcc/arm-none-eabi/10.2.0/../../../../arm-none-eabi/lib/armv6k/fpu/libg.a(lib_a-s_frexp.o)
                0x000000000011ede0                frexp
 .text.sprintf  0x000000000011ee88       0x64 /opt/devkitpro/devkitARM/bin/../lib/gcc/arm-none-eabi/10.2.0/../../../../arm-none-eabi/lib/armv6k/fpu/libg.a(lib_a-sprintf.o)
                0x000000000011ee88                sprintf
 .text.stpncpy  0x000000000011eeec       0xb8 /opt/devkitpro/devkitARM/bin/../lib/gcc/arm-none-eabi/10.2.0/../../../../arm-none-eabi/lib/armv6k/fpu/libg.a(lib_a-stpncpy.o)
                0x000000000011eeec                stpncpy
 .text.strchr   0x000000000011efa4      0x144 /opt/devkitpro/devkitARM/bin/../lib/gcc/arm-none-eabi/10.2.0/../../../../arm-none-eabi/lib/armv6k/fpu/libg.a(lib_a-strchr.o)
                0x000000000011efa4                strchr
 .text._strtod_l
                0x000000000011f0e8     0x130c /opt/devkitpro/devkitARM/bin/../lib/gcc/arm-none-eabi/10.2.0/../../../../arm-none-eabi/lib/armv6k/fpu/libg.a(lib_a-strtod.o)
                0x000000000011f0e8                _strtod_l
 .text._strtod_r
                0x00000000001203f4        0xc /opt/devkitpro/devkitARM/bin/../lib/gcc/arm-none-eabi/10.2.0/../../../../arm-none-eabi/lib/armv6k/fpu/libg.a(lib_a-strtod.o)
                0x00000000001203f4                _strtod_r
 .text._strtoll_l.constprop.0
                0x0000000000120400      0x22c /opt/devkitpro/devkitARM/bin/../lib/gcc/arm-none-eabi/10.2.0/../../../../arm-none-eabi/lib/armv6k/fpu/libg.a(lib_a-strtoll.o)
 .text._strtoll_r
                0x000000000012062c        0x4 /opt/devkitpro/devkitARM/bin/../lib/gcc/arm-none-eabi/10.2.0/../../../../arm-none-eabi/lib/armv6k/fpu/libg.a(lib_a-strtoll.o)
                0x000000000012062c                _strtoll_r
 .text._strtol_l.part.0
                0x0000000000120630      0x1b0 /opt/devkitpro/devkitARM/bin/../lib/gcc/arm-none-eabi/10.2.0/../../../../arm-none-eabi/lib/armv6k/fpu/libg.a(lib_a-strtol.o)
 .text._strtol_r
                0x00000000001207e0       0x3c /opt/devkitpro/devkitARM/bin/../lib/gcc/arm-none-eabi/10.2.0/../../../../arm-none-eabi/lib/armv6k/fpu/libg.a(lib_a-strtol.o)
                0x00000000001207e0                _strtol_r
 .text._strtoull_l.constprop.0
                0x000000000012081c      0x244 /opt/devkitpro/devkitARM/bin/../lib/gcc/arm-none-eabi/10.2.0/../../../../arm-none-eabi/lib/armv6k/fpu/libg.a(lib_a-strtoull.o)
 .text._strtoull_r
                0x0000000000120a60        0x4 /opt/devkitpro/devkitARM/bin/../lib/gcc/arm-none-eabi/10.2.0/../../../../arm-none-eabi/lib/armv6k/fpu/libg.a(lib_a-strtoull.o)
                0x0000000000120a60                _strtoull_r
 .text._strtoul_l.constprop.0
                0x0000000000120a64      0x1c8 /opt/devkitpro/devkitARM/bin/../lib/gcc/arm-none-eabi/10.2.0/../../../../arm-none-eabi/lib/armv6k/fpu/libg.a(lib_a-strtoul.o)
 .text._strtoul_r
                0x0000000000120c2c        0x4 /opt/devkitpro/devkitARM/bin/../lib/gcc/arm-none-eabi/10.2.0/../../../../arm-none-eabi/lib/armv6k/fpu/libg.a(lib_a-strtoul.o)
                0x0000000000120c2c                _strtoul_r
 .text.__ssprint_r
                0x0000000000120c30      0x188 /opt/devkitpro/devkitARM/bin/../lib/gcc/arm-none-eabi/10.2.0/../../../../arm-none-eabi/lib/armv6k/fpu/libg.a(lib_a-svfiprintf.o)
                0x0000000000120c30                __ssprint_r
 .text._sungetc_r
                0x0000000000120db8       0xe0 /opt/devkitpro/devkitARM/bin/../lib/gcc/arm-none-eabi/10.2.0/../../../../arm-none-eabi/lib/armv6k/fpu/libg.a(lib_a-svfiscanf.o)
                0x0000000000120db8                _sungetc_r
 .text.__ssrefill_r
                0x0000000000120e98       0x6c /opt/devkitpro/devkitARM/bin/../lib/gcc/arm-none-eabi/10.2.0/../../../../arm-none-eabi/lib/armv6k/fpu/libg.a(lib_a-svfiscanf.o)
                0x0000000000120e98                __ssrefill_r
 .text._sfread_r
                0x0000000000120f04       0xc8 /opt/devkitpro/devkitARM/bin/../lib/gcc/arm-none-eabi/10.2.0/../../../../arm-none-eabi/lib/armv6k/fpu/libg.a(lib_a-svfiscanf.o)
                0x0000000000120f04                _sfread_r
 .text.get_arg  0x0000000000120fcc      0x64c /opt/devkitpro/devkitARM/bin/../lib/gcc/arm-none-eabi/10.2.0/../../../../arm-none-eabi/lib/armv6k/fpu/libg.a(lib_a-svfprintf.o)
 .text._svfprintf_r
                0x0000000000121618     0x3808 /opt/devkitpro/devkitARM/bin/../lib/gcc/arm-none-eabi/10.2.0/../../../../arm-none-eabi/lib/armv6k/fpu/libg.a(lib_a-svfprintf.o)
                0x0000000000121618                _svfprintf_r
 .text.__submore
                0x0000000000124e20       0xa8 /opt/devkitpro/devkitARM/bin/../lib/gcc/arm-none-eabi/10.2.0/../../../../arm-none-eabi/lib/armv6k/fpu/libg.a(lib_a-ungetc.o)
                0x0000000000124e20                __submore
 .text._wcsnrtombs_l
                0x0000000000124ec8      0x190 /opt/devkitpro/devkitARM/bin/../lib/gcc/arm-none-eabi/10.2.0/../../../../arm-none-eabi/lib/armv6k/fpu/libg.a(lib_a-wcsnrtombs.o)
                0x0000000000124ec8                _wcsnrtombs_l
 .text._wcsnrtombs_r
                0x0000000000125058       0x4c /opt/devkitpro/devkitARM/bin/../lib/gcc/arm-none-eabi/10.2.0/../../../../arm-none-eabi/lib/armv6k/fpu/libg.a(lib_a-wcsnrtombs.o)
                0x0000000000125058                _wcsnrtombs_r
 .text.__utf8_wctomb
                0x00000000001250a4       0xf0 /opt/devkitpro/devkitARM/bin/../lib/gcc/arm-none-eabi/10.2.0/../../../../arm-none-eabi/lib/armv6k/fpu/libg.a(lib_a-wctomb_r.o)
                0x00000000001250a4                __utf8_wctomb
 .text.__assert_func
                0x0000000000125194       0x5c /opt/devkitpro/devkitARM/bin/../lib/gcc/arm-none-eabi/10.2.0/../../../../arm-none-eabi/lib/armv6k/fpu/libg.a(lib_a-assert.o)
                0x0000000000125194                __assert_func
 .text._fclose_r
                0x00000000001251f0      0x160 /opt/devkitpro/devkitARM/bin/../lib/gcc/arm-none-eabi/10.2.0/../../../../arm-none-eabi/lib/armv6k/fpu/libg.a(lib_a-fclose.o)
                0x00000000001251f0                _fclose_r
 .text.fiprintf
                0x0000000000125350       0x3c /opt/devkitpro/devkitARM/bin/../lib/gcc/arm-none-eabi/10.2.0/../../../../arm-none-eabi/lib/armv6k/fpu/libg.a(lib_a-fiprintf.o)
                0x0000000000125350                fiprintf
 .text.rshift   0x000000000012538c       0xec /opt/devkitpro/devkitARM/bin/../lib/gcc/arm-none-eabi/10.2.0/../../../../arm-none-eabi/lib/armv6k/fpu/libg.a(lib_a-gdtoa-gethex.o)
 .text.__gethex
                0x0000000000125478      0x928 /opt/devkitpro/devkitARM/bin/../lib/gcc/arm-none-eabi/10.2.0/../../../../arm-none-eabi/lib/armv6k/fpu/libg.a(lib_a-gdtoa-gethex.o)
                0x0000000000125478                __gethex
 .text.__match  0x0000000000125da0       0x4c /opt/devkitpro/devkitARM/bin/../lib/gcc/arm-none-eabi/10.2.0/../../../../arm-none-eabi/lib/armv6k/fpu/libg.a(lib_a-gdtoa-hexnan.o)
                0x0000000000125da0                __match
 .text.__hexnan
                0x0000000000125dec      0x29c /opt/devkitpro/devkitARM/bin/../lib/gcc/arm-none-eabi/10.2.0/../../../../arm-none-eabi/lib/armv6k/fpu/libg.a(lib_a-gdtoa-hexnan.o)
                0x0000000000125dec                __hexnan
 .text.iswspace_l
                0x0000000000126088       0x3c /opt/devkitpro/devkitARM/bin/../lib/gcc/arm-none-eabi/10.2.0/../../../../arm-none-eabi/lib/armv6k/fpu/libg.a(lib_a-iswspace_l.o)
                0x0000000000126088                iswspace_l
 .text.__jp2uc  0x00000000001260c4      0x1d4 /opt/devkitpro/devkitARM/bin/../lib/gcc/arm-none-eabi/10.2.0/../../../../arm-none-eabi/lib/armv6k/fpu/libg.a(lib_a-jp2uc.o)
 .text._jp2uc_l
                0x0000000000126298       0x9c /opt/devkitpro/devkitARM/bin/../lib/gcc/arm-none-eabi/10.2.0/../../../../arm-none-eabi/lib/armv6k/fpu/libg.a(lib_a-jp2uc.o)
                0x0000000000126298                _jp2uc_l
 *fill*         0x0000000000126334        0x4 
 .text.nan      0x0000000000126338       0x10 /opt/devkitpro/devkitARM/bin/../lib/gcc/arm-none-eabi/10.2.0/../../../../arm-none-eabi/lib/armv6k/fpu/libg.a(lib_a-s_nan.o)
                0x0000000000126338                nan
 .text.abort    0x0000000000126348       0x14 /opt/devkitpro/devkitARM/bin/../lib/gcc/arm-none-eabi/10.2.0/../../../../arm-none-eabi/lib/armv6k/fpu/libg.a(lib_a-abort.o)
                0x0000000000126348                abort
 .text.category
                0x000000000012635c       0x84 /opt/devkitpro/devkitARM/bin/../lib/gcc/arm-none-eabi/10.2.0/../../../../arm-none-eabi/lib/armv6k/fpu/libg.a(lib_a-categories.o)
                0x000000000012635c                category
 .text._raise_r
                0x00000000001263e0       0x98 /opt/devkitpro/devkitARM/bin/../lib/gcc/arm-none-eabi/10.2.0/../../../../arm-none-eabi/lib/armv6k/fpu/libg.a(lib_a-signal.o)
                0x00000000001263e0                _raise_r
 .text.raise    0x0000000000126478       0x20 /opt/devkitpro/devkitARM/bin/../lib/gcc/arm-none-eabi/10.2.0/../../../../arm-none-eabi/lib/armv6k/fpu/libg.a(lib_a-signal.o)
                0x0000000000126478                raise
 .text.null_write
                0x0000000000126498        0x8 /opt/devkitpro/devkitARM/bin/../lib/gcc/arm-none-eabi/10.2.0/../../../../arm-none-eabi/lib/armv6k/fpu/libsysbase.a(iosupport.o)
 .text.setDefaultDevice
                0x00000000001264a0       0x18 /opt/devkitpro/devkitARM/bin/../lib/gcc/arm-none-eabi/10.2.0/../../../../arm-none-eabi/lib/armv6k/fpu/libsysbase.a(iosupport.o)
                0x00000000001264a0                setDefaultDevice
 .text.FindDevice
                0x00000000001264b8       0xc8 /opt/devkitpro/devkitARM/bin/../lib/gcc/arm-none-eabi/10.2.0/../../../../arm-none-eabi/lib/armv6k/fpu/libsysbase.a(iosupport.o)
                0x00000000001264b8                FindDevice
 .text.RemoveDevice
                0x0000000000126580       0x28 /opt/devkitpro/devkitARM/bin/../lib/gcc/arm-none-eabi/10.2.0/../../../../arm-none-eabi/lib/armv6k/fpu/libsysbase.a(iosupport.o)
                0x0000000000126580                RemoveDevice
 .text.AddDevice
                0x00000000001265a8       0x9c /opt/devkitpro/devkitARM/bin/../lib/gcc/arm-none-eabi/10.2.0/../../../../arm-none-eabi/lib/armv6k/fpu/libsysbase.a(iosupport.o)
                0x00000000001265a8                AddDevice
 .text.GetDeviceOpTab
                0x0000000000126644       0x20 /opt/devkitpro/devkitARM/bin/../lib/gcc/arm-none-eabi/10.2.0/../../../../arm-none-eabi/lib/armv6k/fpu/libsysbase.a(iosupport.o)
                0x0000000000126644                GetDeviceOpTab
 .text._fstat_r
                0x0000000000126664       0x78 /opt/devkitpro/devkitARM/bin/../lib/gcc/arm-none-eabi/10.2.0/../../../../arm-none-eabi/lib/armv6k/fpu/libsysbase.a(fstat.o)
                0x0000000000126664                _fstat_r
 .text._getpid_r
                0x00000000001266dc       0x14 /opt/devkitpro/devkitARM/bin/../lib/gcc/arm-none-eabi/10.2.0/../../../../arm-none-eabi/lib/armv6k/fpu/libsysbase.a(getpid.o)
                0x00000000001266dc                _getpid_r
 .text._isatty_r
                0x00000000001266f0        0x8 /opt/devkitpro/devkitARM/bin/../lib/gcc/arm-none-eabi/10.2.0/../../../../arm-none-eabi/lib/armv6k/fpu/libsysbase.a(isatty.o)
                0x00000000001266f0                _isatty_r
 .text._kill_r  0x00000000001266f8       0x14 /opt/devkitpro/devkitARM/bin/../lib/gcc/arm-none-eabi/10.2.0/../../../../arm-none-eabi/lib/armv6k/fpu/libsysbase.a(kill.o)
                0x00000000001266f8                _kill_r
 .text._lseek_r
                0x000000000012670c       0x84 /opt/devkitpro/devkitARM/bin/../lib/gcc/arm-none-eabi/10.2.0/../../../../arm-none-eabi/lib/armv6k/fpu/libsysbase.a(lseek.o)
                0x000000000012670c                _lseek_r
 .text._read_r  0x0000000000126790       0x80 /opt/devkitpro/devkitARM/bin/../lib/gcc/arm-none-eabi/10.2.0/../../../../arm-none-eabi/lib/armv6k/fpu/libsysbase.a(read.o)
                0x0000000000126790                _read_r
 .text._sbrk_r  0x0000000000126810       0x78 /opt/devkitpro/devkitARM/bin/../lib/gcc/arm-none-eabi/10.2.0/../../../../arm-none-eabi/lib/armv6k/fpu/libsysbase.a(sbrk.o)
                0x0000000000126810                _sbrk_r
 .text._write_r
                0x0000000000126888       0x80 /opt/devkitpro/devkitARM/bin/../lib/gcc/arm-none-eabi/10.2.0/../../../../arm-none-eabi/lib/armv6k/fpu/libsysbase.a(write.o)
                0x0000000000126888                _write_r
 .text._exit    0x0000000000126908       0x24 /opt/devkitpro/devkitARM/bin/../lib/gcc/arm-none-eabi/10.2.0/../../../../arm-none-eabi/lib/armv6k/fpu/libsysbase.a(_exit.o)
                0x0000000000126908                _exit
 .text._concatenate_path